Archive member included because of file (symbol)

contiki-sky.a(powertrace.o)   example-waco-srdcp-30.co (powertrace_start)
contiki-sky.a(contiki-sky-pla)
                              obj_sky/contiki-sky-main.o (init_platform)
contiki-sky.a(battery-sensor.)
                              example-waco-srdcp-30.co (battery_sensor)
contiki-sky.a(ds2411.o)       obj_sky/contiki-sky-main.o (ds2411_init)
contiki-sky.a(xmem.o)         obj_sky/contiki-sky-main.o (xmem_init)
contiki-sky.a(node-id.o)      obj_sky/contiki-sky-main.o (node_id_restore)
contiki-sky.a(sensors.o)      contiki-sky.a(contiki-sky-pla) (sensors_process)
contiki-sky.a(cc2420.o)       obj_sky/contiki-sky-main.o (cc2420_set_pan_addr)
contiki-sky.a(cc2420-arch.o)  contiki-sky.a(cc2420.o) (cc2420_arch_init)
contiki-sky.a(sky-sensors.o)  contiki-sky.a(battery-sensor.) (sky_sensors_status)
contiki-sky.a(uart1.o)        obj_sky/contiki-sky-main.o (uart1_active)
contiki-sky.a(uart1-putchar.o)
                              obj_sky/contiki-sky-main.o (putchar)
contiki-sky.a(msp430.o)       contiki-sky.a(uart1.o) (msp430_add_lpm_req)
contiki-sky.a(clock.o)        example-waco-srdcp-30.co (clock_time)
contiki-sky.a(leds.o)         obj_sky/contiki-sky-main.o (leds_init)
contiki-sky.a(leds-arch.o)    contiki-sky.a(leds.o) (leds_arch_init)
contiki-sky.a(watchdog.o)     obj_sky/contiki-sky-main.o (watchdog_start)
contiki-sky.a(rtimer-arch.o)  obj_sky/contiki-sky-main.o (rtimer_arch_now)
contiki-sky.a(autostart.o)    obj_sky/contiki-sky-main.o (autostart_start)
contiki-sky.a(compower.o)     contiki-sky.a(powertrace.o) (compower_idle_activity)
contiki-sky.a(ctimer.o)       obj_sky/contiki-sky-main.o (ctimer_init)
contiki-sky.a(energest.o)     obj_sky/contiki-sky-main.o (energest_init)
contiki-sky.a(etimer.o)       contiki-sky.a(clock.o) (etimer_request_poll)
contiki-sky.a(process.o)      contiki-sky.a(ctimer.o) (process_current)
contiki-sky.a(rtimer.o)       obj_sky/contiki-sky-main.o (rtimer_init)
contiki-sky.a(timer.o)        obj_sky/contiki-sky-main.o (timer_set)
contiki-sky.a(serial-line.o)  obj_sky/contiki-sky-main.o (serial_line_input_byte)
contiki-sky.a(list.o)         contiki-sky.a(ctimer.o) (list_init)
contiki-sky.a(memb.o)         contiki-sky.a(powertrace.o) (memb_alloc)
contiki-sky.a(random.o)       obj_sky/contiki-sky-main.o (random_init)
contiki-sky.a(ringbuf.o)      contiki-sky.a(serial-line.o) (ringbuf_init)
contiki-sky.a(broadcast.o)    obj_sky/my_collect.o (broadcast_open)
contiki-sky.a(channel.o)      contiki-sky.a(broadcast.o) (channel_set_attributes)
contiki-sky.a(rime.o)         contiki-sky.a(powertrace.o) (rime_sniffer_add)
contiki-sky.a(rimestats.o)    contiki-sky.a(cc2420.o) (rimestats)
contiki-sky.a(unicast.o)      obj_sky/my_collect.o (unicast_open)
contiki-sky.a(csma.o)         obj_sky/contiki-sky-main.o (csma_driver)
contiki-sky.a(mac.o)          contiki-sky.a(csma.o) (mac_call_sent_callback)
contiki-sky.a(linkaddr.o)     example-waco-srdcp-30.co (linkaddr_copy)
contiki-sky.a(packetbuf.o)    obj_sky/my_collect.o (packetbuf_hdrreduce)
contiki-sky.a(queuebuf.o)     contiki-sky.a(rime.o) (queuebuf_init)
contiki-sky.a(contikimac.o)   obj_sky/contiki-sky-main.o (contikimac_driver)
contiki-sky.a(nullsec.o)      obj_sky/contiki-sky-main.o (nullsec_driver)
contiki-sky.a(wur.o)          contiki-sky.a(sensors.o) (sensors_flags)
contiki-sky.a(spi.o)          contiki-sky.a(xmem.o) (spi_init)
contiki-sky.a(abc.o)          contiki-sky.a(broadcast.o) (abc_open)
contiki-sky.a(announcement.o)
                              contiki-sky.a(rime.o) (announcement_init)
contiki-sky.a(broadcast-annou)
                              contiki-sky.a(rime.o) (broadcast_announcement_init)
contiki-sky.a(chameleon.o)    contiki-sky.a(rime.o) (chameleon_init)
contiki-sky.a(mac-sequence.o)
                              contiki-sky.a(contikimac.o) (mac_sequence_is_duplicate)
contiki-sky.a(contikimac-fram)
                              contiki-sky.a(contikimac.o) (contikimac_framer)
contiki-sky.a(chameleon-bitop)
                              contiki-sky.a(chameleon.o) (chameleon_bitopt)
contiki-sky.a(framer-802154.o)
                              contiki-sky.a(contikimac-fram) (framer_802154)
contiki-sky.a(frame802154.o)  contiki-sky.a(framer-802154.o) (frame802154_get_pan_id)
/opt/compilers/mspgcc-4.7.3/bin/../lib/gcc/msp430/4.7.3/mmpy-16/libgcc.a(_mulsi3.o)
                              example-waco-srdcp-30.co (__mulsi3)
/opt/compilers/mspgcc-4.7.3/bin/../lib/gcc/msp430/4.7.3/mmpy-16/libgcc.a(_udivmod16.o)
                              obj_sky/my_collect.o (__udivhi3)
/opt/compilers/mspgcc-4.7.3/bin/../lib/gcc/msp430/4.7.3/mmpy-16/libgcc.a(_udivmod32.o)
                              example-waco-srdcp-30.co (__udivsi3)
/opt/compilers/mspgcc-4.7.3/bin/../lib/gcc/msp430/4.7.3/../../../../msp430/lib/mmpy-16/libc.a(printf.o)
                              example-waco-srdcp-30.co (printf)
[...]
Memory Configuration

Name             Origin             Length             Attributes
sfr              0x0000000000000000 0x0000000000000010
peripheral_8bit  0x0000000000000010 0x00000000000000f0
peripheral_16bit 0x0000000000000100 0x0000000000000100
ram_mirror       0x0000000000000200 0x0000000000000800 xw
infomem          0x0000000000001000 0x0000000000000100
infob            0x0000000000001000 0x0000000000000080
infoa            0x0000000000001080 0x0000000000000080
ram              0x0000000000001100 0x0000000000002800 xw
rom              0x0000000000004000 0x000000000000bfe0 xr
vectors          0x000000000000ffe0 0x0000000000000020
bsl              0x0000000000000000 0x0000000000000000
infoc            0x0000000000000000 0x0000000000000000
infod            0x0000000000000000 0x0000000000000000
ram2             0x0000000000000000 0x0000000000000000 xw
usbram           0x0000000000000000 0x0000000000000000 xw
far_rom          0x0000000000000000 0x0000000000000000
*default*        0x0000000000000000 0xffffffffffffffff

Linker script and memory map

LOAD /opt/compilers/mspgcc-4.7.3/bin/../lib/gcc/msp430/4.7.3/mmpy-16/crt0ivtbl16.o
LOAD example-waco-srdcp-30.co
LOAD obj_sky/my_collect.o
LOAD obj_sky/routing_table.o
LOAD obj_sky/topology_report.o
LOAD obj_sky/contiki-sky-main.o
LOAD contiki-sky.a
LOAD /opt/compilers/mspgcc-4.7.3/bin/../lib/gcc/msp430/4.7.3/mmpy-16/libgcc.a
LOAD /opt/compilers/mspgcc-4.7.3/bin/../lib/gcc/msp430/4.7.3/../../../../msp430/lib/mmpy-16/libc.a
LOAD /opt/compilers/mspgcc-4.7.3/bin/../lib/gcc/msp430/4.7.3/mmpy-16/libgcc.a
LOAD /opt/compilers/mspgcc-4.7.3/bin/../lib/gcc/msp430/4.7.3/mmpy-16/libcrt0.a
                0x0000000000000080                PROVIDE (__info_segment_size, 0x80)
                0x0000000000001000                PROVIDE (__infob, 0x1000)
                0x0000000000001080                PROVIDE (__infoa, 0x1080)
                0x0000000000000000                __IE1 = 0x0
                0x0000000000000002                __IFG1 = 0x2
                0x0000000000000004                __ME1 = 0x4
                0x0000000000000001                __IE2 = 0x1
                0x0000000000000003                __IFG2 = 0x3
                0x0000000000000005                __ME2 = 0x5
                0x0000000000000120                __WDTCTL = 0x120
                0x0000000000000130                __MPY = 0x130
                0x0000000000000132                __MPYS = 0x132
                0x0000000000000134                __MAC = 0x134
                0x0000000000000136                __MACS = 0x136
                0x0000000000000138                __OP2 = 0x138
                0x000000000000013a                __RESLO = 0x13a
                0x000000000000013c                __RESHI = 0x13c
                0x000000000000013e                __SUMEXT = 0x13e
                0x0000000000000020                __P1IN = 0x20
                0x0000000000000021                __P1OUT = 0x21
                0x0000000000000022                __P1DIR = 0x22
                0x0000000000000023                __P1IFG = 0x23
                0x0000000000000024                __P1IES = 0x24
                0x0000000000000025                __P1IE = 0x25
                0x0000000000000026                __P1SEL = 0x26
                0x0000000000000028                __P2IN = 0x28
                0x0000000000000029                __P2OUT = 0x29
                0x000000000000002a                __P2DIR = 0x2a
                0x000000000000002b                __P2IFG = 0x2b
                0x000000000000002c                __P2IES = 0x2c
                0x000000000000002d                __P2IE = 0x2d
                0x000000000000002e                __P2SEL = 0x2e
                0x0000000000000018                __P3IN = 0x18
                0x0000000000000019                __P3OUT = 0x19
                0x000000000000001a                __P3DIR = 0x1a
                0x000000000000001b                __P3SEL = 0x1b
                0x000000000000001c                __P4IN = 0x1c
                0x000000000000001d                __P4OUT = 0x1d
                0x000000000000001e                __P4DIR = 0x1e
                0x000000000000001f                __P4SEL = 0x1f
                0x0000000000000030                __P5IN = 0x30
                0x0000000000000031                __P5OUT = 0x31
                0x0000000000000032                __P5DIR = 0x32
                0x0000000000000033                __P5SEL = 0x33
                0x0000000000000034                __P6IN = 0x34
                0x0000000000000035                __P6OUT = 0x35
                0x0000000000000036                __P6DIR = 0x36
                0x0000000000000037                __P6SEL = 0x37
                0x0000000000000070                __U0CTL = 0x70
                0x0000000000000071                __U0TCTL = 0x71
                0x0000000000000072                __U0RCTL = 0x72
                0x0000000000000073                __U0MCTL = 0x73
                0x0000000000000074                __U0BR0 = 0x74
                0x0000000000000075                __U0BR1 = 0x75
                0x0000000000000076                __U0RXBUF = 0x76
                0x0000000000000077                __U0TXBUF = 0x77
                0x0000000000000078                __U1CTL = 0x78
                0x0000000000000079                __U1TCTL = 0x79
                0x000000000000007a                __U1RCTL = 0x7a
                0x000000000000007b                __U1MCTL = 0x7b
                0x000000000000007c                __U1BR0 = 0x7c
                0x000000000000007d                __U1BR1 = 0x7d
                0x000000000000007e                __U1RXBUF = 0x7e
                0x000000000000007f                __U1TXBUF = 0x7f
                0x0000000000000050                __I2CIE = 0x50
                0x0000000000000051                __I2CIFG = 0x51
                0x0000000000000052                __I2CNDAT = 0x52
                0x0000000000000071                __I2CTCTL = 0x71
                0x0000000000000072                __I2CDCTL = 0x72
                0x0000000000000073                __I2CPSC = 0x73
                0x0000000000000074                __I2CSCLH = 0x74
                0x0000000000000075                __I2CSCLL = 0x75
                0x0000000000000076                __I2CDRB = 0x76
                0x0000000000000076                __I2CDRW = 0x76
                0x0000000000000118                __I2COA = 0x118
                0x000000000000011a                __I2CSA = 0x11a
                0x000000000000011c                __I2CIV = 0x11c
                0x000000000000012e                __TAIV = 0x12e
                0x0000000000000160                __TACTL = 0x160
                0x0000000000000162                __TACCTL0 = 0x162
                0x0000000000000164                __TACCTL1 = 0x164
                0x0000000000000166                __TACCTL2 = 0x166
                0x0000000000000170                __TAR = 0x170
                0x0000000000000172                __TACCR0 = 0x172
                0x0000000000000174                __TACCR1 = 0x174
                0x0000000000000176                __TACCR2 = 0x176
                0x000000000000011e                __TBIV = 0x11e
                0x0000000000000180                __TBCTL = 0x180
                0x0000000000000182                __TBCCTL0 = 0x182
                0x0000000000000184                __TBCCTL1 = 0x184
                0x0000000000000186                __TBCCTL2 = 0x186
                0x0000000000000188                __TBCCTL3 = 0x188
                0x000000000000018a                __TBCCTL4 = 0x18a
                0x000000000000018c                __TBCCTL5 = 0x18c
                0x000000000000018e                __TBCCTL6 = 0x18e
                0x0000000000000190                __TBR = 0x190
                0x0000000000000192                __TBCCR0 = 0x192
                0x0000000000000194                __TBCCR1 = 0x194
                0x0000000000000196                __TBCCR2 = 0x196
                0x0000000000000198                __TBCCR3 = 0x198
                0x000000000000019a                __TBCCR4 = 0x19a
                0x000000000000019c                __TBCCR5 = 0x19c
                0x000000000000019e                __TBCCR6 = 0x19e
                0x0000000000000056                __DCOCTL = 0x56
                0x0000000000000057                __BCSCTL1 = 0x57
                0x0000000000000058                __BCSCTL2 = 0x58
                0x0000000000000055                __SVSCTL = 0x55
                0x0000000000000128                __FCTL1 = 0x128
                0x000000000000012a                __FCTL2 = 0x12a
                0x000000000000012c                __FCTL3 = 0x12c
                0x0000000000000059                __CACTL1 = 0x59
                0x000000000000005a                __CACTL2 = 0x5a
                0x000000000000005b                __CAPD = 0x5b
                0x00000000000001a0                __ADC12CTL0 = 0x1a0
                0x00000000000001a2                __ADC12CTL1 = 0x1a2
                0x00000000000001a4                __ADC12IFG = 0x1a4
                0x00000000000001a6                __ADC12IE = 0x1a6
                0x00000000000001a8                __ADC12IV = 0x1a8
                0x0000000000000140                __ADC12MEM0 = 0x140
                0x0000000000000142                __ADC12MEM1 = 0x142
                0x0000000000000144                __ADC12MEM2 = 0x144
                0x0000000000000146                __ADC12MEM3 = 0x146
                0x0000000000000148                __ADC12MEM4 = 0x148
                0x000000000000014a                __ADC12MEM5 = 0x14a
                0x000000000000014c                __ADC12MEM6 = 0x14c
                0x000000000000014e                __ADC12MEM7 = 0x14e
                0x0000000000000150                __ADC12MEM8 = 0x150
                0x0000000000000152                __ADC12MEM9 = 0x152
                0x0000000000000154                __ADC12MEM10 = 0x154
                0x0000000000000156                __ADC12MEM11 = 0x156
                0x0000000000000158                __ADC12MEM12 = 0x158
                0x000000000000015a                __ADC12MEM13 = 0x15a
                0x000000000000015c                __ADC12MEM14 = 0x15c
                0x000000000000015e                __ADC12MEM15 = 0x15e
                0x0000000000000080                __ADC12MCTL0 = 0x80
                0x0000000000000081                __ADC12MCTL1 = 0x81
                0x0000000000000082                __ADC12MCTL2 = 0x82
                0x0000000000000083                __ADC12MCTL3 = 0x83
                0x0000000000000084                __ADC12MCTL4 = 0x84
                0x0000000000000085                __ADC12MCTL5 = 0x85
                0x0000000000000086                __ADC12MCTL6 = 0x86
                0x0000000000000087                __ADC12MCTL7 = 0x87
                0x0000000000000088                __ADC12MCTL8 = 0x88
                0x0000000000000089                __ADC12MCTL9 = 0x89
                0x000000000000008a                __ADC12MCTL10 = 0x8a
                0x000000000000008b                __ADC12MCTL11 = 0x8b
                0x000000000000008c                __ADC12MCTL12 = 0x8c
                0x000000000000008d                __ADC12MCTL13 = 0x8d
                0x000000000000008e                __ADC12MCTL14 = 0x8e
                0x000000000000008f                __ADC12MCTL15 = 0x8f
                0x00000000000001c0                __DAC12_0CTL = 0x1c0
                0x00000000000001c2                __DAC12_1CTL = 0x1c2
                0x00000000000001c8                __DAC12_0DAT = 0x1c8
                0x00000000000001ca                __DAC12_1DAT = 0x1ca
                0x0000000000000122                __DMACTL0 = 0x122
                0x0000000000000124                __DMACTL1 = 0x124
                0x00000000000001e0                __DMA0CTL = 0x1e0
                0x00000000000001e8                __DMA1CTL = 0x1e8
                0x00000000000001f0                __DMA2CTL = 0x1f0
                0x00000000000001e2                __DMA0SA = 0x1e2
                0x00000000000001e4                __DMA0DA = 0x1e4
                0x00000000000001e6                __DMA0SZ = 0x1e6
                0x00000000000001ea                __DMA1SA = 0x1ea
                0x00000000000001ec                __DMA1DA = 0x1ec
                0x00000000000001ee                __DMA1SZ = 0x1ee
                0x00000000000001f2                __DMA2SA = 0x1f2
                0x00000000000001f4                __DMA2DA = 0x1f4
                0x00000000000001f6                __DMA2SZ = 0x1f6

.hash
 *(.hash)

.dynsym
 *(.dynsym)

.dynstr
 *(.dynstr)

.gnu.version
 *(.gnu.version)

.gnu.version_d
 *(.gnu.version_d)

.gnu.version_r
 *(.gnu.version_r)

.rel.init
 *(.rel.init)

.rela.init
 *(.rela.init)

.rel.fini
 *(.rel.fini)

.rela.fini
 *(.rela.fini)

.rel.text
 *(.rel.text .rel.text.* .rel.gnu.linkonce.t.*)

.rela.text
 *(.rela.text .rela.text.* .rela.gnu.linkonce.t.*)

.rel.rodata
 *(.rel.rodata .rel.rodata.* .rel.gnu.linkonce.r.*)

.rela.rodata
 *(.rela.rodata .rela.rodata.* .rela.gnu.linkonce.r.*)

.rel.data
 *(.rel.data .rel.data.* .rel.gnu.linkonce.d.*)

.rela.data
 *(.rela.data .rela.data.* .rela.gnu.linkonce.d.*)

.rel.bss
 *(.rel.bss .rel.bss.* .rel.gnu.linkonce.b.*)

.rela.bss
 *(.rela.bss .rela.bss.* .rela.gnu.linkonce.b.*)

.rel.ctors
 *(.rel.ctors)

.rela.ctors
 *(.rela.ctors)

.rel.dtors
 *(.rel.dtors)

.rela.dtors
 *(.rela.dtors)

.rel.got
 *(.rel.got)

.rela.got
 *(.rela.got)

.rel.plt
 *(.rel.plt)

.rela.plt
 *(.rela.plt)

.text           0x0000000000004000     0x8a8c
                0x0000000000004000                . = ALIGN (0x2)
 *(.init .init.*)
 *(.init0)
 .init0         0x0000000000004000        0x0 /opt/compilers/mspgcc-4.7.3/bin/../lib/gcc/msp430/4.7.3/mmpy-16/libcrt0.a(_reset_vector__.o)
                0x0000000000004000                _reset_vector__
 *(.init1)
 .init1         0x0000000000004000        0xc /opt/compilers/mspgcc-4.7.3/bin/../lib/gcc/msp430/4.7.3/mmpy-16/libcrt0.a(__watchdog_support.o)
                0x0000000000004000                __watchdog_support
 *(.init2)
 .init2         0x000000000000400c        0x4 /opt/compilers/mspgcc-4.7.3/bin/../lib/gcc/msp430/4.7.3/mmpy-16/libcrt0.a(__init_stack.o)
                0x000000000000400c                __init_stack
 *(.init3)
 .init3         0x0000000000004010        0x0 /opt/compilers/mspgcc-4.7.3/bin/../lib/gcc/msp430/4.7.3/mmpy-16/libcrt0.a(__low_level_init.o)
                0x0000000000004010                __low_level_init
 *(.init4)
 .init4         0x0000000000004010       0x18 /opt/compilers/mspgcc-4.7.3/bin/../lib/gcc/msp430/4.7.3/mmpy-16/libcrt0.a(_copy_data.o)
                0x0000000000004010                __do_copy_data
 .init4         0x0000000000004028       0x16 /opt/compilers/mspgcc-4.7.3/bin/../lib/gcc/msp430/4.7.3/mmpy-16/libcrt0.a(_clear_bss.o)
                0x0000000000004028                __do_clear_bss
 *(.init5)
 *(.init6)
 *(.init7)
 *(.init8)
 *(.init9)
 .init9         0x000000000000403e      0x2d8 obj_sky/contiki-sky-main.o
                0x000000000000403e                main
 *(.fini9)
 .fini9         0x0000000000004316        0x0 /opt/compilers/mspgcc-4.7.3/bin/../lib/gcc/msp430/4.7.3/mmpy-16/libcrt0.a(__stop_progExec__.o)
                0x0000000000004316                __stop_progExec__
 *(.fini8)
 *(.fini7)
 *(.fini6)
 *(.fini5)
 *(.fini4)
 *(.fini3)
 *(.fini2)
 *(.fini1)
 *(.fini0)
 .fini0         0x0000000000004316        0x6 /opt/compilers/mspgcc-4.7.3/bin/../lib/gcc/msp430/4.7.3/mmpy-16/libcrt0.a(_endless_loop__.o)
                0x0000000000004316                _endless_loop__
 *(.fini .fini.*)
                0x000000000000431c                . = ALIGN (0x2)
                0x000000000000431c                __ctors_start = .
 *(.ctors)
                0x000000000000431c                __ctors_end = .
                0x000000000000431c                __dtors_start = .
 *(.dtors)
                0x000000000000431c                __dtors_end = .
                0x000000000000431c                . = ALIGN (0x2)
 *(.text .text.* .gnu.linkonce.t.*)
 .text          0x000000000000431c        0x4 /opt/compilers/mspgcc-4.7.3/bin/../lib/gcc/msp430/4.7.3/mmpy-16/crt0ivtbl16.o
                0x000000000000431c                __isr_14
                0x000000000000431c                __isr_11
                0x000000000000431c                __isr_2
                0x000000000000431c                __isr_7
                0x000000000000431c                __isr_0
                0x000000000000431c                __isr_8
                0x000000000000431c                __isr_3
                0x000000000000431c                __isr_12
                0x000000000000431c                __isr_13
                0x000000000000431c                __isr_9
 .text.nei_credit_aging
                0x0000000000004320       0x70 example-waco-srdcp-30.co
 .text.nei_print_csv_all
                0x0000000000004390      0x2ca example-waco-srdcp-30.co
 .text.pdr_dl_print_csv
                0x000000000000465a      0x15c example-waco-srdcp-30.co
 .text.process_thread_example_runicast_srdcp_process
                0x00000000000047b6      0x492 example-waco-srdcp-30.co
 .text.nei_lookup_or_add
                0x0000000000004c48       0xee example-waco-srdcp-30.co
 .text.nei_update_from_rx
                0x0000000000004d36       0x48 example-waco-srdcp-30.co
 .text.sr_recv_cb
                0x0000000000004d7e      0x1c0 example-waco-srdcp-30.co
 .text.recv_cb  0x0000000000004f3e      0x42a example-waco-srdcp-30.co
 .text.srdcp_app_beacon_observed
                0x0000000000005368       0x46 example-waco-srdcp-30.co
                0x0000000000005368                srdcp_app_beacon_observed
 .text.srdcp_app_battery_mv
                0x00000000000053ae       0x2a example-waco-srdcp-30.co
                0x00000000000053ae                srdcp_app_battery_mv
 .text.srdcp_app_queue_load_percent
                0x00000000000053d8       0x3e example-waco-srdcp-30.co
                0x00000000000053d8                srdcp_app_queue_load_percent
 .text.srdcp_app_last_ul_delay_ticks
                0x0000000000005416        0x4 example-waco-srdcp-30.co
                0x0000000000005416                srdcp_app_last_ul_delay_ticks
 .text.srdcp_app_last_dl_delay_ticks
                0x000000000000541a        0xe example-waco-srdcp-30.co
                0x000000000000541a                srdcp_app_last_dl_delay_ticks
 .text.prr_percent
                0x0000000000005428       0xe2 obj_sky/my_collect.o
 .text.graph_lookup_or_create
                0x000000000000550a       0xc4 obj_sky/my_collect.o
 .text.my_collect_prr_percent
                0x00000000000055ce        0x6 obj_sky/my_collect.o
                0x00000000000055ce                my_collect_prr_percent
 .text.my_collect_open
                0x00000000000055d4       0x9a obj_sky/my_collect.o
                0x00000000000055d4                my_collect_open
 .text.send_beacon
                0x000000000000566e       0x52 obj_sky/my_collect.o
                0x000000000000566e                send_beacon
 .text.beacon_timer_cb
                0x00000000000056c0       0x2e obj_sky/my_collect.o
                0x00000000000056c0                beacon_timer_cb
 .text.sr_send  0x00000000000056ee       0xbc obj_sky/my_collect.o
                0x00000000000056ee                sr_send
 .text.check_address_in_piggyback_block
                0x00000000000057aa       0x84 obj_sky/my_collect.o
                0x00000000000057aa                check_address_in_piggyback_block
 .text.forward_upward_data
                0x000000000000582e      0x432 obj_sky/my_collect.o
                0x000000000000582e                forward_upward_data
 .text.forward_downward_data
                0x0000000000005c60       0xde obj_sky/my_collect.o
                0x0000000000005c60                forward_downward_data
 .text.uc_recv  0x0000000000005d3e       0xaa obj_sky/my_collect.o
                0x0000000000005d3e                uc_recv
 .text.bc_recv  0x0000000000005de8      0x6b8 obj_sky/my_collect.o
                0x0000000000005de8                bc_recv
 .text.my_collect_send
                0x00000000000064a0      0x318 obj_sky/my_collect.o
                0x00000000000064a0                my_collect_send
 .text.node_index_of
                0x00000000000067b8       0x36 obj_sky/routing_table.o
 .text.ensure_node.constprop.3
                0x00000000000067ee       0xb4 obj_sky/routing_table.o
 .text.print_dict_state
                0x00000000000068a2       0x42 obj_sky/routing_table.o
                0x00000000000068a2                print_dict_state
 .text.dict_find_index
                0x00000000000068e4       0x48 obj_sky/routing_table.o
                0x00000000000068e4                dict_find_index
 .text.dict_find
                0x000000000000692c       0x2e obj_sky/routing_table.o
                0x000000000000692c                dict_find
 .text.dict_add
                0x000000000000695a       0xb4 obj_sky/routing_table.o
                0x000000000000695a                dict_add
 .text.init_routing_path
                0x0000000000006a0e       0x26 obj_sky/routing_table.o
                0x0000000000006a0e                init_routing_path
 .text.find_route_graph
                0x0000000000006a34      0x460 obj_sky/routing_table.o
 .text.already_in_route
                0x0000000000006e94       0x3c obj_sky/routing_table.o
                0x0000000000006e94                already_in_route
 .text.print_route
                0x0000000000006ed0       0x4c obj_sky/routing_table.o
                0x0000000000006ed0                print_route
 .text.find_route
                0x0000000000006f1c       0xba obj_sky/routing_table.o
                0x0000000000006f1c                find_route
 .text.check_topology_report_address
                0x0000000000006fd6       0x80 obj_sky/topology_report.o
                0x0000000000006fd6                check_topology_report_address
 .text.send_topology_report
                0x0000000000007056      0x11c obj_sky/topology_report.o
                0x0000000000007056                send_topology_report
 .text.topology_report_hold_cb
                0x0000000000007172       0x12 obj_sky/topology_report.o
                0x0000000000007172                topology_report_hold_cb
 .text.deliver_topology_report_to_sink
                0x0000000000007184       0xac obj_sky/topology_report.o
                0x0000000000007184                deliver_topology_report_to_sink
 .text.sniffprint
                0x0000000000007230       0x72 contiki-sky.a(powertrace.o)
 .text.output_printsniffer
                0x00000000000072a2       0x16 contiki-sky.a(powertrace.o)
 .text.add_stats
                0x00000000000072b8       0x56 contiki-sky.a(powertrace.o)
 .text.add_packet_stats
                0x000000000000730e       0x5e contiki-sky.a(powertrace.o)
 .text.output_sniffer
                0x000000000000736c        0x8 contiki-sky.a(powertrace.o)
 .text.input_sniffer
                0x0000000000007374        0x8 contiki-sky.a(powertrace.o)
 .text.input_printsniffer
                0x000000000000737c       0x70 contiki-sky.a(powertrace.o)
 .text.powertrace_print
                0x00000000000073ec      0x7bc contiki-sky.a(powertrace.o)
                0x00000000000073ec                powertrace_print
 .text.process_thread_powertrace_process
                0x0000000000007ba8       0x60 contiki-sky.a(powertrace.o)
 .text.powertrace_start
                0x0000000000007c08       0x18 contiki-sky.a(powertrace.o)
                0x0000000000007c08                powertrace_start
 .text.init_platform
                0x0000000000007c20        0xc contiki-sky.a(contiki-sky-pla)
                0x0000000000007c20                init_platform
 .text.value    0x0000000000007c2c        0x6 contiki-sky.a(battery-sensor.)
 .text.status   0x0000000000007c32        0xc contiki-sky.a(battery-sensor.)
 .text.configure
                0x0000000000007c3e       0x12 contiki-sky.a(battery-sensor.)
 .text.owreadb  0x0000000000007c50       0x50 contiki-sky.a(ds2411.o)
 .text.ds2411_init
                0x0000000000007ca0      0x120 contiki-sky.a(ds2411.o)
                0x0000000000007ca0                ds2411_init
 .text.wait_ready
                0x0000000000007dc0       0x4a contiki-sky.a(xmem.o)
 .text.xmem_init
                0x0000000000007e0a       0x3c contiki-sky.a(xmem.o)
                0x0000000000007e0a                xmem_init
 .text.xmem_pread
                0x0000000000007e46       0xda contiki-sky.a(xmem.o)
                0x0000000000007e46                xmem_pread
 .text.node_id_restore
                0x0000000000007f20       0x38 contiki-sky.a(node-id.o)
                0x0000000000007f20                node_id_restore
 .text.process_thread_sensors_process
                0x0000000000007f58       0xc2 contiki-sky.a(sensors.o)
 .text.sensors_changed
                0x000000000000801a       0x2a contiki-sky.a(sensors.o)
                0x000000000000801a                sensors_changed
 .text.get_object
                0x0000000000008044        0x4 contiki-sky.a(cc2420.o)
 .text.set_object
                0x0000000000008048        0x4 contiki-sky.a(cc2420.o)
 .text.strobe   0x000000000000804c       0x1c contiki-sky.a(cc2420.o)
 .text.getreg   0x0000000000008068       0x4c contiki-sky.a(cc2420.o)
 .text.setreg   0x00000000000080b4       0x4c contiki-sky.a(cc2420.o)
 .text.write_ram
                0x0000000000008100       0x7c contiki-sky.a(cc2420.o)
 .text.write_fifo_buf
                0x000000000000817c       0x3c contiki-sky.a(cc2420.o)
 .text.get_status
                0x00000000000081b8       0x20 contiki-sky.a(cc2420.o)
 .text.set_txpower
                0x00000000000081d8       0x24 contiki-sky.a(cc2420.o)
 .text.cc2420_receiving_packet
                0x00000000000081fc        0xc contiki-sky.a(cc2420.o)
 .text.pending_packet
                0x0000000000008208        0x8 contiki-sky.a(cc2420.o)
 .text.on       0x0000000000008210       0x26 contiki-sky.a(cc2420.o)
 .text.wait_for_transmission
                0x0000000000008236       0x22 contiki-sky.a(cc2420.o)
 .text.wait_for_status
                0x0000000000008258       0x28 contiki-sky.a(cc2420.o)
 .text.getrxdata
                0x0000000000008280       0x50 contiki-sky.a(cc2420.o)
 .text.flushrx  0x00000000000082d0       0x1a contiki-sky.a(cc2420.o)
 .text.off      0x00000000000082ea       0x5e contiki-sky.a(cc2420.o)
 .text.RELEASE_LOCK
                0x0000000000008348       0x28 contiki-sky.a(cc2420.o)
 .text.set_key  0x0000000000008370       0x18 contiki-sky.a(cc2420.o)
 .text.set_frame_filtering
                0x0000000000008388       0x30 contiki-sky.a(cc2420.o)
 .text.set_auto_ack
                0x00000000000083b8       0x30 contiki-sky.a(cc2420.o)
 .text.set_poll_mode
                0x00000000000083e8       0x2c contiki-sky.a(cc2420.o)
 .text.cc2420_prepare
                0x0000000000008414       0x44 contiki-sky.a(cc2420.o)
 .text.cc2420_on
                0x0000000000008458       0x22 contiki-sky.a(cc2420.o)
                0x0000000000008458                cc2420_on
 .text.cc2420_off
                0x000000000000847a       0x30 contiki-sky.a(cc2420.o)
                0x000000000000847a                cc2420_off
 .text.cc2420_cca
                0x00000000000084aa       0x68 contiki-sky.a(cc2420.o)
 .text.cc2420_read
                0x0000000000008512       0xea contiki-sky.a(cc2420.o)
 .text.process_thread_cc2420_process
                0x00000000000085fc       0x5c contiki-sky.a(cc2420.o)
 .text.encrypt  0x0000000000008658       0x88 contiki-sky.a(cc2420.o)
 .text.cc2420_set_channel
                0x00000000000086e0       0x3c contiki-sky.a(cc2420.o)
                0x00000000000086e0                cc2420_set_channel
 .text.cc2420_set_pan_addr
                0x000000000000871c       0x4c contiki-sky.a(cc2420.o)
                0x000000000000871c                cc2420_set_pan_addr
 .text.cc2420_interrupt
                0x0000000000008768       0x16 contiki-sky.a(cc2420.o)
                0x0000000000008768                cc2420_interrupt
 .text.cc2420_set_txpower
                0x000000000000877e        0xe contiki-sky.a(cc2420.o)
                0x000000000000877e                cc2420_set_txpower
 .text.cc2420_get_txpower
                0x000000000000878c       0x1e contiki-sky.a(cc2420.o)
                0x000000000000878c                cc2420_get_txpower
 .text.cc2420_transmit
                0x00000000000087aa      0x13e contiki-sky.a(cc2420.o)
 .text.cc2420_send
                0x00000000000088e8       0x12 contiki-sky.a(cc2420.o)
 .text.cc2420_rssi
                0x00000000000088fa       0x4c contiki-sky.a(cc2420.o)
                0x00000000000088fa                cc2420_rssi
 .text.get_value
                0x0000000000008946      0x104 contiki-sky.a(cc2420.o)
 .text.cc2420_set_cca_threshold
                0x0000000000008a4a       0x16 contiki-sky.a(cc2420.o)
                0x0000000000008a4a                cc2420_set_cca_threshold
 .text.set_value
                0x0000000000008a60       0xb8 contiki-sky.a(cc2420.o)
 .text.cc2420_init
                0x0000000000008b18       0xea contiki-sky.a(cc2420.o)
                0x0000000000008b18                cc2420_init
 .text.cc2420_port1_interrupt
                0x0000000000008c02       0x62 contiki-sky.a(cc2420-arch.o)
                0x0000000000008c02                __isr_4
                0x0000000000008c02                cc2420_port1_interrupt
 .text.cc2420_arch_init
                0x0000000000008c64       0x1a contiki-sky.a(cc2420-arch.o)
                0x0000000000008c64                cc2420_arch_init
 .text.sky_sensors_status
                0x0000000000008c7e       0x3c contiki-sky.a(sky-sensors.o)
                0x0000000000008c7e                sky_sensors_status
 .text.sky_sensors_configure
                0x0000000000008cba       0xee contiki-sky.a(sky-sensors.o)
                0x0000000000008cba                sky_sensors_configure
 .text.handle_rxdma_timer
                0x0000000000008da8       0x3a contiki-sky.a(uart1.o)
 .text.uart1_active
                0x0000000000008de2       0x18 contiki-sky.a(uart1.o)
                0x0000000000008de2                uart1_active
 .text.uart1_set_input
                0x0000000000008dfa       0x20 contiki-sky.a(uart1.o)
                0x0000000000008dfa                uart1_set_input
 .text.uart1_writeb
                0x0000000000008e1a       0x18 contiki-sky.a(uart1.o)
                0x0000000000008e1a                uart1_writeb
 .text.uart1_init
                0x0000000000008e32       0xf4 contiki-sky.a(uart1.o)
                0x0000000000008e32                uart1_init
 .text.putchar  0x0000000000008f26       0x10 contiki-sky.a(uart1-putchar.o)
                0x0000000000008f26                putchar
 .text.msp430_init_dco
                0x0000000000008f36       0x82 contiki-sky.a(msp430.o)
                0x0000000000008f36                msp430_init_dco
 .text.msp430_add_lpm_req
                0x0000000000008fb8        0xc contiki-sky.a(msp430.o)
                0x0000000000008fb8                msp430_add_lpm_req
 .text.msp430_cpu_init
                0x0000000000008fc4       0x2a contiki-sky.a(msp430.o)
                0x0000000000008fc4                msp430_cpu_init
 .text.splhigh_
                0x0000000000008fee        0x8 contiki-sky.a(msp430.o)
                0x0000000000008fee                splhigh_
 .text.msp430_sync_dco
                0x0000000000008ff6       0x6c contiki-sky.a(msp430.o)
                0x0000000000008ff6                msp430_sync_dco
 .text.timera1  0x0000000000009062      0x11e contiki-sky.a(clock.o)
                0x0000000000009062                __isr_5
                0x0000000000009062                timera1
 .text.clock_time
                0x0000000000009180       0x1a contiki-sky.a(clock.o)
                0x0000000000009180                clock_time
 .text.clock_init
                0x000000000000919a       0x28 contiki-sky.a(clock.o)
                0x000000000000919a                clock_init
 .text.clock_delay
                0x00000000000091c2        0xc contiki-sky.a(clock.o)
                0x00000000000091c2                clock_delay
 .text.show_leds
                0x00000000000091ce       0xf0 contiki-sky.a(leds.o)
 .text.leds_init
                0x00000000000092be        0xa contiki-sky.a(leds.o)
                0x00000000000092be                leds_init
 .text.leds_on  0x00000000000092c8        0xa contiki-sky.a(leds.o)
                0x00000000000092c8                leds_on
 .text.leds_off
                0x00000000000092d2        0xe contiki-sky.a(leds.o)
                0x00000000000092d2                leds_off
 .text.leds_arch_init
                0x00000000000092e0        0xe contiki-sky.a(leds-arch.o)
                0x00000000000092e0                leds_arch_init
 .text.leds_arch_set
                0x00000000000092ee       0x38 contiki-sky.a(leds-arch.o)
                0x00000000000092ee                leds_arch_set
 .text.watchdog_interrupt
                0x0000000000009326        0x6 contiki-sky.a(watchdog.o)
                0x0000000000009326                __isr_10
                0x0000000000009326                watchdog_interrupt
 .text.watchdog_start
                0x000000000000932c       0x14 contiki-sky.a(watchdog.o)
                0x000000000000932c                watchdog_start
 .text.watchdog_periodic
                0x0000000000009340       0x12 contiki-sky.a(watchdog.o)
                0x0000000000009340                watchdog_periodic
 .text.watchdog_stop
                0x0000000000009352       0x16 contiki-sky.a(watchdog.o)
                0x0000000000009352                watchdog_stop
 .text.watchdog_init
                0x0000000000009368       0x12 contiki-sky.a(watchdog.o)
                0x0000000000009368                watchdog_init
 .text.rtimer_arch_init
                0x000000000000937a        0xe contiki-sky.a(rtimer-arch.o)
                0x000000000000937a                rtimer_arch_init
 .text.rtimer_arch_now
                0x0000000000009388        0xe contiki-sky.a(rtimer-arch.o)
                0x0000000000009388                rtimer_arch_now
 .text.timera0  0x0000000000009396       0x70 contiki-sky.a(rtimer-arch.o)
                0x0000000000009396                __isr_6
                0x0000000000009396                timera0
 .text.rtimer_arch_schedule
                0x0000000000009406        0x6 contiki-sky.a(rtimer-arch.o)
                0x0000000000009406                rtimer_arch_schedule
 .text.autostart_start
                0x000000000000940c       0x16 contiki-sky.a(autostart.o)
                0x000000000000940c                autostart_start
 .text.compower_accumulate
                0x0000000000009422       0x72 contiki-sky.a(compower.o)
                0x0000000000009422                compower_accumulate
 .text.compower_clear
                0x0000000000009494       0x12 contiki-sky.a(compower.o)
                0x0000000000009494                compower_clear
 .text.compower_attrconv
                0x00000000000094a6       0x10 contiki-sky.a(compower.o)
                0x00000000000094a6                compower_attrconv
 .text.process_thread_ctimer_process
                0x00000000000094b6       0xa8 contiki-sky.a(ctimer.o)
 .text.ctimer_init
                0x000000000000955e       0x18 contiki-sky.a(ctimer.o)
                0x000000000000955e                ctimer_init
 .text.ctimer_set_with_process
                0x0000000000009576       0x4e contiki-sky.a(ctimer.o)
                0x0000000000009576                ctimer_set_with_process
 .text.ctimer_set
                0x00000000000095c4       0x10 contiki-sky.a(ctimer.o)
                0x00000000000095c4                ctimer_set
 .text.ctimer_reset
                0x00000000000095d4       0x30 contiki-sky.a(ctimer.o)
                0x00000000000095d4                ctimer_reset
 .text.ctimer_stop
                0x0000000000009604       0x28 contiki-sky.a(ctimer.o)
                0x0000000000009604                ctimer_stop
 .text.energest_init
                0x000000000000962c       0x26 contiki-sky.a(energest.o)
                0x000000000000962c                energest_init
 .text.energest_type_time
                0x0000000000009652       0x48 contiki-sky.a(energest.o)
                0x0000000000009652                energest_type_time
 .text.energest_type_set
                0x000000000000969a        0xe contiki-sky.a(energest.o)
                0x000000000000969a                energest_type_set
 .text.energest_flush
                0x00000000000096a8       0x48 contiki-sky.a(energest.o)
                0x00000000000096a8                energest_flush
 .text.update_time
                0x00000000000096f0       0x78 contiki-sky.a(etimer.o)
 .text.etimer_request_poll
                0x0000000000009768        0xa contiki-sky.a(etimer.o)
                0x0000000000009768                etimer_request_poll
 .text.process_thread_etimer_process
                0x0000000000009772       0xcc contiki-sky.a(etimer.o)
 .text.add_timer
                0x000000000000983e       0x40 contiki-sky.a(etimer.o)
 .text.etimer_set
                0x000000000000987e       0x12 contiki-sky.a(etimer.o)
                0x000000000000987e                etimer_set
 .text.etimer_reset
                0x0000000000009890       0x12 contiki-sky.a(etimer.o)
                0x0000000000009890                etimer_reset
 .text.etimer_expired
                0x00000000000098a2        0xe contiki-sky.a(etimer.o)
                0x00000000000098a2                etimer_expired
 .text.etimer_pending
                0x00000000000098b0        0xc contiki-sky.a(etimer.o)
                0x00000000000098b0                etimer_pending
 .text.etimer_next_expiration_time
                0x00000000000098bc       0x16 contiki-sky.a(etimer.o)
                0x00000000000098bc                etimer_next_expiration_time
 .text.etimer_stop
                0x00000000000098d2       0x3e contiki-sky.a(etimer.o)
                0x00000000000098d2                etimer_stop
 .text.call_process
                0x0000000000009910       0x46 contiki-sky.a(process.o)
 .text.exit_process
                0x0000000000009956       0x96 contiki-sky.a(process.o)
 .text.do_poll  0x00000000000099ec       0x30 contiki-sky.a(process.o)
 .text.process_alloc_event
                0x0000000000009a1c        0xe contiki-sky.a(process.o)
                0x0000000000009a1c                process_alloc_event
 .text.process_init
                0x0000000000009a2a       0x1c contiki-sky.a(process.o)
                0x0000000000009a2a                process_init
 .text.process_run
                0x0000000000009a46       0x92 contiki-sky.a(process.o)
                0x0000000000009a46                process_run
 .text.process_nevents
                0x0000000000009ad8        0xe contiki-sky.a(process.o)
                0x0000000000009ad8                process_nevents
 .text.process_post
                0x0000000000009ae6       0x4e contiki-sky.a(process.o)
                0x0000000000009ae6                process_post
 .text.process_post_synch
                0x0000000000009b34       0x12 contiki-sky.a(process.o)
                0x0000000000009b34                process_post_synch
 .text.process_start
                0x0000000000009b46       0x36 contiki-sky.a(process.o)
                0x0000000000009b46                process_start
 .text.process_poll
                0x0000000000009b7c       0x18 contiki-sky.a(process.o)
                0x0000000000009b7c                process_poll
 .text.rtimer_init
                0x0000000000009b94        0x6 contiki-sky.a(rtimer.o)
                0x0000000000009b94                rtimer_init
 .text.rtimer_set
                0x0000000000009b9a       0x24 contiki-sky.a(rtimer.o)
                0x0000000000009b9a                rtimer_set
 .text.rtimer_run_next
                0x0000000000009bbe       0x26 contiki-sky.a(rtimer.o)
                0x0000000000009bbe                rtimer_run_next
 .text.timer_set
                0x0000000000009be4       0x1c contiki-sky.a(timer.o)
                0x0000000000009be4                timer_set
 .text.timer_reset
                0x0000000000009c00        0xe contiki-sky.a(timer.o)
                0x0000000000009c00                timer_reset
 .text.timer_expired
                0x0000000000009c0e       0x2a contiki-sky.a(timer.o)
                0x0000000000009c0e                timer_expired
 .text.process_thread_serial_line_process
                0x0000000000009c38       0x9e contiki-sky.a(serial-line.o)
 .text.serial_line_input_byte
                0x0000000000009cd6       0x4a contiki-sky.a(serial-line.o)
                0x0000000000009cd6                serial_line_input_byte
 .text.serial_line_init
                0x0000000000009d20       0x1c contiki-sky.a(serial-line.o)
                0x0000000000009d20                serial_line_init
 .text.list_init
                0x0000000000009d3c        0x6 contiki-sky.a(list.o)
                0x0000000000009d3c                list_init
 .text.list_head
                0x0000000000009d42        0x4 contiki-sky.a(list.o)
                0x0000000000009d42                list_head
 .text.list_tail
                0x0000000000009d46       0x12 contiki-sky.a(list.o)
                0x0000000000009d46                list_tail
 .text.list_remove
                0x0000000000009d58       0x34 contiki-sky.a(list.o)
                0x0000000000009d58                list_remove
 .text.list_push
                0x0000000000009d8c       0x1a contiki-sky.a(list.o)
                0x0000000000009d8c                list_push
 .text.list_add
                0x0000000000009da6       0x2a contiki-sky.a(list.o)
                0x0000000000009da6                list_add
 .text.list_length
                0x0000000000009dd0       0x10 contiki-sky.a(list.o)
                0x0000000000009dd0                list_length
 .text.list_item_next
                0x0000000000009de0        0xc contiki-sky.a(list.o)
                0x0000000000009de0                list_item_next
 .text.memb_init
                0x0000000000009dec       0x36 contiki-sky.a(memb.o)
                0x0000000000009dec                memb_init
 .text.memb_alloc
                0x0000000000009e22       0x3e contiki-sky.a(memb.o)
                0x0000000000009e22                memb_alloc
 .text.memb_free
                0x0000000000009e60       0x3a contiki-sky.a(memb.o)
                0x0000000000009e60                memb_free
 .text.memb_inmemb
                0x0000000000009e9a       0x2a contiki-sky.a(memb.o)
                0x0000000000009e9a                memb_inmemb
 .text.memb_numfree
                0x0000000000009ec4       0x26 contiki-sky.a(memb.o)
                0x0000000000009ec4                memb_numfree
 .text.random_init
                0x0000000000009eea        0x6 contiki-sky.a(random.o)
                0x0000000000009eea                random_init
 .text.random_rand
                0x0000000000009ef0        0x6 contiki-sky.a(random.o)
                0x0000000000009ef0                random_rand
 .text.ringbuf_init
                0x0000000000009ef6       0x14 contiki-sky.a(ringbuf.o)
                0x0000000000009ef6                ringbuf_init
 .text.ringbuf_put
                0x0000000000009f0a       0x38 contiki-sky.a(ringbuf.o)
                0x0000000000009f0a                ringbuf_put
 .text.ringbuf_get
                0x0000000000009f42       0x32 contiki-sky.a(ringbuf.o)
                0x0000000000009f42                ringbuf_get
 .text.sent_by_abc
                0x0000000000009f74       0x10 contiki-sky.a(broadcast.o)
 .text.recv_from_abc
                0x0000000000009f84       0x26 contiki-sky.a(broadcast.o)
 .text.broadcast_open
                0x0000000000009faa       0x2a contiki-sky.a(broadcast.o)
                0x0000000000009faa                broadcast_open
 .text.broadcast_send
                0x0000000000009fd4       0x1a contiki-sky.a(broadcast.o)
                0x0000000000009fd4                broadcast_send
 .text.channel_init
                0x0000000000009fee        0xa contiki-sky.a(channel.o)
                0x0000000000009fee                channel_init
 .text.channel_open
                0x0000000000009ff8       0x10 contiki-sky.a(channel.o)
                0x0000000000009ff8                channel_open
 .text.channel_lookup
                0x000000000000a008       0x20 contiki-sky.a(channel.o)
                0x000000000000a008                channel_lookup
 .text.channel_set_attributes
                0x000000000000a028       0x24 contiki-sky.a(channel.o)
                0x000000000000a028                channel_set_attributes
 .text.input    0x000000000000a04c       0x42 contiki-sky.a(rime.o)
 .text.init     0x000000000000a08e       0x2e contiki-sky.a(rime.o)
 .text.packet_sent
                0x000000000000a0bc       0x44 contiki-sky.a(rime.o)
 .text.rime_output
                0x000000000000a100       0x2c contiki-sky.a(rime.o)
                0x000000000000a100                rime_output
 .text.sent_by_broadcast
                0x000000000000a12c       0x10 contiki-sky.a(unicast.o)
 .text.recv_from_broadcast
                0x000000000000a13c       0x2e contiki-sky.a(unicast.o)
 .text.unicast_open
                0x000000000000a16a       0x2a contiki-sky.a(unicast.o)
                0x000000000000a16a                unicast_open
 .text.unicast_send
                0x000000000000a194       0x16 contiki-sky.a(unicast.o)
                0x000000000000a194                unicast_send
 .text.input_packet
                0x000000000000a1aa        0x6 contiki-sky.a(csma.o)
 .text.on       0x000000000000a1b0        0x6 contiki-sky.a(csma.o)
 .text.off      0x000000000000a1b6        0x6 contiki-sky.a(csma.o)
 .text.channel_check_interval
                0x000000000000a1bc       0x10 contiki-sky.a(csma.o)
 .text.transmit_packet_list
                0x000000000000a1cc       0x24 contiki-sky.a(csma.o)
 .text.schedule_transmission
                0x000000000000a1f0       0x98 contiki-sky.a(csma.o)
 .text.init     0x000000000000a288       0x1a contiki-sky.a(csma.o)
 .text.tx_done  0x000000000000a2a2       0x92 contiki-sky.a(csma.o)
 .text.send_packet
                0x000000000000a334      0x172 contiki-sky.a(csma.o)
 .text.packet_sent
                0x000000000000a4a6       0xd6 contiki-sky.a(csma.o)
 .text.mac_call_sent_callback
                0x000000000000a57c       0x14 contiki-sky.a(mac.o)
                0x000000000000a57c                mac_call_sent_callback
 .text.linkaddr_copy
                0x000000000000a590        0xc contiki-sky.a(linkaddr.o)
                0x000000000000a590                linkaddr_copy
 .text.linkaddr_cmp
                0x000000000000a59c       0x12 contiki-sky.a(linkaddr.o)
                0x000000000000a59c                linkaddr_cmp
 .text.linkaddr_set_node_addr
                0x000000000000a5ae        0xc contiki-sky.a(linkaddr.o)
                0x000000000000a5ae                linkaddr_set_node_addr
 .text.packetbuf_hdrreduce
                0x000000000000a5ba       0x1a contiki-sky.a(packetbuf.o)
                0x000000000000a5ba                packetbuf_hdrreduce
 .text.packetbuf_set_datalen
                0x000000000000a5d4        0x6 contiki-sky.a(packetbuf.o)
                0x000000000000a5d4                packetbuf_set_datalen
 .text.packetbuf_hdrptr
                0x000000000000a5da        0x6 contiki-sky.a(packetbuf.o)
                0x000000000000a5da                packetbuf_hdrptr
 .text.packetbuf_datalen
                0x000000000000a5e0        0x6 contiki-sky.a(packetbuf.o)
                0x000000000000a5e0                packetbuf_datalen
 .text.packetbuf_hdrlen
                0x000000000000a5e6        0xa contiki-sky.a(packetbuf.o)
                0x000000000000a5e6                packetbuf_hdrlen
 .text.packetbuf_dataptr
                0x000000000000a5f0        0xc contiki-sky.a(packetbuf.o)
                0x000000000000a5f0                packetbuf_dataptr
 .text.packetbuf_copyto
                0x000000000000a5fc       0x46 contiki-sky.a(packetbuf.o)
                0x000000000000a5fc                packetbuf_copyto
 .text.packetbuf_compact
                0x000000000000a642       0x44 contiki-sky.a(packetbuf.o)
                0x000000000000a642                packetbuf_compact
 .text.packetbuf_totlen
                0x000000000000a686        0xc contiki-sky.a(packetbuf.o)
                0x000000000000a686                packetbuf_totlen
 .text.packetbuf_hdralloc
                0x000000000000a692       0x3c contiki-sky.a(packetbuf.o)
                0x000000000000a692                packetbuf_hdralloc
 .text.packetbuf_attr_clear
                0x000000000000a6ce       0x2c contiki-sky.a(packetbuf.o)
                0x000000000000a6ce                packetbuf_attr_clear
 .text.packetbuf_clear
                0x000000000000a6fa       0x12 contiki-sky.a(packetbuf.o)
                0x000000000000a6fa                packetbuf_clear
 .text.packetbuf_copyfrom
                0x000000000000a70c       0x2e contiki-sky.a(packetbuf.o)
                0x000000000000a70c                packetbuf_copyfrom
 .text.packetbuf_attr_copyto
                0x000000000000a73a       0x20 contiki-sky.a(packetbuf.o)
                0x000000000000a73a                packetbuf_attr_copyto
 .text.packetbuf_attr_copyfrom
                0x000000000000a75a       0x22 contiki-sky.a(packetbuf.o)
                0x000000000000a75a                packetbuf_attr_copyfrom
 .text.packetbuf_holds_broadcast
                0x000000000000a77c        0xe contiki-sky.a(packetbuf.o)
                0x000000000000a77c                packetbuf_holds_broadcast
 .text.queuebuf_init
                0x000000000000a78a       0x12 contiki-sky.a(queuebuf.o)
                0x000000000000a78a                queuebuf_init
 .text.queuebuf_numfree
                0x000000000000a79c        0xa contiki-sky.a(queuebuf.o)
                0x000000000000a79c                queuebuf_numfree
 .text.queuebuf_new_from_packetbuf
                0x000000000000a7a6       0x52 contiki-sky.a(queuebuf.o)
                0x000000000000a7a6                queuebuf_new_from_packetbuf
 .text.queuebuf_update_attr_from_packetbuf
                0x000000000000a7f8       0x12 contiki-sky.a(queuebuf.o)
                0x000000000000a7f8                queuebuf_update_attr_from_packetbuf
 .text.queuebuf_update_from_packetbuf
                0x000000000000a80a       0x22 contiki-sky.a(queuebuf.o)
                0x000000000000a80a                queuebuf_update_from_packetbuf
 .text.queuebuf_free
                0x000000000000a82c       0x2a contiki-sky.a(queuebuf.o)
                0x000000000000a82c                queuebuf_free
 .text.queuebuf_to_packetbuf
                0x000000000000a856       0x32 contiki-sky.a(queuebuf.o)
                0x000000000000a856                queuebuf_to_packetbuf
 .text.queuebuf_attr
                0x000000000000a888        0xe contiki-sky.a(queuebuf.o)
                0x000000000000a888                queuebuf_attr
 .text.duty_cycle
                0x000000000000a896        0x4 contiki-sky.a(contikimac.o)
 .text.init     0x000000000000a89a       0x2a contiki-sky.a(contikimac.o)
 .text.on       0x000000000000a8c4       0x1a contiki-sky.a(contikimac.o)
 .text.off      0x000000000000a8de       0x22 contiki-sky.a(contikimac.o)
 .text.recv_burst_off
                0x000000000000a900        0xa contiki-sky.a(contikimac.o)
 .text.turn_off
                0x000000000000a90a       0x20 contiki-sky.a(contikimac.o)
 .text.turn_on  0x000000000000a92a       0x30 contiki-sky.a(contikimac.o)
 .text.schedule_powercycle_fixed.part.4
                0x000000000000a95a       0x32 contiki-sky.a(contikimac.o)
 .text.powercycle_turn_radio_off
                0x000000000000a98c       0x30 contiki-sky.a(contikimac.o)
 .text.input_packet
                0x000000000000a9bc       0xb6 contiki-sky.a(contikimac.o)
 .text.send_packet.isra.8
                0x000000000000aa72      0x20c contiki-sky.a(contikimac.o)
 .text.qsend_list
                0x000000000000ac7e       0xc6 contiki-sky.a(contikimac.o)
 .text.qsend_packet
                0x000000000000ad44       0x28 contiki-sky.a(contikimac.o)
 .text.powercycle_wrapper
                0x000000000000ad6c      0x1ca contiki-sky.a(contikimac.o)
 .text.init     0x000000000000af36        0x2 contiki-sky.a(nullsec.o)
 .text.send     0x000000000000af38        0xa contiki-sky.a(nullsec.o)
 .text.input    0x000000000000af42        0x6 contiki-sky.a(nullsec.o)
 .text.value    0x000000000000af48        0x8 contiki-sky.a(wur.o)
 .text.status   0x000000000000af50       0x14 contiki-sky.a(wur.o)
 .text.configure
                0x000000000000af64       0x36 contiki-sky.a(wur.o)
 .text.irq_p2   0x000000000000af9a       0x78 contiki-sky.a(wur.o)
                0x000000000000af9a                irq_p2
                0x000000000000af9a                __isr_1
 .text.spi_init
                0x000000000000b012       0x30 contiki-sky.a(spi.o)
                0x000000000000b012                spi_init
 .text.abc_open
                0x000000000000b042       0x26 contiki-sky.a(abc.o)
                0x000000000000b042                abc_open
 .text.abc_send
                0x000000000000b068        0x6 contiki-sky.a(abc.o)
                0x000000000000b068                abc_send
 .text.abc_input
                0x000000000000b06e        0xe contiki-sky.a(abc.o)
                0x000000000000b06e                abc_input
 .text.abc_sent
                0x000000000000b07c       0x10 contiki-sky.a(abc.o)
                0x000000000000b07c                abc_sent
 .text.announcement_init
                0x000000000000b08c        0xa contiki-sky.a(announcement.o)
                0x000000000000b08c                announcement_init
 .text.announcement_register_observer_callback
                0x000000000000b096        0x6 contiki-sky.a(announcement.o)
                0x000000000000b096                announcement_register_observer_callback
 .text.announcement_list
                0x000000000000b09c        0xa contiki-sky.a(announcement.o)
                0x000000000000b09c                announcement_list
 .text.announcement_heard
                0x000000000000b0a6       0x42 contiki-sky.a(announcement.o)
                0x000000000000b0a6                announcement_heard
 .text.adv_packet_sent
                0x000000000000b0e8        0x2 contiki-sky.a(broadcast-annou)
 .text.adv_packet_received
                0x000000000000b0ea       0x64 contiki-sky.a(broadcast-annou)
 .text.set_timers
                0x000000000000b14e       0x4a contiki-sky.a(broadcast-annou)
 .text.send_timer
                0x000000000000b198       0x32 contiki-sky.a(broadcast-annou)
 .text.send_adv
                0x000000000000b1ca       0x66 contiki-sky.a(broadcast-annou)
 .text.new_announcement
                0x000000000000b230       0x18 contiki-sky.a(broadcast-annou)
 .text.broadcast_announcement_init
                0x000000000000b248       0x48 contiki-sky.a(broadcast-annou)
                0x000000000000b248                broadcast_announcement_init
 .text.chameleon_init
                0x000000000000b290        0x6 contiki-sky.a(chameleon.o)
                0x000000000000b290                chameleon_init
 .text.chameleon_parse
                0x000000000000b296       0x10 contiki-sky.a(chameleon.o)
                0x000000000000b296                chameleon_parse
 .text.chameleon_create
                0x000000000000b2a6       0x1c contiki-sky.a(chameleon.o)
                0x000000000000b2a6                chameleon_create
 .text.chameleon_hdrsize
                0x000000000000b2c2        0x6 contiki-sky.a(chameleon.o)
                0x000000000000b2c2                chameleon_hdrsize
 .text.mac_sequence_is_duplicate
                0x000000000000b2c8       0x3c contiki-sky.a(mac-sequence.o)
                0x000000000000b2c8                mac_sequence_is_duplicate
 .text.mac_sequence_register_seqno
                0x000000000000b304       0x5c contiki-sky.a(mac-sequence.o)
                0x000000000000b304                mac_sequence_register_seqno
 .text.hdr_length
                0x000000000000b360        0x8 contiki-sky.a(contikimac-fram)
 .text.parse    0x000000000000b368       0x3a contiki-sky.a(contikimac-fram)
 .text.create   0x000000000000b3a2       0x74 contiki-sky.a(contikimac-fram)
 .text.get_bits_in_byte
                0x000000000000b416       0x3a contiki-sky.a(chameleon-bitop)
 .text.header_size
                0x000000000000b450       0x16 contiki-sky.a(chameleon-bitop)
 .text.get_bits
                0x000000000000b466       0xa2 contiki-sky.a(chameleon-bitop)
                0x000000000000b466                get_bits
 .text.unpack_header
                0x000000000000b508       0xd8 contiki-sky.a(chameleon-bitop)
 .text.set_bits_in_byte
                0x000000000000b5e0       0x2c contiki-sky.a(chameleon-bitop)
                0x000000000000b5e0                set_bits_in_byte
 .text.set_bits
                0x000000000000b60c       0xc8 contiki-sky.a(chameleon-bitop)
                0x000000000000b60c                set_bits
 .text.pack_header
                0x000000000000b6d4       0xc6 contiki-sky.a(chameleon-bitop)
 .text.create_frame.isra.0
                0x000000000000b79a      0x114 contiki-sky.a(framer-802154.o)
 .text.create   0x000000000000b8ae        0x8 contiki-sky.a(framer-802154.o)
 .text.hdr_length
                0x000000000000b8b6        0x8 contiki-sky.a(framer-802154.o)
 .text.parse    0x000000000000b8be       0xa8 contiki-sky.a(framer-802154.o)
 .text.frame802154_get_pan_id
                0x000000000000b966        0x6 contiki-sky.a(frame802154.o)
                0x000000000000b966                frame802154_get_pan_id
 .text.frame802154_has_panid
                0x000000000000b96c       0x64 contiki-sky.a(frame802154.o)
                0x000000000000b96c                frame802154_has_panid
 .text.field_len
                0x000000000000b9d0       0xac contiki-sky.a(frame802154.o)
 .text.frame802154_is_broadcast_addr
                0x000000000000ba7c       0x28 contiki-sky.a(frame802154.o)
                0x000000000000ba7c                frame802154_is_broadcast_addr
 .text.frame802154_hdrlen
                0x000000000000baa4       0x32 contiki-sky.a(frame802154.o)
                0x000000000000baa4                frame802154_hdrlen
 .text.frame802154_create
                0x000000000000bad6      0x16a contiki-sky.a(frame802154.o)
                0x000000000000bad6                frame802154_create
 .text.frame802154_parse
                0x000000000000bc40      0x200 contiki-sky.a(frame802154.o)
                0x000000000000bc40                frame802154_parse
 .text.libgcc   0x000000000000be40       0x2c /opt/compilers/mspgcc-4.7.3/bin/../lib/gcc/msp430/4.7.3/mmpy-16/libgcc.a(_mulsi3.o)
                0x000000000000be40                __mulsi3
 .text.libgcc   0x000000000000be6c       0x22 /opt/compilers/mspgcc-4.7.3/bin/../lib/gcc/msp430/4.7.3/mmpy-16/libgcc.a(_udivmod16.o)
                0x000000000000be6c                __udivhi3
                0x000000000000be6c                __ext_udivmod16
                0x000000000000be86                __umodhi3
 .text.libgcc   0x000000000000be8e       0x40 /opt/compilers/mspgcc-4.7.3/bin/../lib/gcc/msp430/4.7.3/mmpy-16/libgcc.a(_udivmod32.o)
                0x000000000000be8e                __udivsi3
                0x000000000000be8e                __ext_udivmod32
                0x000000000000bec4                __umodsi3
 .text.printf   0x000000000000bece       0x10 /opt/compilers/mspgcc-4.7.3/bin/../lib/gcc/msp430/4.7.3/../../../../msp430/lib/mmpy-16/libc.a(printf.o)
                0x000000000000bece                printf
 .text.print_field
                0x000000000000bede      0x194 /opt/compilers/mspgcc-4.7.3/bin/../lib/gcc/msp430/4.7.3/../../../../msp430/lib/mmpy-16/libc.a(vuprintf.o)
 .text.vuprintf
                0x000000000000c072      0x63e /opt/compilers/mspgcc-4.7.3/bin/../lib/gcc/msp430/4.7.3/../../../../msp430/lib/mmpy-16/libc.a(vuprintf.o)
                0x000000000000c072                vuprintf
 .text.puts     0x000000000000c6b0       0x2c /opt/compilers/mspgcc-4.7.3/bin/../lib/gcc/msp430/4.7.3/../../../../msp430/lib/mmpy-16/libc.a(puts.o)
                0x000000000000c6b0                puts
 .text.rand     0x000000000000c6dc       0x26 /opt/compilers/mspgcc-4.7.3/bin/../lib/gcc/msp430/4.7.3/../../../../msp430/lib/mmpy-16/libc.a(rand.o)
                0x000000000000c6dc                rand
 .text.srand    0x000000000000c702        0xa /opt/compilers/mspgcc-4.7.3/bin/../lib/gcc/msp430/4.7.3/../../../../msp430/lib/mmpy-16/libc.a(rand.o)
                0x000000000000c702                srand
 .text.memcmp   0x000000000000c70c       0x30 /opt/compilers/mspgcc-4.7.3/bin/../lib/gcc/msp430/4.7.3/../../../../msp430/lib/mmpy-16/libc.a(memcmp.o)
                0x000000000000c70c                memcmp
 .text.memcpy   0x000000000000c73c       0xfa /opt/compilers/mspgcc-4.7.3/bin/../lib/gcc/msp430/4.7.3/../../../../msp430/lib/mmpy-16/libc.a(memcpy.o)
                0x000000000000c73c                memcpy
 .text.memmove  0x000000000000c836       0xfa /opt/compilers/mspgcc-4.7.3/bin/../lib/gcc/msp430/4.7.3/../../../../msp430/lib/mmpy-16/libc.a(memmove.o)
                0x000000000000c836                memmove
 .text.memset   0x000000000000c930       0x6a /opt/compilers/mspgcc-4.7.3/bin/../lib/gcc/msp430/4.7.3/../../../../msp430/lib/mmpy-16/libc.a(memset.o)
                0x000000000000c930                memset
 .text.libgcc   0x000000000000c99a       0xf0 /opt/compilers/mspgcc-4.7.3/bin/../lib/gcc/msp430/4.7.3/mmpy-16/libgcc.a(_udivmod64.o)
                0x000000000000c99a                __xabi_udivmod64
                0x000000000000c9f8                __udivdi3
                0x000000000000ca1e                __umoddi3
                0x000000000000ca4c                __udivmoddi4
 .text.crt0     0x000000000000ca8a        0x2 /opt/compilers/mspgcc-4.7.3/bin/../lib/gcc/msp430/4.7.3/mmpy-16/libcrt0.a(_unexpected_.o)
                0x000000000000ca8a                _unexpected_
 *(.near.text .near.text.*)

.rodata         0x000000000000ca8c     0x1585
                0x000000000000ca8c                . = ALIGN (0x2)
 *(.rodata .rodata.* .gnu.linkonce.r.*)
 .rodata        0x000000000000ca8c      0x748 example-waco-srdcp-30.co
                0x000000000000d1a6                autostart_processes
 .rodata        0x000000000000d1d4      0x838 obj_sky/my_collect.o
                0x000000000000da0a                sink_addr
 .rodata        0x000000000000da0c      0x16f obj_sky/routing_table.o
 .rodata        0x000000000000db7b      0x11c obj_sky/topology_report.o
 .rodata        0x000000000000dc97       0xdb obj_sky/contiki-sky-main.o
 .rodata        0x000000000000dd72      0x148 contiki-sky.a(powertrace.o)
 .rodata        0x000000000000deba       0x10 contiki-sky.a(battery-sensor.)
                0x000000000000dec2                battery_sensor
 .rodata        0x000000000000deca        0x8 contiki-sky.a(sensors.o)
 *fill*         0x000000000000ded2        0x2 00
 .rodata.get_value
                0x000000000000ded4       0x24 contiki-sky.a(cc2420.o)
 .rodata.set_value
                0x000000000000def8       0x10 contiki-sky.a(cc2420.o)
 .rodata        0x000000000000df08       0x3e contiki-sky.a(cc2420.o)
                0x000000000000df08                cc2420_aes_128_driver
                0x000000000000df0c                cc2420_driver
 .rodata        0x000000000000df46        0xf contiki-sky.a(ctimer.o)
 .rodata        0x000000000000df55        0xc contiki-sky.a(etimer.o)
 .rodata        0x000000000000df61        0xe contiki-sky.a(serial-line.o)
 *fill*         0x000000000000df6f        0x1 00
 .rodata        0x000000000000df70        0x8 contiki-sky.a(broadcast.o)
 .rodata        0x000000000000df78        0xc contiki-sky.a(rime.o)
                0x000000000000df7e                rime_driver
 .rodata        0x000000000000df84        0xa contiki-sky.a(unicast.o)
 .rodata        0x000000000000df8e       0x14 contiki-sky.a(csma.o)
                0x000000000000df94                csma_driver
 .rodata        0x000000000000dfa2        0x2 contiki-sky.a(linkaddr.o)
                0x000000000000dfa2                linkaddr_null
 .rodata        0x000000000000dfa4       0x1c contiki-sky.a(contikimac.o)
                0x000000000000dfb0                contikimac_driver
 .rodata        0x000000000000dfc0       0x10 contiki-sky.a(nullsec.o)
                0x000000000000dfc8                nullsec_driver
 .rodata        0x000000000000dfd0       0x16 contiki-sky.a(wur.o)
                0x000000000000dfde                wur_sensor
 .rodata        0x000000000000dfe6        0x2 contiki-sky.a(abc.o)
 .rodata        0x000000000000dfe8        0x4 contiki-sky.a(broadcast-annou)
 .rodata        0x000000000000dfec        0x6 contiki-sky.a(contikimac-fram)
                0x000000000000dfec                contikimac_framer
 .rodata        0x000000000000dff2       0x10 contiki-sky.a(chameleon-bitop)
                0x000000000000dff2                chameleon_bitopt
 .rodata        0x000000000000e002        0x6 contiki-sky.a(framer-802154.o)
                0x000000000000e002                framer_802154
 .rodata        0x000000000000e008        0x2 contiki-sky.a(frame802154.o)
 .rodata.vuprintf
                0x000000000000e00a        0x7 /opt/compilers/mspgcc-4.7.3/bin/../lib/gcc/msp430/4.7.3/../../../../msp430/lib/mmpy-16/libc.a(vuprintf.o)
 *(.near.rodata .near.rodata.*)
                0x000000000000e012                . = ALIGN (0x2)
                0x000000000000e012                _etext = .

.data           0x0000000000001100       0x98 load address 0x000000000000e012
                0x0000000000001100                . = ALIGN (0x2)
                0x0000000000001100                __data_start = .
 *(.data .data.* .gnu.linkonce.d.*)
 .data          0x0000000000001100        0xa example-waco-srdcp-30.co
                0x0000000000001100                example_runicast_srdcp_process
 .data          0x000000000000110a        0x8 obj_sky/my_collect.o
 .data          0x0000000000001112       0x1e contiki-sky.a(powertrace.o)
                0x0000000000001112                powertrace_process
 .data          0x0000000000001130        0xa contiki-sky.a(sensors.o)
                0x0000000000001130                sensors_process
 .data          0x000000000000113a        0xc contiki-sky.a(cc2420.o)
                0x000000000000113a                cc2420_process
 .data          0x0000000000001146        0x2 contiki-sky.a(msp430.o)
 .data          0x0000000000001148        0xa contiki-sky.a(ctimer.o)
                0x0000000000001148                ctimer_process
 .data          0x0000000000001152        0xa contiki-sky.a(etimer.o)
                0x0000000000001152                etimer_process
 .data          0x000000000000115c        0xa contiki-sky.a(serial-line.o)
                0x000000000000115c                serial_line_process
 .data          0x0000000000001166       0x18 contiki-sky.a(csma.o)
 .data          0x000000000000117e       0x10 contiki-sky.a(queuebuf.o)
 .data          0x000000000000118e        0x4 contiki-sky.a(wur.o)
                0x000000000000118e                sensors
 .data          0x0000000000001192        0x2 contiki-sky.a(frame802154.o)
 .data.next     0x0000000000001194        0x4 /opt/compilers/mspgcc-4.7.3/bin/../lib/gcc/msp430/4.7.3/../../../../msp430/lib/mmpy-16/libc.a(rand.o)
 *(.near.data .near.data.*)
                0x0000000000001198                . = ALIGN (0x2)
                0x0000000000001198                _edata = .
                0x000000000000e012                __data_load_start = LOADADDR (.data)
                0x0000000000000098                __data_size = SIZEOF (.data)

.bss            0x0000000000001198     0x24b4 load address 0x000000000000e0aa
                0x0000000000001198                __bss_start = .
 *(.bss .bss.*)
 .bss           0x0000000000001198      0xdf4 example-waco-srdcp-30.co
 .bss           0x0000000000001f8c      0x210 obj_sky/my_collect.o
 .bss           0x000000000000219c        0xc obj_sky/contiki-sky-main.o
 .bss           0x00000000000021a8      0x2fe contiki-sky.a(powertrace.o)
 .bss           0x00000000000024a6        0x2 contiki-sky.a(node-id.o)
                0x00000000000024a6                node_id
 .bss           0x00000000000024a8        0x6 contiki-sky.a(sensors.o)
 .bss           0x00000000000024ae        0xa contiki-sky.a(cc2420.o)
 .bss           0x00000000000024b8        0x4 contiki-sky.a(sky-sensors.o)
 .bss           0x00000000000024bc       0x9a contiki-sky.a(uart1.o)
 .bss           0x0000000000002556        0xa contiki-sky.a(clock.o)
 .bss           0x0000000000002560        0x1 contiki-sky.a(leds.o)
 *fill*         0x0000000000002561        0x1 00
 .bss           0x0000000000002562        0x2 contiki-sky.a(watchdog.o)
 .bss           0x0000000000002564        0x8 contiki-sky.a(compower.o)
 .bss           0x000000000000256c        0x4 contiki-sky.a(ctimer.o)
 .bss           0x0000000000002570        0x6 contiki-sky.a(etimer.o)
 .bss           0x0000000000002576       0x38 contiki-sky.a(process.o)
                0x0000000000002576                process_current
                0x0000000000002578                process_list
 .bss           0x00000000000025ae        0x2 contiki-sky.a(rtimer.o)
 .bss           0x00000000000025b0      0x10a contiki-sky.a(serial-line.o)
 .bss           0x00000000000026ba        0x2 contiki-sky.a(channel.o)
 .bss           0x00000000000026bc        0x2 contiki-sky.a(rime.o)
 .bss           0x00000000000026be      0x124 contiki-sky.a(csma.o)
 .bss           0x00000000000027e2       0x86 contiki-sky.a(packetbuf.o)
 .bss           0x0000000000002868      0xc20 contiki-sky.a(queuebuf.o)
 .bss           0x0000000000003488       0x32 contiki-sky.a(contikimac.o)
 .bss           0x00000000000034ba        0x6 contiki-sky.a(announcement.o)
 .bss           0x00000000000034c0       0x46 contiki-sky.a(broadcast-annou)
 .bss           0x0000000000003506       0x40 contiki-sky.a(mac-sequence.o)
 .bss           0x0000000000003546        0x2 contiki-sky.a(framer-802154.o)
 *(.near.bss .near.bss.*)
 *(COMMON)
 COMMON         0x0000000000003548        0x8 contiki-sky.a(ds2411.o)
                0x0000000000003548                ds2411_id
 COMMON         0x0000000000003550        0x1 contiki-sky.a(sensors.o)
                0x0000000000003550                sensors_event
 *fill*         0x0000000000003551        0x1 00
 COMMON         0x0000000000003552       0x10 contiki-sky.a(cc2420.o)
                0x0000000000003552                cc2420_last_rssi
                0x0000000000003554                cc2420_sfd_start_time
                0x0000000000003556                cc2420_time_of_departure
                0x0000000000003558                cc2420_time_of_arrival
                0x000000000000355a                cc2420_last_correlation
                0x000000000000355c                cc2420_authority_level_of_sender
                0x000000000000355e                cc2420_sfd_counter
                0x0000000000003560                cc2420_sfd_end_time
 COMMON         0x0000000000003562        0x2 contiki-sky.a(msp430.o)
                0x0000000000003562                msp430_dco_required
 COMMON         0x0000000000003564        0x8 contiki-sky.a(compower.o)
                0x0000000000003564                compower_idle_activity
 COMMON         0x000000000000356c       0x56 contiki-sky.a(energest.o)
                0x000000000000356c                energest_total_time
                0x000000000000359c                energest_total_count
                0x000000000000359e                energest_current_mode
                0x00000000000035aa                energest_current_time
 COMMON         0x00000000000035c2        0x1 contiki-sky.a(process.o)
                0x00000000000035c2                process_maxevents
 COMMON         0x00000000000035c3        0x1 contiki-sky.a(serial-line.o)
                0x00000000000035c3                serial_line_event_message
 COMMON         0x00000000000035c4       0x48 contiki-sky.a(rimestats.o)
                0x00000000000035c4                rimestats
 COMMON         0x000000000000360c        0x2 contiki-sky.a(linkaddr.o)
                0x000000000000360c                linkaddr_node_addr
 COMMON         0x000000000000360e       0x3c contiki-sky.a(packetbuf.o)
                0x000000000000360e                packetbuf_addrs
                0x0000000000003616                packetbuf_attrs
 COMMON         0x000000000000364a        0x2 contiki-sky.a(wur.o)
                0x000000000000364a                sensors_flags
                0x000000000000364c                . = ALIGN (0x2)
                0x000000000000364c                __bss_end = .
                0x00000000000024b4                __bss_size = SIZEOF (.bss)

.noinit         0x000000000000364c        0x2 load address 0x000000000000e0aa
                0x000000000000364c                . = ALIGN (0x2)
                0x000000000000364c                __noinit_start = .
 *(.noinit .noinit.*)
 .noinit.crt0   0x000000000000364c        0x2 /opt/compilers/mspgcc-4.7.3/bin/../lib/gcc/msp430/4.7.3/mmpy-16/libcrt0.a(__watchdog_support.o)
                0x000000000000364c                __wdt_clear_value
                0x000000000000364e                . = ALIGN (0x2)
                0x000000000000364e                __noinit_end = .
                0x000000000000364e                . = ALIGN (0x2)
                0x000000000000364e                _end = .

.infomem        0x0000000000001000        0x0
                0x0000000000001000                . = ALIGN (0x2)
 *(.infomem .infomem.*)

.infomemnobits  0x0000000000001000        0x0
                0x0000000000001000                . = ALIGN (0x2)
 *(.infomemnobits .infomemnobits.*)

.infoa          0x0000000000001080        0x0
                0x0000000000001080                . = ALIGN (0x2)
 *(.infoa .infoa.*)

.infob          0x0000000000001000        0x0
                0x0000000000001000                . = ALIGN (0x2)
 *(.infob .infob.*)

.infoc          0x0000000000000000        0x0
                0x0000000000000000                . = ALIGN (0x2)
 *(.infoc .infoc.*)

.infod          0x0000000000000000        0x0
                0x0000000000000000                . = ALIGN (0x2)
 *(.infod .infod.*)
                0x000000000000ffff                PROVIDE (__vte_0, 0xffff)
                0x000000000000ffff                PROVIDE (__vte_1, 0xffff)
                0x000000000000ffff                PROVIDE (__vte_2, 0xffff)
                0x000000000000ffff                PROVIDE (__vte_3, 0xffff)
                0x000000000000ffff                PROVIDE (__vte_4, 0xffff)
                0x000000000000ffff                PROVIDE (__vte_5, 0xffff)
                0x000000000000ffff                PROVIDE (__vte_6, 0xffff)
                0x000000000000ffff                PROVIDE (__vte_7, 0xffff)
                0x000000000000ffff                PROVIDE (__vte_8, 0xffff)
                0x000000000000ffff                PROVIDE (__vte_9, 0xffff)
                0x000000000000ffff                PROVIDE (__vte_10, 0xffff)
                0x000000000000ffff                PROVIDE (__vte_11, 0xffff)
                0x000000000000ffff                PROVIDE (__vte_12, 0xffff)
                0x000000000000ffff                PROVIDE (__vte_13, 0xffff)
                0x000000000000ffff                PROVIDE (__vte_14, 0xffff)
                0x000000000000ffff                PROVIDE (__vte_15, 0xffff)
                0x000000000000ffff                PROVIDE (__vte_16, 0xffff)
                0x000000000000ffff                PROVIDE (__vte_17, 0xffff)
                0x000000000000ffff                PROVIDE (__vte_18, 0xffff)
                0x000000000000ffff                PROVIDE (__vte_19, 0xffff)
                0x000000000000ffff                PROVIDE (__vte_20, 0xffff)
                0x000000000000ffff                PROVIDE (__vte_21, 0xffff)
                0x000000000000ffff                PROVIDE (__vte_22, 0xffff)
                0x000000000000ffff                PROVIDE (__vte_23, 0xffff)
                0x000000000000ffff                PROVIDE (__vte_24, 0xffff)
                0x000000000000ffff                PROVIDE (__vte_25, 0xffff)
                0x000000000000ffff                PROVIDE (__vte_26, 0xffff)
                0x000000000000ffff                PROVIDE (__vte_27, 0xffff)
                0x000000000000ffff                PROVIDE (__vte_28, 0xffff)
                0x000000000000ffff                PROVIDE (__vte_29, 0xffff)
                0x000000000000ffff                PROVIDE (__vte_30, 0xffff)
                0x000000000000ffff                PROVIDE (__vte_31, 0xffff)

.vectors        0x000000000000ffe0       0x20
                0x000000000000ffe0                __vectors_start = .
 *(.vectors*)
 .vectors       0x000000000000ffe0       0x20 /opt/compilers/mspgcc-4.7.3/bin/../lib/gcc/msp430/4.7.3/mmpy-16/crt0ivtbl16.o
                0x000000000000ffe0                __ivtbl_16
                0x0000000000010000                _vectors_end = .

.fartext        0x0000000000000000        0x0
                0x0000000000000000                . = ALIGN (0x2)
 *(.fartext .fartext.*)

.far.text       0x0000000000000000        0x0
                0x0000000000000000                . = ALIGN (0x2)
 *(.far.text .far.text.*)

.far.rodata     0x0000000000000000        0x0
                0x0000000000000000                . = ALIGN (0x2)
 *(.far.rodata .far.rodata.*)
                0x0000000000000000                . = ALIGN (0x2)
                0x0000000000000000                _efartext = .

.far.data       0x0000000000000000        0x0
                0x0000000000000000                . = ALIGN (0x2)
                0x0000000000000000                __far_data_start = .
 *(.far.data .far.data.*)
                0x0000000000000000                . = ALIGN (0x2)
                0x0000000000000000                _efardata = .
                0x0000000000000000                __far_data_load_start = LOADADDR (.far.data)
                0x0000000000000000                __far_data_size = SIZEOF (.far.data)

.far.bss        0x0000000000000000        0x0
                0x0000000000000000                . = ALIGN (0x2)
                0x0000000000000000                __far_bss_start = .
 *(.far.bss .far.bss.*)
                0x0000000000000000                . = ALIGN (0x2)
                0x0000000000000000                __far_bss_end = .
                0x0000000000000000                __far_bss_size = SIZEOF (.far.bss)
                0x0000000000000000                . = ALIGN (0x2)
                0x0000000000000000                _far_end = .

.profiler
 *(.profiler)

.stab           0x0000000000000000    0x2127c
 *(.stab)
 .stab          0x0000000000000000     0x29b8 example-waco-srdcp-30.co
 .stab          0x00000000000029b8     0x26a0 obj_sky/my_collect.o
                                       0x3378 (size before relaxing)
 .stab          0x0000000000005058     0x15e4 obj_sky/routing_table.o
                                       0x2460 (size before relaxing)
 .stab          0x000000000000663c      0x8ac obj_sky/topology_report.o
                                       0x1740 (size before relaxing)
 .stab          0x0000000000006ee8      0xeac obj_sky/contiki-sky-main.o
                                       0x17a0 (size before relaxing)
 .stab          0x0000000000007d94     0x1278 contiki-sky.a(powertrace.o)
                                       0x1d88 (size before relaxing)
 .stab          0x000000000000900c      0x240 contiki-sky.a(contiki-sky-pla)
                                        0x594 (size before relaxing)
 .stab          0x000000000000924c      0x318 contiki-sky.a(battery-sensor.)
                                        0x684 (size before relaxing)
 .stab          0x0000000000009564      0x618 contiki-sky.a(ds2411.o)
                                        0xb34 (size before relaxing)
 .stab          0x0000000000009b7c      0x9d8 contiki-sky.a(xmem.o)
                                        0xf00 (size before relaxing)
 .stab          0x000000000000a554      0x2b8 contiki-sky.a(node-id.o)
                                        0x4e0 (size before relaxing)
 .stab          0x000000000000a80c      0x69c contiki-sky.a(sensors.o)
                                        0xbb8 (size before relaxing)
 .stab          0x000000000000aea8     0x28bc contiki-sky.a(cc2420.o)
                                       0x3018 (size before relaxing)
 .stab          0x000000000000d764      0xa38 contiki-sky.a(cc2420-arch.o)
                                       0x13ec (size before relaxing)
 .stab          0x000000000000e19c      0x4ec contiki-sky.a(sky-sensors.o)
                                        0x858 (size before relaxing)
 .stab          0x000000000000e688      0x600 contiki-sky.a(uart1.o)
                                        0x954 (size before relaxing)
 .stab          0x000000000000ec88      0x234 contiki-sky.a(uart1-putchar.o)
                                        0x588 (size before relaxing)
 .stab          0x000000000000eebc      0x72c contiki-sky.a(msp430.o)
                                        0xa80 (size before relaxing)
 .stab          0x000000000000f5e8      0xa38 contiki-sky.a(clock.o)
                                        0xd8c (size before relaxing)
 .stab          0x0000000000010020      0x5a0 contiki-sky.a(leds.o)
                                        0x7ec (size before relaxing)
 .stab          0x00000000000105c0      0x378 contiki-sky.a(leds-arch.o)
                                        0x6cc (size before relaxing)
 .stab          0x0000000000010938      0x3cc contiki-sky.a(watchdog.o)
                                        0x720 (size before relaxing)
 .stab          0x0000000000010d04      0x3b4 contiki-sky.a(rtimer-arch.o)
                                        0x708 (size before relaxing)
 .stab          0x00000000000110b8      0x294 contiki-sky.a(autostart.o)
                                        0x534 (size before relaxing)
 .stab          0x000000000001134c      0x558 contiki-sky.a(compower.o)
                                        0xcf0 (size before relaxing)
 .stab          0x00000000000118a4      0x834 contiki-sky.a(ctimer.o)
                                        0xba0 (size before relaxing)
 .stab          0x00000000000120d8      0x474 contiki-sky.a(energest.o)
                                        0x6fc (size before relaxing)
 .stab          0x000000000001254c      0xa80 contiki-sky.a(etimer.o)
                                        0xd50 (size before relaxing)
 .stab          0x0000000000012fcc      0xb94 contiki-sky.a(process.o)
                                       0x102c (size before relaxing)
 .stab          0x0000000000013b60      0x39c contiki-sky.a(rtimer.o)
                                        0x6b4 (size before relaxing)
 .stab          0x0000000000013efc      0x348 contiki-sky.a(timer.o)
                                        0x588 (size before relaxing)
 .stab          0x0000000000014244      0x51c contiki-sky.a(serial-line.o)
                                        0xa38 (size before relaxing)
 .stab          0x0000000000014760      0x7bc contiki-sky.a(list.o)
                                        0x7c8 (size before relaxing)
 .stab          0x0000000000014f1c      0x5c4 contiki-sky.a(memb.o)
                                        0xaf8 (size before relaxing)
 .stab          0x00000000000154e0      0x21c contiki-sky.a(random.o)
                                        0x618 (size before relaxing)
 .stab          0x00000000000156fc      0x3f0 contiki-sky.a(ringbuf.o)
                                        0x630 (size before relaxing)
 .stab          0x0000000000015aec      0x6cc contiki-sky.a(broadcast.o)
                                       0x14f4 (size before relaxing)
 .stab          0x00000000000161b8      0x654 contiki-sky.a(channel.o)
                                       0x1278 (size before relaxing)
 .stab          0x000000000001680c      0xbb8 contiki-sky.a(rime.o)
                                       0x1404 (size before relaxing)
 .stab          0x00000000000173c4       0xfc contiki-sky.a(rimestats.o)
                                        0x120 (size before relaxing)
 .stab          0x00000000000174c0      0x618 contiki-sky.a(unicast.o)
                                       0x1290 (size before relaxing)
 .stab          0x0000000000017ad8      0xcd8 contiki-sky.a(csma.o)
                                       0x1668 (size before relaxing)
 .stab          0x00000000000187b0      0x1f8 contiki-sky.a(mac.o)
                                        0x4ec (size before relaxing)
 .stab          0x00000000000189a8      0x2ac contiki-sky.a(linkaddr.o)
                                        0x6a8 (size before relaxing)
 .stab          0x0000000000018c54      0xc48 contiki-sky.a(packetbuf.o)
                                       0x1a88 (size before relaxing)
 .stab          0x000000000001989c      0xa38 contiki-sky.a(queuebuf.o)
                                       0x1860 (size before relaxing)
 .stab          0x000000000001a2d4     0x171c contiki-sky.a(contikimac.o)
                                       0x2334 (size before relaxing)
 .stab          0x000000000001b9f0      0x39c contiki-sky.a(nullsec.o)
                                        0xccc (size before relaxing)
 .stab          0x000000000001bd8c      0x54c contiki-sky.a(wur.o)
                                        0x8b8 (size before relaxing)
 .stab          0x000000000001c2d8      0x1f8 contiki-sky.a(spi.o)
                                        0x420 (size before relaxing)
 .stab          0x000000000001c4d0      0x660 contiki-sky.a(abc.o)
                                       0x1488 (size before relaxing)
 .stab          0x000000000001cb30      0x6b4 contiki-sky.a(announcement.o)
                                        0x954 (size before relaxing)
 .stab          0x000000000001d1e4      0x948 contiki-sky.a(broadcast-annou)
                                       0x15c0 (size before relaxing)
 .stab          0x000000000001db2c      0x588 contiki-sky.a(chameleon.o)
                                       0x1230 (size before relaxing)
 .stab          0x000000000001e0b4      0x600 contiki-sky.a(mac-sequence.o)
                                       0x1440 (size before relaxing)
 .stab          0x000000000001e6b4      0x810 contiki-sky.a(contikimac-fram)
                                        0xe4c (size before relaxing)
 .stab          0x000000000001eec4      0xd74 contiki-sky.a(chameleon-bitop)
                                       0x19ec (size before relaxing)
 .stab          0x000000000001fc38      0x6d8 contiki-sky.a(framer-802154.o)
                                        0xf18 (size before relaxing)
 .stab          0x0000000000020310      0xf6c contiki-sky.a(frame802154.o)
                                       0x1758 (size before relaxing)

.stabstr        0x0000000000000000    0x1825e
 *(.stabstr)
 .stabstr       0x0000000000000000    0x1825e example-waco-srdcp-30.co

.stab.excl
 *(.stab.excl)

.stab.exclstr
 *(.stab.exclstr)

.stab.index
 *(.stab.index)

.stab.indexstr
 *(.stab.indexstr)

.comment        0x0000000000000000       0x30
 *(.comment)
 .comment       0x0000000000000000       0x30 example-waco-srdcp-30.co
                                         0x31 (size before relaxing)
 .comment       0x0000000000000000       0x31 obj_sky/my_collect.o
 .comment       0x0000000000000000       0x31 obj_sky/routing_table.o
 .comment       0x0000000000000000       0x31 obj_sky/topology_report.o
 .comment       0x0000000000000000       0x31 obj_sky/contiki-sky-main.o
 .comment       0x0000000000000000       0x31 contiki-sky.a(powertrace.o)
 .comment       0x0000000000000000       0x31 contiki-sky.a(contiki-sky-pla)
 .comment       0x0000000000000000       0x31 contiki-sky.a(battery-sensor.)
 .comment       0x0000000000000000       0x31 contiki-sky.a(ds2411.o)
 .comment       0x0000000000000000       0x31 contiki-sky.a(xmem.o)
 .comment       0x0000000000000000       0x31 contiki-sky.a(node-id.o)
 .comment       0x0000000000000000       0x31 contiki-sky.a(sensors.o)
 .comment       0x0000000000000000       0x31 contiki-sky.a(cc2420.o)
 .comment       0x0000000000000000       0x31 contiki-sky.a(cc2420-arch.o)
 .comment       0x0000000000000000       0x31 contiki-sky.a(sky-sensors.o)
 .comment       0x0000000000000000       0x31 contiki-sky.a(uart1.o)
 .comment       0x0000000000000000       0x31 contiki-sky.a(uart1-putchar.o)
 .comment       0x0000000000000000       0x31 contiki-sky.a(msp430.o)
 .comment       0x0000000000000000       0x31 contiki-sky.a(clock.o)
 .comment       0x0000000000000000       0x31 contiki-sky.a(leds.o)
 .comment       0x0000000000000000       0x31 contiki-sky.a(leds-arch.o)
 .comment       0x0000000000000000       0x31 contiki-sky.a(watchdog.o)
 .comment       0x0000000000000000       0x31 contiki-sky.a(rtimer-arch.o)
 .comment       0x0000000000000000       0x31 contiki-sky.a(autostart.o)
 .comment       0x0000000000000000       0x31 contiki-sky.a(compower.o)
 .comment       0x0000000000000000       0x31 contiki-sky.a(ctimer.o)
 .comment       0x0000000000000000       0x31 contiki-sky.a(energest.o)
 .comment       0x0000000000000000       0x31 contiki-sky.a(etimer.o)
 .comment       0x0000000000000000       0x31 contiki-sky.a(process.o)
 .comment       0x0000000000000000       0x31 contiki-sky.a(rtimer.o)
 .comment       0x0000000000000000       0x31 contiki-sky.a(timer.o)
 .comment       0x0000000000000000       0x31 contiki-sky.a(serial-line.o)
 .comment       0x0000000000000000       0x31 contiki-sky.a(list.o)
 .comment       0x0000000000000000       0x31 contiki-sky.a(memb.o)
 .comment       0x0000000000000000       0x31 contiki-sky.a(random.o)
 .comment       0x0000000000000000       0x31 contiki-sky.a(ringbuf.o)
 .comment       0x0000000000000000       0x31 contiki-sky.a(broadcast.o)
 .comment       0x0000000000000000       0x31 contiki-sky.a(channel.o)
 .comment       0x0000000000000000       0x31 contiki-sky.a(rime.o)
 .comment       0x0000000000000000       0x31 contiki-sky.a(rimestats.o)
 .comment       0x0000000000000000       0x31 contiki-sky.a(unicast.o)
 .comment       0x0000000000000000       0x31 contiki-sky.a(csma.o)
 .comment       0x0000000000000000       0x31 contiki-sky.a(mac.o)
 .comment       0x0000000000000000       0x31 contiki-sky.a(linkaddr.o)
 .comment       0x0000000000000000       0x31 contiki-sky.a(packetbuf.o)
 .comment       0x0000000000000000       0x31 contiki-sky.a(queuebuf.o)
 .comment       0x0000000000000000       0x31 contiki-sky.a(contikimac.o)
 .comment       0x0000000000000000       0x31 contiki-sky.a(nullsec.o)
 .comment       0x0000000000000000       0x31 contiki-sky.a(wur.o)
 .comment       0x0000000000000000       0x31 contiki-sky.a(spi.o)
 .comment       0x0000000000000000       0x31 contiki-sky.a(abc.o)
 .comment       0x0000000000000000       0x31 contiki-sky.a(announcement.o)
 .comment       0x0000000000000000       0x31 contiki-sky.a(broadcast-annou)
 .comment       0x0000000000000000       0x31 contiki-sky.a(chameleon.o)
 .comment       0x0000000000000000       0x31 contiki-sky.a(mac-sequence.o)
 .comment       0x0000000000000000       0x31 contiki-sky.a(contikimac-fram)
 .comment       0x0000000000000000       0x31 contiki-sky.a(chameleon-bitop)
 .comment       0x0000000000000000       0x31 contiki-sky.a(framer-802154.o)
 .comment       0x0000000000000000       0x31 contiki-sky.a(frame802154.o)
 .comment       0x0000000000000000       0x31 /opt/compilers/mspgcc-4.7.3/bin/../lib/gcc/msp430/4.7.3/../../../../msp430/lib/mmpy-16/libc.a(printf.o)
 .comment       0x0000000000000000       0x31 /opt/compilers/mspgcc-4.7.3/bin/../lib/gcc/msp430/4.7.3/../../../../msp430/lib/mmpy-16/libc.a(vuprintf.o)
 .comment       0x0000000000000000       0x31 /opt/compilers/mspgcc-4.7.3/bin/../lib/gcc/msp430/4.7.3/../../../../msp430/lib/mmpy-16/libc.a(puts.o)
 .comment       0x0000000000000000       0x31 /opt/compilers/mspgcc-4.7.3/bin/../lib/gcc/msp430/4.7.3/../../../../msp430/lib/mmpy-16/libc.a(rand.o)
 .comment       0x0000000000000000       0x31 /opt/compilers/mspgcc-4.7.3/bin/../lib/gcc/msp430/4.7.3/../../../../msp430/lib/mmpy-16/libc.a(memcmp.o)
 .comment       0x0000000000000000       0x31 /opt/compilers/mspgcc-4.7.3/bin/../lib/gcc/msp430/4.7.3/../../../../msp430/lib/mmpy-16/libc.a(memcpy.o)
 .comment       0x0000000000000000       0x31 /opt/compilers/mspgcc-4.7.3/bin/../lib/gcc/msp430/4.7.3/../../../../msp430/lib/mmpy-16/libc.a(memmove.o)
 .comment       0x0000000000000000       0x31 /opt/compilers/mspgcc-4.7.3/bin/../lib/gcc/msp430/4.7.3/../../../../msp430/lib/mmpy-16/libc.a(memset.o)

.debug
 *(.debug)

.line
 *(.line)

.debug_srcinfo
 *(.debug_srcinfo)

.debug_sfnames
 *(.debug_sfnames)

.debug_aranges  0x0000000000000000      0x18c
 *(.debug_aranges)
 .debug_aranges
                0x0000000000000000       0x14 /opt/compilers/mspgcc-4.7.3/bin/../lib/gcc/msp430/4.7.3/mmpy-16/crt0ivtbl16.o
 .debug_aranges
                0x0000000000000014       0x14 /opt/compilers/mspgcc-4.7.3/bin/../lib/gcc/msp430/4.7.3/mmpy-16/libgcc.a(_mulsi3.o)
 .debug_aranges
                0x0000000000000028       0x14 /opt/compilers/mspgcc-4.7.3/bin/../lib/gcc/msp430/4.7.3/mmpy-16/libgcc.a(_udivmod16.o)
 .debug_aranges
                0x000000000000003c       0x14 /opt/compilers/mspgcc-4.7.3/bin/../lib/gcc/msp430/4.7.3/mmpy-16/libgcc.a(_udivmod32.o)
 .debug_aranges