Archive member included because of file (symbol)

contiki-sky.a(powertrace.o)   example-runicast-srdcp.co (powertrace_start)
contiki-sky.a(contiki-sky-pla)
                              obj_sky/contiki-sky-main.o (init_platform)
contiki-sky.a(ds2411.o)       obj_sky/contiki-sky-main.o (ds2411_init)
contiki-sky.a(xmem.o)         obj_sky/contiki-sky-main.o (xmem_init)
contiki-sky.a(node-id.o)      obj_sky/contiki-sky-main.o (node_id_restore)
contiki-sky.a(sensors.o)      contiki-sky.a(contiki-sky-pla) (sensors_process)
contiki-sky.a(cc2420.o)       obj_sky/contiki-sky-main.o (cc2420_set_pan_addr)
contiki-sky.a(cc2420-arch.o)  contiki-sky.a(cc2420.o) (cc2420_arch_init)
contiki-sky.a(uart1.o)        obj_sky/contiki-sky-main.o (uart1_active)
contiki-sky.a(uart1-putchar.o)
                              obj_sky/contiki-sky-main.o (putchar)
contiki-sky.a(msp430.o)       contiki-sky.a(uart1.o) (msp430_add_lpm_req)
contiki-sky.a(clock.o)        example-runicast-srdcp.co (clock_time)
contiki-sky.a(leds.o)         obj_sky/contiki-sky-main.o (leds_init)
contiki-sky.a(leds-arch.o)    contiki-sky.a(leds.o) (leds_arch_init)
contiki-sky.a(watchdog.o)     obj_sky/contiki-sky-main.o (watchdog_start)
contiki-sky.a(rtimer-arch.o)  obj_sky/contiki-sky-main.o (rtimer_arch_now)
contiki-sky.a(autostart.o)    obj_sky/contiki-sky-main.o (autostart_start)
contiki-sky.a(compower.o)     contiki-sky.a(powertrace.o) (compower_idle_activity)
contiki-sky.a(ctimer.o)       obj_sky/contiki-sky-main.o (ctimer_init)
contiki-sky.a(energest.o)     obj_sky/contiki-sky-main.o (energest_init)
contiki-sky.a(etimer.o)       contiki-sky.a(clock.o) (etimer_request_poll)
contiki-sky.a(process.o)      contiki-sky.a(ctimer.o) (process_current)
contiki-sky.a(rtimer.o)       obj_sky/contiki-sky-main.o (rtimer_init)
contiki-sky.a(timer.o)        obj_sky/contiki-sky-main.o (timer_set)
contiki-sky.a(serial-line.o)  obj_sky/contiki-sky-main.o (serial_line_input_byte)
contiki-sky.a(list.o)         contiki-sky.a(ctimer.o) (list_init)
contiki-sky.a(memb.o)         contiki-sky.a(powertrace.o) (memb_alloc)
contiki-sky.a(random.o)       obj_sky/contiki-sky-main.o (random_init)
contiki-sky.a(ringbuf.o)      contiki-sky.a(serial-line.o) (ringbuf_init)
contiki-sky.a(broadcast.o)    obj_sky/my_collect.o (broadcast_open)
contiki-sky.a(channel.o)      contiki-sky.a(broadcast.o) (channel_set_attributes)
contiki-sky.a(rime.o)         contiki-sky.a(powertrace.o) (rime_sniffer_add)
contiki-sky.a(rimestats.o)    contiki-sky.a(cc2420.o) (rimestats)
contiki-sky.a(unicast.o)      obj_sky/my_collect.o (unicast_open)
contiki-sky.a(csma.o)         obj_sky/contiki-sky-main.o (csma_driver)
contiki-sky.a(mac.o)          contiki-sky.a(csma.o) (mac_call_sent_callback)
contiki-sky.a(wurrdc.o)       obj_sky/contiki-sky-main.o (wurrdc_driver)
contiki-sky.a(linkaddr.o)     example-runicast-srdcp.co (linkaddr_copy)
contiki-sky.a(packetbuf.o)    obj_sky/my_collect.o (packetbuf_hdrreduce)
contiki-sky.a(queuebuf.o)     contiki-sky.a(rime.o) (queuebuf_init)
contiki-sky.a(nullsec.o)      obj_sky/contiki-sky-main.o (nullsec_driver)
contiki-sky.a(wur.o)          contiki-sky.a(wurrdc.o) (wur_sensor)
contiki-sky.a(spi.o)          contiki-sky.a(xmem.o) (spi_init)
contiki-sky.a(abc.o)          contiki-sky.a(broadcast.o) (abc_open)
contiki-sky.a(announcement.o)
                              contiki-sky.a(rime.o) (announcement_init)
contiki-sky.a(broadcast-annou)
                              contiki-sky.a(rime.o) (broadcast_announcement_init)
contiki-sky.a(chameleon.o)    contiki-sky.a(rime.o) (chameleon_init)
contiki-sky.a(framer-802154.o)
                              contiki-sky.a(wurrdc.o) (framer_802154)
contiki-sky.a(mac-sequence.o)
                              contiki-sky.a(wurrdc.o) (mac_sequence_is_duplicate)
contiki-sky.a(chameleon-bitop)
                              contiki-sky.a(chameleon.o) (chameleon_bitopt)
contiki-sky.a(frame802154.o)  contiki-sky.a(framer-802154.o) (frame802154_get_pan_id)
/opt/compilers/mspgcc-4.7.3/bin/../lib/gcc/msp430/4.7.3/mmpy-16/libgcc.a(_mulsi3.o)
                              example-runicast-srdcp.co (__mulsi3)
/opt/compilers/mspgcc-4.7.3/bin/../lib/gcc/msp430/4.7.3/mmpy-16/libgcc.a(_udivmod16.o)
                              example-runicast-srdcp.co (__umodhi3)
/opt/compilers/mspgcc-4.7.3/bin/../lib/gcc/msp430/4.7.3/mmpy-16/libgcc.a(_udivmod32.o)
                              example-runicast-srdcp.co (__udivsi3)
/opt/compilers/mspgcc-4.7.3/bin/../lib/gcc/msp430/4.7.3/../../../../msp430/lib/mmpy-16/libc.a(printf.o)
                              example-runicast-srdcp.co (printf)
/opt/compilers/mspgcc-4.7.3/bin/../lib/gcc/msp430/4.7.3/../../../../msp430/lib/mmpy-16/libc.a(vuprintf.o)
                              /opt/compilers/mspgcc-4.7.3/bin/../lib/gcc/msp430/4.7.3/../../../../msp430/lib/mmpy-16/libc.a(printf.o) (vuprintf)
/opt/compilers/mspgcc-4.7.3/bin/../lib/gcc/msp430/4.7.3/../../../../msp430/lib/mmpy-16/libc.a(puts.o)
[...]
Memory Configuration

Name             Origin             Length             Attributes
sfr              0x0000000000000000 0x0000000000000010
peripheral_8bit  0x0000000000000010 0x00000000000000f0
peripheral_16bit 0x0000000000000100 0x0000000000000100
ram_mirror       0x0000000000000200 0x0000000000000800 xw
infomem          0x0000000000001000 0x0000000000000100
infob            0x0000000000001000 0x0000000000000080
infoa            0x0000000000001080 0x0000000000000080
ram              0x0000000000001100 0x0000000000002800 xw
rom              0x0000000000004000 0x000000000000bfe0 xr
vectors          0x000000000000ffe0 0x0000000000000020
bsl              0x0000000000000000 0x0000000000000000
infoc            0x0000000000000000 0x0000000000000000
infod            0x0000000000000000 0x0000000000000000
ram2             0x0000000000000000 0x0000000000000000 xw
usbram           0x0000000000000000 0x0000000000000000 xw
far_rom          0x0000000000000000 0x0000000000000000
*default*        0x0000000000000000 0xffffffffffffffff

Linker script and memory map

LOAD /opt/compilers/mspgcc-4.7.3/bin/../lib/gcc/msp430/4.7.3/mmpy-16/crt0ivtbl16.o
LOAD example-runicast-srdcp.co
LOAD obj_sky/my_collect.o
LOAD obj_sky/routing_table.o
LOAD obj_sky/topology_report.o
LOAD obj_sky/contiki-sky-main.o
LOAD contiki-sky.a
LOAD /opt/compilers/mspgcc-4.7.3/bin/../lib/gcc/msp430/4.7.3/mmpy-16/libgcc.a
LOAD /opt/compilers/mspgcc-4.7.3/bin/../lib/gcc/msp430/4.7.3/../../../../msp430/lib/mmpy-16/libc.a
LOAD /opt/compilers/mspgcc-4.7.3/bin/../lib/gcc/msp430/4.7.3/mmpy-16/libgcc.a
LOAD /opt/compilers/mspgcc-4.7.3/bin/../lib/gcc/msp430/4.7.3/mmpy-16/libcrt0.a
                0x0000000000000080                PROVIDE (__info_segment_size, 0x80)
                0x0000000000001000                PROVIDE (__infob, 0x1000)
                0x0000000000001080                PROVIDE (__infoa, 0x1080)
                0x0000000000000000                __IE1 = 0x0
                0x0000000000000002                __IFG1 = 0x2
                0x0000000000000004                __ME1 = 0x4
                0x0000000000000001                __IE2 = 0x1
                0x0000000000000003                __IFG2 = 0x3
                0x0000000000000005                __ME2 = 0x5
                0x0000000000000120                __WDTCTL = 0x120
                0x0000000000000130                __MPY = 0x130
                0x0000000000000132                __MPYS = 0x132
                0x0000000000000134                __MAC = 0x134
                0x0000000000000136                __MACS = 0x136
                0x0000000000000138                __OP2 = 0x138
                0x000000000000013a                __RESLO = 0x13a
                0x000000000000013c                __RESHI = 0x13c
                0x000000000000013e                __SUMEXT = 0x13e
                0x0000000000000020                __P1IN = 0x20
                0x0000000000000021                __P1OUT = 0x21
                0x0000000000000022                __P1DIR = 0x22
                0x0000000000000023                __P1IFG = 0x23
                0x0000000000000024                __P1IES = 0x24
                0x0000000000000025                __P1IE = 0x25
                0x0000000000000026                __P1SEL = 0x26
                0x0000000000000028                __P2IN = 0x28
                0x0000000000000029                __P2OUT = 0x29
                0x000000000000002a                __P2DIR = 0x2a
                0x000000000000002b                __P2IFG = 0x2b
                0x000000000000002c                __P2IES = 0x2c
                0x000000000000002d                __P2IE = 0x2d
                0x000000000000002e                __P2SEL = 0x2e
                0x0000000000000018                __P3IN = 0x18
                0x0000000000000019                __P3OUT = 0x19
                0x000000000000001a                __P3DIR = 0x1a
                0x000000000000001b                __P3SEL = 0x1b
                0x000000000000001c                __P4IN = 0x1c
                0x000000000000001d                __P4OUT = 0x1d
                0x000000000000001e                __P4DIR = 0x1e
                0x000000000000001f                __P4SEL = 0x1f
                0x0000000000000030                __P5IN = 0x30
                0x0000000000000031                __P5OUT = 0x31
                0x0000000000000032                __P5DIR = 0x32
                0x0000000000000033                __P5SEL = 0x33
                0x0000000000000034                __P6IN = 0x34
                0x0000000000000035                __P6OUT = 0x35
                0x0000000000000036                __P6DIR = 0x36
                0x0000000000000037                __P6SEL = 0x37
                0x0000000000000070                __U0CTL = 0x70
                0x0000000000000071                __U0TCTL = 0x71
                0x0000000000000072                __U0RCTL = 0x72
                0x0000000000000073                __U0MCTL = 0x73
                0x0000000000000074                __U0BR0 = 0x74
                0x0000000000000075                __U0BR1 = 0x75
                0x0000000000000076                __U0RXBUF = 0x76
                0x0000000000000077                __U0TXBUF = 0x77
                0x0000000000000078                __U1CTL = 0x78
                0x0000000000000079                __U1TCTL = 0x79
                0x000000000000007a                __U1RCTL = 0x7a
                0x000000000000007b                __U1MCTL = 0x7b
                0x000000000000007c                __U1BR0 = 0x7c
                0x000000000000007d                __U1BR1 = 0x7d
                0x000000000000007e                __U1RXBUF = 0x7e
                0x000000000000007f                __U1TXBUF = 0x7f
                0x0000000000000050                __I2CIE = 0x50
                0x0000000000000051                __I2CIFG = 0x51
                0x0000000000000052                __I2CNDAT = 0x52
                0x0000000000000071                __I2CTCTL = 0x71
                0x0000000000000072                __I2CDCTL = 0x72
                0x0000000000000073                __I2CPSC = 0x73
                0x0000000000000074                __I2CSCLH = 0x74
                0x0000000000000075                __I2CSCLL = 0x75
                0x0000000000000076                __I2CDRB = 0x76
                0x0000000000000076                __I2CDRW = 0x76
                0x0000000000000118                __I2COA = 0x118
                0x000000000000011a                __I2CSA = 0x11a
                0x000000000000011c                __I2CIV = 0x11c
                0x000000000000012e                __TAIV = 0x12e
                0x0000000000000160                __TACTL = 0x160
                0x0000000000000162                __TACCTL0 = 0x162
                0x0000000000000164                __TACCTL1 = 0x164
                0x0000000000000166                __TACCTL2 = 0x166
                0x0000000000000170                __TAR = 0x170
                0x0000000000000172                __TACCR0 = 0x172
                0x0000000000000174                __TACCR1 = 0x174
                0x0000000000000176                __TACCR2 = 0x176
                0x000000000000011e                __TBIV = 0x11e
                0x0000000000000180                __TBCTL = 0x180
                0x0000000000000182                __TBCCTL0 = 0x182
                0x0000000000000184                __TBCCTL1 = 0x184
                0x0000000000000186                __TBCCTL2 = 0x186
                0x0000000000000188                __TBCCTL3 = 0x188
                0x000000000000018a                __TBCCTL4 = 0x18a
                0x000000000000018c                __TBCCTL5 = 0x18c
                0x000000000000018e                __TBCCTL6 = 0x18e
                0x0000000000000190                __TBR = 0x190
                0x0000000000000192                __TBCCR0 = 0x192
                0x0000000000000194                __TBCCR1 = 0x194
                0x0000000000000196                __TBCCR2 = 0x196
                0x0000000000000198                __TBCCR3 = 0x198
                0x000000000000019a                __TBCCR4 = 0x19a
                0x000000000000019c                __TBCCR5 = 0x19c
                0x000000000000019e                __TBCCR6 = 0x19e
                0x0000000000000056                __DCOCTL = 0x56
                0x0000000000000057                __BCSCTL1 = 0x57
                0x0000000000000058                __BCSCTL2 = 0x58
                0x0000000000000055                __SVSCTL = 0x55
                0x0000000000000128                __FCTL1 = 0x128
                0x000000000000012a                __FCTL2 = 0x12a
                0x000000000000012c                __FCTL3 = 0x12c
                0x0000000000000059                __CACTL1 = 0x59
                0x000000000000005a                __CACTL2 = 0x5a
                0x000000000000005b                __CAPD = 0x5b
                0x00000000000001a0                __ADC12CTL0 = 0x1a0
                0x00000000000001a2                __ADC12CTL1 = 0x1a2
                0x00000000000001a4                __ADC12IFG = 0x1a4
                0x00000000000001a6                __ADC12IE = 0x1a6
                0x00000000000001a8                __ADC12IV = 0x1a8
                0x0000000000000140                __ADC12MEM0 = 0x140
                0x0000000000000142                __ADC12MEM1 = 0x142
                0x0000000000000144                __ADC12MEM2 = 0x144
                0x0000000000000146                __ADC12MEM3 = 0x146
                0x0000000000000148                __ADC12MEM4 = 0x148
                0x000000000000014a                __ADC12MEM5 = 0x14a
                0x000000000000014c                __ADC12MEM6 = 0x14c
                0x000000000000014e                __ADC12MEM7 = 0x14e
                0x0000000000000150                __ADC12MEM8 = 0x150
                0x0000000000000152                __ADC12MEM9 = 0x152
                0x0000000000000154                __ADC12MEM10 = 0x154
                0x0000000000000156                __ADC12MEM11 = 0x156
                0x0000000000000158                __ADC12MEM12 = 0x158
                0x000000000000015a                __ADC12MEM13 = 0x15a
                0x000000000000015c                __ADC12MEM14 = 0x15c
                0x000000000000015e                __ADC12MEM15 = 0x15e
                0x0000000000000080                __ADC12MCTL0 = 0x80
                0x0000000000000081                __ADC12MCTL1 = 0x81
                0x0000000000000082                __ADC12MCTL2 = 0x82
                0x0000000000000083                __ADC12MCTL3 = 0x83
                0x0000000000000084                __ADC12MCTL4 = 0x84
                0x0000000000000085                __ADC12MCTL5 = 0x85
                0x0000000000000086                __ADC12MCTL6 = 0x86
                0x0000000000000087                __ADC12MCTL7 = 0x87
                0x0000000000000088                __ADC12MCTL8 = 0x88
                0x0000000000000089                __ADC12MCTL9 = 0x89
                0x000000000000008a                __ADC12MCTL10 = 0x8a
                0x000000000000008b                __ADC12MCTL11 = 0x8b
                0x000000000000008c                __ADC12MCTL12 = 0x8c
                0x000000000000008d                __ADC12MCTL13 = 0x8d
                0x000000000000008e                __ADC12MCTL14 = 0x8e
                0x000000000000008f                __ADC12MCTL15 = 0x8f
                0x00000000000001c0                __DAC12_0CTL = 0x1c0
                0x00000000000001c2                __DAC12_1CTL = 0x1c2
                0x00000000000001c8                __DAC12_0DAT = 0x1c8
                0x00000000000001ca                __DAC12_1DAT = 0x1ca
                0x0000000000000122                __DMACTL0 = 0x122
                0x0000000000000124                __DMACTL1 = 0x124
                0x00000000000001e0                __DMA0CTL = 0x1e0
                0x00000000000001e8                __DMA1CTL = 0x1e8
                0x00000000000001f0                __DMA2CTL = 0x1f0
                0x00000000000001e2                __DMA0SA = 0x1e2
                0x00000000000001e4                __DMA0DA = 0x1e4
                0x00000000000001e6                __DMA0SZ = 0x1e6
                0x00000000000001ea                __DMA1SA = 0x1ea
                0x00000000000001ec                __DMA1DA = 0x1ec
                0x00000000000001ee                __DMA1SZ = 0x1ee
                0x00000000000001f2                __DMA2SA = 0x1f2
                0x00000000000001f4                __DMA2DA = 0x1f4
                0x00000000000001f6                __DMA2SZ = 0x1f6

.hash
 *(.hash)

.dynsym
 *(.dynsym)

.dynstr
 *(.dynstr)

.gnu.version
 *(.gnu.version)

.gnu.version_d
 *(.gnu.version_d)

.gnu.version_r
 *(.gnu.version_r)

.rel.init
 *(.rel.init)

.rela.init
 *(.rela.init)

.rel.fini
 *(.rel.fini)

.rela.fini
 *(.rela.fini)

.rel.text
 *(.rel.text .rel.text.* .rel.gnu.linkonce.t.*)

.rela.text
 *(.rela.text .rela.text.* .rela.gnu.linkonce.t.*)

.rel.rodata
 *(.rel.rodata .rel.rodata.* .rel.gnu.linkonce.r.*)

.rela.rodata
 *(.rela.rodata .rela.rodata.* .rela.gnu.linkonce.r.*)

.rel.data
 *(.rel.data .rel.data.* .rel.gnu.linkonce.d.*)

.rela.data
 *(.rela.data .rela.data.* .rela.gnu.linkonce.d.*)

.rel.bss
 *(.rel.bss .rel.bss.* .rel.gnu.linkonce.b.*)

.rela.bss
 *(.rela.bss .rela.bss.* .rela.gnu.linkonce.b.*)

.rel.ctors
 *(.rel.ctors)

.rela.ctors
 *(.rela.ctors)

.rel.dtors
 *(.rel.dtors)

.rela.dtors
 *(.rela.dtors)

.rel.got
 *(.rel.got)

.rela.got
 *(.rela.got)

.rel.plt
 *(.rel.plt)

.rela.plt
 *(.rela.plt)

.text           0x0000000000004000     0x6faa
                0x0000000000004000                . = ALIGN (0x2)
 *(.init .init.*)
 *(.init0)
 .init0         0x0000000000004000        0x0 /opt/compilers/mspgcc-4.7.3/bin/../lib/gcc/msp430/4.7.3/mmpy-16/libcrt0.a(_reset_vector__.o)
                0x0000000000004000                _reset_vector__
 *(.init1)
 .init1         0x0000000000004000        0xc /opt/compilers/mspgcc-4.7.3/bin/../lib/gcc/msp430/4.7.3/mmpy-16/libcrt0.a(__watchdog_support.o)
                0x0000000000004000                __watchdog_support
 *(.init2)
 .init2         0x000000000000400c        0x4 /opt/compilers/mspgcc-4.7.3/bin/../lib/gcc/msp430/4.7.3/mmpy-16/libcrt0.a(__init_stack.o)
                0x000000000000400c                __init_stack
 *(.init3)
 .init3         0x0000000000004010        0x0 /opt/compilers/mspgcc-4.7.3/bin/../lib/gcc/msp430/4.7.3/mmpy-16/libcrt0.a(__low_level_init.o)
                0x0000000000004010                __low_level_init
 *(.init4)
 .init4         0x0000000000004010       0x18 /opt/compilers/mspgcc-4.7.3/bin/../lib/gcc/msp430/4.7.3/mmpy-16/libcrt0.a(_copy_data.o)
                0x0000000000004010                __do_copy_data
 .init4         0x0000000000004028       0x16 /opt/compilers/mspgcc-4.7.3/bin/../lib/gcc/msp430/4.7.3/mmpy-16/libcrt0.a(_clear_bss.o)
                0x0000000000004028                __do_clear_bss
 *(.init5)
 *(.init6)
 *(.init7)
 *(.init8)
 *(.init9)
 .init9         0x000000000000403e      0x2d8 obj_sky/contiki-sky-main.o
                0x000000000000403e                main
 *(.fini9)
 .fini9         0x0000000000004316        0x0 /opt/compilers/mspgcc-4.7.3/bin/../lib/gcc/msp430/4.7.3/mmpy-16/libcrt0.a(__stop_progExec__.o)
                0x0000000000004316                __stop_progExec__
 *(.fini8)
 *(.fini7)
 *(.fini6)
 *(.fini5)
 *(.fini4)
 *(.fini3)
 *(.fini2)
 *(.fini1)
 *(.fini0)
 .fini0         0x0000000000004316        0x6 /opt/compilers/mspgcc-4.7.3/bin/../lib/gcc/msp430/4.7.3/mmpy-16/libcrt0.a(_endless_loop__.o)
                0x0000000000004316                _endless_loop__
 *(.fini .fini.*)
                0x000000000000431c                . = ALIGN (0x2)
                0x000000000000431c                __ctors_start = .
 *(.ctors)
                0x000000000000431c                __ctors_end = .
                0x000000000000431c                __dtors_start = .
 *(.dtors)
                0x000000000000431c                __dtors_end = .
                0x000000000000431c                . = ALIGN (0x2)
 *(.text .text.* .gnu.linkonce.t.*)
 .text          0x000000000000431c        0x4 /opt/compilers/mspgcc-4.7.3/bin/../lib/gcc/msp430/4.7.3/mmpy-16/crt0ivtbl16.o
                0x000000000000431c                __isr_14
                0x000000000000431c                __isr_11
                0x000000000000431c                __isr_2
                0x000000000000431c                __isr_7
                0x000000000000431c                __isr_0
                0x000000000000431c                __isr_8
                0x000000000000431c                __isr_3
                0x000000000000431c                __isr_12
                0x000000000000431c                __isr_13
                0x000000000000431c                __isr_9
 .text.nei_print_csv_all
                0x0000000000004320      0x276 example-runicast-srdcp.co
 .text.pdr_dl_print_csv
                0x0000000000004596      0x14a example-runicast-srdcp.co
 .text.process_thread_example_runicast_srdcp_process
                0x00000000000046e0      0x412 example-runicast-srdcp.co
 .text.nei_lookup_or_add
                0x0000000000004af2       0xce example-runicast-srdcp.co
 .text.nei_update_from_rx
                0x0000000000004bc0       0x48 example-runicast-srdcp.co
 .text.sr_recv_cb
                0x0000000000004c08      0x132 example-runicast-srdcp.co
 .text.recv_cb  0x0000000000004d3a      0x38a example-runicast-srdcp.co
 .text.srdcp_app_beacon_observed
                0x00000000000050c4       0x36 example-runicast-srdcp.co
                0x00000000000050c4                srdcp_app_beacon_observed
 .text.bc_recv  0x00000000000050fa      0x158 obj_sky/my_collect.o
                0x00000000000050fa                bc_recv
 .text.my_collect_open
                0x0000000000005252       0x7e obj_sky/my_collect.o
                0x0000000000005252                my_collect_open
 .text.send_beacon
                0x00000000000052d0       0x3e obj_sky/my_collect.o
                0x00000000000052d0                send_beacon
 .text.beacon_timer_cb
                0x000000000000530e       0x2e obj_sky/my_collect.o
                0x000000000000530e                beacon_timer_cb
 .text.my_collect_send
                0x000000000000533c       0x96 obj_sky/my_collect.o
                0x000000000000533c                my_collect_send
 .text.sr_send  0x00000000000053d2       0xbc obj_sky/my_collect.o
                0x00000000000053d2                sr_send
 .text.check_address_in_piggyback_block
                0x000000000000548e       0x80 obj_sky/my_collect.o
                0x000000000000548e                check_address_in_piggyback_block
 .text.forward_upward_data
                0x000000000000550e      0x1a6 obj_sky/my_collect.o
                0x000000000000550e                forward_upward_data
 .text.forward_downward_data
                0x00000000000056b4       0xde obj_sky/my_collect.o
                0x00000000000056b4                forward_downward_data
 .text.uc_recv  0x0000000000005792       0xaa obj_sky/my_collect.o
                0x0000000000005792                uc_recv
 .text.print_dict_state
                0x000000000000583c       0x42 obj_sky/routing_table.o
                0x000000000000583c                print_dict_state
 .text.dict_find_index
                0x000000000000587e       0x48 obj_sky/routing_table.o
                0x000000000000587e                dict_find_index
 .text.dict_find
                0x00000000000058c6       0x2e obj_sky/routing_table.o
                0x00000000000058c6                dict_find
 .text.dict_add
                0x00000000000058f4       0xac obj_sky/routing_table.o
                0x00000000000058f4                dict_add
 .text.init_routing_path
                0x00000000000059a0       0x26 obj_sky/routing_table.o
                0x00000000000059a0                init_routing_path
 .text.already_in_route
                0x00000000000059c6       0x3c obj_sky/routing_table.o
                0x00000000000059c6                already_in_route
 .text.find_route
                0x0000000000005a02       0x94 obj_sky/routing_table.o
                0x0000000000005a02                find_route
 .text.print_route
                0x0000000000005a96       0x4c obj_sky/routing_table.o
                0x0000000000005a96                print_route
 .text.check_topology_report_address
                0x0000000000005ae2       0x80 obj_sky/topology_report.o
                0x0000000000005ae2                check_topology_report_address
 .text.send_topology_report
                0x0000000000005b62      0x11c obj_sky/topology_report.o
                0x0000000000005b62                send_topology_report
 .text.topology_report_hold_cb
                0x0000000000005c7e       0x12 obj_sky/topology_report.o
                0x0000000000005c7e                topology_report_hold_cb
 .text.deliver_topology_report_to_sink
                0x0000000000005c90       0xbc obj_sky/topology_report.o
                0x0000000000005c90                deliver_topology_report_to_sink
 .text.sniffprint
                0x0000000000005d4c       0x72 contiki-sky.a(powertrace.o)
 .text.output_printsniffer
                0x0000000000005dbe       0x16 contiki-sky.a(powertrace.o)
 .text.add_stats
                0x0000000000005dd4       0x56 contiki-sky.a(powertrace.o)
 .text.add_packet_stats
                0x0000000000005e2a       0x5e contiki-sky.a(powertrace.o)
 .text.output_sniffer
                0x0000000000005e88        0x8 contiki-sky.a(powertrace.o)
 .text.input_sniffer
                0x0000000000005e90        0x8 contiki-sky.a(powertrace.o)
 .text.input_printsniffer
                0x0000000000005e98       0x70 contiki-sky.a(powertrace.o)
 .text.powertrace_print
                0x0000000000005f08      0x7bc contiki-sky.a(powertrace.o)
                0x0000000000005f08                powertrace_print
 .text.process_thread_powertrace_process
                0x00000000000066c4       0x60 contiki-sky.a(powertrace.o)
 .text.powertrace_start
                0x0000000000006724       0x18 contiki-sky.a(powertrace.o)
                0x0000000000006724                powertrace_start
 .text.init_platform
                0x000000000000673c        0xc contiki-sky.a(contiki-sky-pla)
                0x000000000000673c                init_platform
 .text.owreadb  0x0000000000006748       0x50 contiki-sky.a(ds2411.o)
 .text.ds2411_init
                0x0000000000006798      0x120 contiki-sky.a(ds2411.o)
                0x0000000000006798                ds2411_init
 .text.wait_ready
                0x00000000000068b8       0x4a contiki-sky.a(xmem.o)
 .text.xmem_init
                0x0000000000006902       0x3c contiki-sky.a(xmem.o)
                0x0000000000006902                xmem_init
 .text.xmem_pread
                0x000000000000693e       0xda contiki-sky.a(xmem.o)
                0x000000000000693e                xmem_pread
 .text.node_id_restore
                0x0000000000006a18       0x38 contiki-sky.a(node-id.o)
                0x0000000000006a18                node_id_restore
 .text.process_thread_sensors_process
                0x0000000000006a50       0xc2 contiki-sky.a(sensors.o)
 .text.sensors_changed
                0x0000000000006b12       0x2a contiki-sky.a(sensors.o)
                0x0000000000006b12                sensors_changed
 .text.get_object
                0x0000000000006b3c        0x4 contiki-sky.a(cc2420.o)
 .text.set_object
                0x0000000000006b40        0x4 contiki-sky.a(cc2420.o)
 .text.strobe   0x0000000000006b44       0x1c contiki-sky.a(cc2420.o)
 .text.getreg   0x0000000000006b60       0x4c contiki-sky.a(cc2420.o)
 .text.setreg   0x0000000000006bac       0x4c contiki-sky.a(cc2420.o)
 .text.write_ram
                0x0000000000006bf8       0x7c contiki-sky.a(cc2420.o)
 .text.write_fifo_buf
                0x0000000000006c74       0x3c contiki-sky.a(cc2420.o)
 .text.get_status
                0x0000000000006cb0       0x20 contiki-sky.a(cc2420.o)
 .text.set_txpower
                0x0000000000006cd0       0x24 contiki-sky.a(cc2420.o)
 .text.cc2420_receiving_packet
                0x0000000000006cf4        0xc contiki-sky.a(cc2420.o)
 .text.pending_packet
                0x0000000000006d00        0x8 contiki-sky.a(cc2420.o)
 .text.on       0x0000000000006d08       0x26 contiki-sky.a(cc2420.o)
 .text.wait_for_transmission
                0x0000000000006d2e       0x22 contiki-sky.a(cc2420.o)
 .text.wait_for_status
                0x0000000000006d50       0x28 contiki-sky.a(cc2420.o)
 .text.getrxdata
                0x0000000000006d78       0x50 contiki-sky.a(cc2420.o)
 .text.flushrx  0x0000000000006dc8       0x1a contiki-sky.a(cc2420.o)
 .text.off      0x0000000000006de2       0x5e contiki-sky.a(cc2420.o)
 .text.RELEASE_LOCK
                0x0000000000006e40       0x28 contiki-sky.a(cc2420.o)
 .text.set_key  0x0000000000006e68       0x18 contiki-sky.a(cc2420.o)
 .text.set_frame_filtering
                0x0000000000006e80       0x30 contiki-sky.a(cc2420.o)
 .text.set_auto_ack
                0x0000000000006eb0       0x30 contiki-sky.a(cc2420.o)
 .text.set_poll_mode
                0x0000000000006ee0       0x2c contiki-sky.a(cc2420.o)
 .text.cc2420_prepare
                0x0000000000006f0c       0x44 contiki-sky.a(cc2420.o)
 .text.cc2420_on
                0x0000000000006f50       0x22 contiki-sky.a(cc2420.o)
                0x0000000000006f50                cc2420_on
 .text.cc2420_off
                0x0000000000006f72       0x30 contiki-sky.a(cc2420.o)
                0x0000000000006f72                cc2420_off
 .text.cc2420_cca
                0x0000000000006fa2       0x68 contiki-sky.a(cc2420.o)
 .text.cc2420_read
                0x000000000000700a       0xea contiki-sky.a(cc2420.o)
 .text.process_thread_cc2420_process
                0x00000000000070f4       0x5c contiki-sky.a(cc2420.o)
 .text.encrypt  0x0000000000007150       0x88 contiki-sky.a(cc2420.o)
 .text.cc2420_set_channel
                0x00000000000071d8       0x3c contiki-sky.a(cc2420.o)
                0x00000000000071d8                cc2420_set_channel
 .text.cc2420_set_pan_addr
                0x0000000000007214       0x4c contiki-sky.a(cc2420.o)
                0x0000000000007214                cc2420_set_pan_addr
 .text.cc2420_interrupt
                0x0000000000007260       0x16 contiki-sky.a(cc2420.o)
                0x0000000000007260                cc2420_interrupt
 .text.cc2420_set_txpower
                0x0000000000007276        0xe contiki-sky.a(cc2420.o)
                0x0000000000007276                cc2420_set_txpower
 .text.cc2420_get_txpower
                0x0000000000007284       0x1e contiki-sky.a(cc2420.o)
                0x0000000000007284                cc2420_get_txpower
 .text.cc2420_transmit
                0x00000000000072a2      0x13e contiki-sky.a(cc2420.o)
 .text.cc2420_send
                0x00000000000073e0       0x12 contiki-sky.a(cc2420.o)
 .text.cc2420_rssi
                0x00000000000073f2       0x4c contiki-sky.a(cc2420.o)
                0x00000000000073f2                cc2420_rssi
 .text.get_value
                0x000000000000743e      0x104 contiki-sky.a(cc2420.o)
 .text.cc2420_set_cca_threshold
                0x0000000000007542       0x16 contiki-sky.a(cc2420.o)
                0x0000000000007542                cc2420_set_cca_threshold
 .text.set_value
                0x0000000000007558       0xb8 contiki-sky.a(cc2420.o)
 .text.cc2420_init
                0x0000000000007610       0xea contiki-sky.a(cc2420.o)
                0x0000000000007610                cc2420_init
 .text.cc2420_port1_interrupt
                0x00000000000076fa       0x62 contiki-sky.a(cc2420-arch.o)
                0x00000000000076fa                __isr_4
                0x00000000000076fa                cc2420_port1_interrupt
 .text.cc2420_arch_init
                0x000000000000775c       0x1a contiki-sky.a(cc2420-arch.o)
                0x000000000000775c                cc2420_arch_init
 .text.handle_rxdma_timer
                0x0000000000007776       0x3a contiki-sky.a(uart1.o)
 .text.uart1_active
                0x00000000000077b0       0x18 contiki-sky.a(uart1.o)
                0x00000000000077b0                uart1_active
 .text.uart1_set_input
                0x00000000000077c8       0x20 contiki-sky.a(uart1.o)
                0x00000000000077c8                uart1_set_input
 .text.uart1_writeb
                0x00000000000077e8       0x18 contiki-sky.a(uart1.o)
                0x00000000000077e8                uart1_writeb
 .text.uart1_init
                0x0000000000007800       0xf4 contiki-sky.a(uart1.o)
                0x0000000000007800                uart1_init
 .text.putchar  0x00000000000078f4       0x10 contiki-sky.a(uart1-putchar.o)
                0x00000000000078f4                putchar
 .text.msp430_init_dco
                0x0000000000007904       0x82 contiki-sky.a(msp430.o)
                0x0000000000007904                msp430_init_dco
 .text.msp430_add_lpm_req
                0x0000000000007986        0xc contiki-sky.a(msp430.o)
                0x0000000000007986                msp430_add_lpm_req
 .text.msp430_cpu_init
                0x0000000000007992       0x2a contiki-sky.a(msp430.o)
                0x0000000000007992                msp430_cpu_init
 .text.splhigh_
                0x00000000000079bc        0x8 contiki-sky.a(msp430.o)
                0x00000000000079bc                splhigh_
 .text.msp430_sync_dco
                0x00000000000079c4       0x6c contiki-sky.a(msp430.o)
                0x00000000000079c4                msp430_sync_dco
 .text.timera1  0x0000000000007a30      0x11e contiki-sky.a(clock.o)
                0x0000000000007a30                __isr_5
                0x0000000000007a30                timera1
 .text.clock_time
                0x0000000000007b4e       0x1a contiki-sky.a(clock.o)
                0x0000000000007b4e                clock_time
 .text.clock_init
                0x0000000000007b68       0x28 contiki-sky.a(clock.o)
                0x0000000000007b68                clock_init
 .text.clock_delay
                0x0000000000007b90        0xc contiki-sky.a(clock.o)
                0x0000000000007b90                clock_delay
 .text.show_leds
                0x0000000000007b9c       0xf0 contiki-sky.a(leds.o)
 .text.leds_init
                0x0000000000007c8c        0xa contiki-sky.a(leds.o)
                0x0000000000007c8c                leds_init
 .text.leds_on  0x0000000000007c96        0xa contiki-sky.a(leds.o)
                0x0000000000007c96                leds_on
 .text.leds_off
                0x0000000000007ca0        0xe contiki-sky.a(leds.o)
                0x0000000000007ca0                leds_off
 .text.leds_arch_init
                0x0000000000007cae        0xe contiki-sky.a(leds-arch.o)
                0x0000000000007cae                leds_arch_init
 .text.leds_arch_set
                0x0000000000007cbc       0x38 contiki-sky.a(leds-arch.o)
                0x0000000000007cbc                leds_arch_set
 .text.watchdog_interrupt
                0x0000000000007cf4        0x6 contiki-sky.a(watchdog.o)
                0x0000000000007cf4                __isr_10
                0x0000000000007cf4                watchdog_interrupt
 .text.watchdog_start
                0x0000000000007cfa       0x14 contiki-sky.a(watchdog.o)
                0x0000000000007cfa                watchdog_start
 .text.watchdog_periodic
                0x0000000000007d0e       0x12 contiki-sky.a(watchdog.o)
                0x0000000000007d0e                watchdog_periodic
 .text.watchdog_stop
                0x0000000000007d20       0x16 contiki-sky.a(watchdog.o)
                0x0000000000007d20                watchdog_stop
 .text.watchdog_init
                0x0000000000007d36       0x12 contiki-sky.a(watchdog.o)
                0x0000000000007d36                watchdog_init
 .text.rtimer_arch_init
                0x0000000000007d48        0xe contiki-sky.a(rtimer-arch.o)
                0x0000000000007d48                rtimer_arch_init
 .text.rtimer_arch_now
                0x0000000000007d56        0xe contiki-sky.a(rtimer-arch.o)
                0x0000000000007d56                rtimer_arch_now
 .text.timera0  0x0000000000007d64       0x70 contiki-sky.a(rtimer-arch.o)
                0x0000000000007d64                __isr_6
                0x0000000000007d64                timera0
 .text.rtimer_arch_schedule
                0x0000000000007dd4        0x6 contiki-sky.a(rtimer-arch.o)
                0x0000000000007dd4                rtimer_arch_schedule
 .text.autostart_start
                0x0000000000007dda       0x16 contiki-sky.a(autostart.o)
                0x0000000000007dda                autostart_start
 .text.process_thread_ctimer_process
                0x0000000000007df0       0xa8 contiki-sky.a(ctimer.o)
 .text.ctimer_init
                0x0000000000007e98       0x18 contiki-sky.a(ctimer.o)
                0x0000000000007e98                ctimer_init
 .text.ctimer_set_with_process
                0x0000000000007eb0       0x4e contiki-sky.a(ctimer.o)
                0x0000000000007eb0                ctimer_set_with_process
 .text.ctimer_set
                0x0000000000007efe       0x10 contiki-sky.a(ctimer.o)
                0x0000000000007efe                ctimer_set
 .text.ctimer_reset
                0x0000000000007f0e       0x30 contiki-sky.a(ctimer.o)
                0x0000000000007f0e                ctimer_reset
 .text.ctimer_stop
                0x0000000000007f3e       0x28 contiki-sky.a(ctimer.o)
                0x0000000000007f3e                ctimer_stop
 .text.energest_init
                0x0000000000007f66       0x26 contiki-sky.a(energest.o)
                0x0000000000007f66                energest_init
 .text.energest_type_time
                0x0000000000007f8c       0x48 contiki-sky.a(energest.o)
                0x0000000000007f8c                energest_type_time
 .text.energest_type_set
                0x0000000000007fd4        0xe contiki-sky.a(energest.o)
                0x0000000000007fd4                energest_type_set
 .text.energest_flush
                0x0000000000007fe2       0x48 contiki-sky.a(energest.o)
                0x0000000000007fe2                energest_flush
 .text.update_time
                0x000000000000802a       0x78 contiki-sky.a(etimer.o)
 .text.etimer_request_poll
                0x00000000000080a2        0xa contiki-sky.a(etimer.o)
                0x00000000000080a2                etimer_request_poll
 .text.process_thread_etimer_process
                0x00000000000080ac       0xcc contiki-sky.a(etimer.o)
 .text.add_timer
                0x0000000000008178       0x40 contiki-sky.a(etimer.o)
 .text.etimer_set
                0x00000000000081b8       0x12 contiki-sky.a(etimer.o)
                0x00000000000081b8                etimer_set
 .text.etimer_reset
                0x00000000000081ca       0x12 contiki-sky.a(etimer.o)
                0x00000000000081ca                etimer_reset
 .text.etimer_expired
                0x00000000000081dc        0xe contiki-sky.a(etimer.o)
                0x00000000000081dc                etimer_expired
 .text.etimer_pending
                0x00000000000081ea        0xc contiki-sky.a(etimer.o)
                0x00000000000081ea                etimer_pending
 .text.etimer_next_expiration_time
                0x00000000000081f6       0x16 contiki-sky.a(etimer.o)
                0x00000000000081f6                etimer_next_expiration_time
 .text.etimer_stop
                0x000000000000820c       0x3e contiki-sky.a(etimer.o)
                0x000000000000820c                etimer_stop
 .text.call_process
                0x000000000000824a       0x46 contiki-sky.a(process.o)
 .text.exit_process
                0x0000000000008290       0x96 contiki-sky.a(process.o)
 .text.do_poll  0x0000000000008326       0x30 contiki-sky.a(process.o)
 .text.process_alloc_event
                0x0000000000008356        0xe contiki-sky.a(process.o)
                0x0000000000008356                process_alloc_event
 .text.process_init
                0x0000000000008364       0x1c contiki-sky.a(process.o)
                0x0000000000008364                process_init
 .text.process_run
                0x0000000000008380       0x92 contiki-sky.a(process.o)
                0x0000000000008380                process_run
 .text.process_nevents
                0x0000000000008412        0xe contiki-sky.a(process.o)
                0x0000000000008412                process_nevents
 .text.process_post
                0x0000000000008420       0x4e contiki-sky.a(process.o)
                0x0000000000008420                process_post
 .text.process_post_synch
                0x000000000000846e       0x12 contiki-sky.a(process.o)
                0x000000000000846e                process_post_synch
 .text.process_start
                0x0000000000008480       0x36 contiki-sky.a(process.o)
                0x0000000000008480                process_start
 .text.process_poll
                0x00000000000084b6       0x18 contiki-sky.a(process.o)
                0x00000000000084b6                process_poll
 .text.rtimer_init
                0x00000000000084ce        0x6 contiki-sky.a(rtimer.o)
                0x00000000000084ce                rtimer_init
 .text.rtimer_run_next
                0x00000000000084d4       0x26 contiki-sky.a(rtimer.o)
                0x00000000000084d4                rtimer_run_next
 .text.timer_set
                0x00000000000084fa       0x1c contiki-sky.a(timer.o)
                0x00000000000084fa                timer_set
 .text.timer_reset
                0x0000000000008516        0xe contiki-sky.a(timer.o)
                0x0000000000008516                timer_reset
 .text.timer_expired
                0x0000000000008524       0x2a contiki-sky.a(timer.o)
                0x0000000000008524                timer_expired
 .text.process_thread_serial_line_process
                0x000000000000854e       0x9e contiki-sky.a(serial-line.o)
 .text.serial_line_input_byte
                0x00000000000085ec       0x4a contiki-sky.a(serial-line.o)
                0x00000000000085ec                serial_line_input_byte
 .text.serial_line_init
                0x0000000000008636       0x1c contiki-sky.a(serial-line.o)
                0x0000000000008636                serial_line_init
 .text.list_init
                0x0000000000008652        0x6 contiki-sky.a(list.o)
                0x0000000000008652                list_init
 .text.list_head
                0x0000000000008658        0x4 contiki-sky.a(list.o)
                0x0000000000008658                list_head
 .text.list_tail
                0x000000000000865c       0x12 contiki-sky.a(list.o)
                0x000000000000865c                list_tail
 .text.list_remove
                0x000000000000866e       0x34 contiki-sky.a(list.o)
                0x000000000000866e                list_remove
 .text.list_push
                0x00000000000086a2       0x1a contiki-sky.a(list.o)
                0x00000000000086a2                list_push
 .text.list_add
                0x00000000000086bc       0x2a contiki-sky.a(list.o)
                0x00000000000086bc                list_add
 .text.list_length
                0x00000000000086e6       0x10 contiki-sky.a(list.o)
                0x00000000000086e6                list_length
 .text.list_item_next
                0x00000000000086f6        0xc contiki-sky.a(list.o)
                0x00000000000086f6                list_item_next
 .text.memb_init
                0x0000000000008702       0x36 contiki-sky.a(memb.o)
                0x0000000000008702                memb_init
 .text.memb_alloc
                0x0000000000008738       0x3e contiki-sky.a(memb.o)
                0x0000000000008738                memb_alloc
 .text.memb_free
                0x0000000000008776       0x3a contiki-sky.a(memb.o)
                0x0000000000008776                memb_free
 .text.memb_inmemb
                0x00000000000087b0       0x2a contiki-sky.a(memb.o)
                0x00000000000087b0                memb_inmemb
 .text.random_init
                0x00000000000087da        0x6 contiki-sky.a(random.o)
                0x00000000000087da                random_init
 .text.random_rand
                0x00000000000087e0        0x6 contiki-sky.a(random.o)
                0x00000000000087e0                random_rand
 .text.ringbuf_init
                0x00000000000087e6       0x14 contiki-sky.a(ringbuf.o)
                0x00000000000087e6                ringbuf_init
 .text.ringbuf_put
                0x00000000000087fa       0x38 contiki-sky.a(ringbuf.o)
                0x00000000000087fa                ringbuf_put
 .text.ringbuf_get
                0x0000000000008832       0x32 contiki-sky.a(ringbuf.o)
                0x0000000000008832                ringbuf_get
 .text.sent_by_abc
                0x0000000000008864       0x10 contiki-sky.a(broadcast.o)
 .text.recv_from_abc
                0x0000000000008874       0x26 contiki-sky.a(broadcast.o)
 .text.broadcast_open
                0x000000000000889a       0x2a contiki-sky.a(broadcast.o)
                0x000000000000889a                broadcast_open
 .text.broadcast_send
                0x00000000000088c4       0x1a contiki-sky.a(broadcast.o)
                0x00000000000088c4                broadcast_send
 .text.channel_init
                0x00000000000088de        0xa contiki-sky.a(channel.o)
                0x00000000000088de                channel_init
 .text.channel_open
                0x00000000000088e8       0x10 contiki-sky.a(channel.o)
                0x00000000000088e8                channel_open
 .text.channel_lookup
                0x00000000000088f8       0x20 contiki-sky.a(channel.o)
                0x00000000000088f8                channel_lookup
 .text.channel_set_attributes
                0x0000000000008918       0x24 contiki-sky.a(channel.o)
                0x0000000000008918                channel_set_attributes
 .text.input    0x000000000000893c       0x42 contiki-sky.a(rime.o)
 .text.init     0x000000000000897e       0x2e contiki-sky.a(rime.o)
 .text.packet_sent
                0x00000000000089ac       0x44 contiki-sky.a(rime.o)
 .text.rime_output
                0x00000000000089f0       0x2c contiki-sky.a(rime.o)
                0x00000000000089f0                rime_output
 .text.sent_by_broadcast
                0x0000000000008a1c       0x10 contiki-sky.a(unicast.o)
 .text.recv_from_broadcast
                0x0000000000008a2c       0x2e contiki-sky.a(unicast.o)
 .text.unicast_open
                0x0000000000008a5a       0x2a contiki-sky.a(unicast.o)
                0x0000000000008a5a                unicast_open
 .text.unicast_send
                0x0000000000008a84       0x16 contiki-sky.a(unicast.o)
                0x0000000000008a84                unicast_send
 .text.input_packet
                0x0000000000008a9a        0x6 contiki-sky.a(csma.o)
 .text.on       0x0000000000008aa0        0x6 contiki-sky.a(csma.o)
 .text.off      0x0000000000008aa6        0x6 contiki-sky.a(csma.o)
 .text.channel_check_interval
                0x0000000000008aac       0x10 contiki-sky.a(csma.o)
 .text.transmit_packet_list
                0x0000000000008abc       0x24 contiki-sky.a(csma.o)
 .text.schedule_transmission
                0x0000000000008ae0       0x94 contiki-sky.a(csma.o)
 .text.init     0x0000000000008b74       0x1a contiki-sky.a(csma.o)
 .text.tx_done  0x0000000000008b8e       0x92 contiki-sky.a(csma.o)
 .text.send_packet
                0x0000000000008c20      0x170 contiki-sky.a(csma.o)
 .text.packet_sent
                0x0000000000008d90       0xd6 contiki-sky.a(csma.o)
 .text.mac_call_sent_callback
                0x0000000000008e66       0x14 contiki-sky.a(mac.o)
                0x0000000000008e66                mac_call_sent_callback
 .text.on       0x0000000000008e7a        0x6 contiki-sky.a(wurrdc.o)
 .text.off      0x0000000000008e80        0x6 contiki-sky.a(wurrdc.o)
 .text.turn_on  0x0000000000008e86        0x6 contiki-sky.a(wurrdc.o)
 .text.channel_check_interval
                0x0000000000008e8c        0x4 contiki-sky.a(wurrdc.o)
 .text.packet_input
                0x0000000000008e90       0x72 contiki-sky.a(wurrdc.o)
 .text.init     0x0000000000008f02       0x1c contiki-sky.a(wurrdc.o)
 .text.process_thread_wur_process
                0x0000000000008f1e      0x10e contiki-sky.a(wurrdc.o)
 .text.turn_off
                0x000000000000902c       0x10 contiki-sky.a(wurrdc.o)
 .text.send_one_packet
                0x000000000000903c      0x1a4 contiki-sky.a(wurrdc.o)
 .text.send_list
                0x00000000000091e0       0x30 contiki-sky.a(wurrdc.o)
 .text.send_packet
                0x0000000000009210        0x6 contiki-sky.a(wurrdc.o)
 .text.linkaddr_copy
                0x0000000000009216        0xc contiki-sky.a(linkaddr.o)
                0x0000000000009216                linkaddr_copy
 .text.linkaddr_cmp
                0x0000000000009222       0x12 contiki-sky.a(linkaddr.o)
                0x0000000000009222                linkaddr_cmp
 .text.linkaddr_set_node_addr
                0x0000000000009234        0xc contiki-sky.a(linkaddr.o)
                0x0000000000009234                linkaddr_set_node_addr
 .text.packetbuf_hdrreduce
                0x0000000000009240       0x1a contiki-sky.a(packetbuf.o)
                0x0000000000009240                packetbuf_hdrreduce
 .text.packetbuf_set_datalen
                0x000000000000925a        0x6 contiki-sky.a(packetbuf.o)
                0x000000000000925a                packetbuf_set_datalen
 .text.packetbuf_hdrptr
                0x0000000000009260        0x6 contiki-sky.a(packetbuf.o)
                0x0000000000009260                packetbuf_hdrptr
 .text.packetbuf_datalen
                0x0000000000009266        0x6 contiki-sky.a(packetbuf.o)
                0x0000000000009266                packetbuf_datalen
 .text.packetbuf_hdrlen
                0x000000000000926c        0xa contiki-sky.a(packetbuf.o)
                0x000000000000926c                packetbuf_hdrlen
 .text.packetbuf_dataptr
                0x0000000000009276        0xc contiki-sky.a(packetbuf.o)
                0x0000000000009276                packetbuf_dataptr
 .text.packetbuf_copyto
                0x0000000000009282       0x46 contiki-sky.a(packetbuf.o)
                0x0000000000009282                packetbuf_copyto
 .text.packetbuf_compact
                0x00000000000092c8       0x44 contiki-sky.a(packetbuf.o)
                0x00000000000092c8                packetbuf_compact
 .text.packetbuf_totlen
                0x000000000000930c        0xc contiki-sky.a(packetbuf.o)
                0x000000000000930c                packetbuf_totlen
 .text.packetbuf_hdralloc
                0x0000000000009318       0x3c contiki-sky.a(packetbuf.o)
                0x0000000000009318                packetbuf_hdralloc
 .text.packetbuf_attr_clear
                0x0000000000009354       0x2c contiki-sky.a(packetbuf.o)
                0x0000000000009354                packetbuf_attr_clear
 .text.packetbuf_clear
                0x0000000000009380       0x12 contiki-sky.a(packetbuf.o)
                0x0000000000009380                packetbuf_clear
 .text.packetbuf_copyfrom
                0x0000000000009392       0x2e contiki-sky.a(packetbuf.o)
                0x0000000000009392                packetbuf_copyfrom
 .text.packetbuf_attr_copyto
                0x00000000000093c0       0x20 contiki-sky.a(packetbuf.o)
                0x00000000000093c0                packetbuf_attr_copyto
 .text.packetbuf_attr_copyfrom
                0x00000000000093e0       0x22 contiki-sky.a(packetbuf.o)
                0x00000000000093e0                packetbuf_attr_copyfrom
 .text.packetbuf_holds_broadcast
                0x0000000000009402        0xe contiki-sky.a(packetbuf.o)
                0x0000000000009402                packetbuf_holds_broadcast
 .text.queuebuf_init
                0x0000000000009410       0x12 contiki-sky.a(queuebuf.o)
                0x0000000000009410                queuebuf_init
 .text.queuebuf_new_from_packetbuf
                0x0000000000009422       0x52 contiki-sky.a(queuebuf.o)
                0x0000000000009422                queuebuf_new_from_packetbuf
 .text.queuebuf_update_attr_from_packetbuf
                0x0000000000009474       0x12 contiki-sky.a(queuebuf.o)
                0x0000000000009474                queuebuf_update_attr_from_packetbuf
 .text.queuebuf_free
                0x0000000000009486       0x2a contiki-sky.a(queuebuf.o)
                0x0000000000009486                queuebuf_free
 .text.queuebuf_to_packetbuf
                0x00000000000094b0       0x32 contiki-sky.a(queuebuf.o)
                0x00000000000094b0                queuebuf_to_packetbuf
 .text.queuebuf_attr
                0x00000000000094e2        0xe contiki-sky.a(queuebuf.o)
                0x00000000000094e2                queuebuf_attr
 .text.init     0x00000000000094f0        0x2 contiki-sky.a(nullsec.o)
 .text.send     0x00000000000094f2        0xa contiki-sky.a(nullsec.o)
 .text.input    0x00000000000094fc        0x6 contiki-sky.a(nullsec.o)
 .text.value    0x0000000000009502        0x8 contiki-sky.a(wur.o)
 .text.status   0x000000000000950a       0x14 contiki-sky.a(wur.o)
 .text.configure
                0x000000000000951e       0x36 contiki-sky.a(wur.o)
 .text.irq_p2   0x0000000000009554       0x78 contiki-sky.a(wur.o)
                0x0000000000009554                irq_p2
                0x0000000000009554                __isr_1
 .text.wur_init
                0x00000000000095cc        0xe contiki-sky.a(wur.o)
                0x00000000000095cc                wur_init
 .text.wur_set_tx
                0x00000000000095da        0x6 contiki-sky.a(wur.o)
                0x00000000000095da                wur_set_tx
 .text.wur_clear_tx
                0x00000000000095e0        0x6 contiki-sky.a(wur.o)
                0x00000000000095e0                wur_clear_tx
 .text.spi_init
                0x00000000000095e6       0x30 contiki-sky.a(spi.o)
                0x00000000000095e6                spi_init
 .text.abc_open
                0x0000000000009616       0x26 contiki-sky.a(abc.o)
                0x0000000000009616                abc_open
 .text.abc_send
                0x000000000000963c        0x6 contiki-sky.a(abc.o)
                0x000000000000963c                abc_send
 .text.abc_input
                0x0000000000009642        0xe contiki-sky.a(abc.o)
                0x0000000000009642                abc_input
 .text.abc_sent
                0x0000000000009650       0x10 contiki-sky.a(abc.o)
                0x0000000000009650                abc_sent
 .text.announcement_init
                0x0000000000009660        0xa contiki-sky.a(announcement.o)
                0x0000000000009660                announcement_init
 .text.announcement_register_observer_callback
                0x000000000000966a        0x6 contiki-sky.a(announcement.o)
                0x000000000000966a                announcement_register_observer_callback
 .text.announcement_list
                0x0000000000009670        0xa contiki-sky.a(announcement.o)
                0x0000000000009670                announcement_list
 .text.announcement_heard
                0x000000000000967a       0x42 contiki-sky.a(announcement.o)
                0x000000000000967a                announcement_heard
 .text.adv_packet_sent
                0x00000000000096bc        0x2 contiki-sky.a(broadcast-annou)
 .text.adv_packet_received
                0x00000000000096be       0x64 contiki-sky.a(broadcast-annou)
 .text.set_timers
                0x0000000000009722       0x4a contiki-sky.a(broadcast-annou)
 .text.send_timer
                0x000000000000976c       0x32 contiki-sky.a(broadcast-annou)
 .text.send_adv
                0x000000000000979e       0x66 contiki-sky.a(broadcast-annou)
 .text.new_announcement
                0x0000000000009804       0x18 contiki-sky.a(broadcast-annou)
 .text.broadcast_announcement_init
                0x000000000000981c       0x48 contiki-sky.a(broadcast-annou)
                0x000000000000981c                broadcast_announcement_init
 .text.chameleon_init
                0x0000000000009864        0x6 contiki-sky.a(chameleon.o)
                0x0000000000009864                chameleon_init
 .text.chameleon_parse
                0x000000000000986a       0x10 contiki-sky.a(chameleon.o)
                0x000000000000986a                chameleon_parse
 .text.chameleon_create
                0x000000000000987a       0x1c contiki-sky.a(chameleon.o)
                0x000000000000987a                chameleon_create
 .text.chameleon_hdrsize
                0x0000000000009896        0x6 contiki-sky.a(chameleon.o)
                0x0000000000009896                chameleon_hdrsize
 .text.create_frame.isra.0
                0x000000000000989c      0x114 contiki-sky.a(framer-802154.o)
 .text.create   0x00000000000099b0        0x8 contiki-sky.a(framer-802154.o)
 .text.hdr_length
                0x00000000000099b8        0x8 contiki-sky.a(framer-802154.o)
 .text.parse    0x00000000000099c0       0xa8 contiki-sky.a(framer-802154.o)
 .text.mac_sequence_is_duplicate
                0x0000000000009a68       0x3c contiki-sky.a(mac-sequence.o)
                0x0000000000009a68                mac_sequence_is_duplicate
 .text.mac_sequence_register_seqno
                0x0000000000009aa4       0x5c contiki-sky.a(mac-sequence.o)
                0x0000000000009aa4                mac_sequence_register_seqno
 .text.get_bits_in_byte
                0x0000000000009b00       0x3a contiki-sky.a(chameleon-bitop)
 .text.header_size
                0x0000000000009b3a       0x16 contiki-sky.a(chameleon-bitop)
 .text.get_bits
                0x0000000000009b50       0xa2 contiki-sky.a(chameleon-bitop)
                0x0000000000009b50                get_bits
 .text.unpack_header
                0x0000000000009bf2       0xd8 contiki-sky.a(chameleon-bitop)
 .text.set_bits_in_byte
                0x0000000000009cca       0x2c contiki-sky.a(chameleon-bitop)
                0x0000000000009cca                set_bits_in_byte
 .text.set_bits
                0x0000000000009cf6       0xc8 contiki-sky.a(chameleon-bitop)
                0x0000000000009cf6                set_bits
 .text.pack_header
                0x0000000000009dbe       0xc6 contiki-sky.a(chameleon-bitop)
 .text.frame802154_get_pan_id
                0x0000000000009e84        0x6 contiki-sky.a(frame802154.o)
                0x0000000000009e84                frame802154_get_pan_id
 .text.frame802154_has_panid
                0x0000000000009e8a       0x64 contiki-sky.a(frame802154.o)
                0x0000000000009e8a                frame802154_has_panid
 .text.field_len
                0x0000000000009eee       0xac contiki-sky.a(frame802154.o)
 .text.frame802154_is_broadcast_addr
                0x0000000000009f9a       0x28 contiki-sky.a(frame802154.o)
                0x0000000000009f9a                frame802154_is_broadcast_addr
 .text.frame802154_hdrlen
                0x0000000000009fc2       0x32 contiki-sky.a(frame802154.o)
                0x0000000000009fc2                frame802154_hdrlen
 .text.frame802154_create
                0x0000000000009ff4      0x16a contiki-sky.a(frame802154.o)
                0x0000000000009ff4                frame802154_create
 .text.frame802154_parse
                0x000000000000a15e      0x200 contiki-sky.a(frame802154.o)
                0x000000000000a15e                frame802154_parse
 .text.libgcc   0x000000000000a35e       0x2c /opt/compilers/mspgcc-4.7.3/bin/../lib/gcc/msp430/4.7.3/mmpy-16/libgcc.a(_mulsi3.o)
                0x000000000000a35e                __mulsi3
 .text.libgcc   0x000000000000a38a       0x22 /opt/compilers/mspgcc-4.7.3/bin/../lib/gcc/msp430/4.7.3/mmpy-16/libgcc.a(_udivmod16.o)
                0x000000000000a38a                __udivhi3
                0x000000000000a38a                __ext_udivmod16
                0x000000000000a3a4                __umodhi3
 .text.libgcc   0x000000000000a3ac       0x40 /opt/compilers/mspgcc-4.7.3/bin/../lib/gcc/msp430/4.7.3/mmpy-16/libgcc.a(_udivmod32.o)
                0x000000000000a3ac                __udivsi3
                0x000000000000a3ac                __ext_udivmod32
                0x000000000000a3e2                __umodsi3
 .text.printf   0x000000000000a3ec       0x10 /opt/compilers/mspgcc-4.7.3/bin/../lib/gcc/msp430/4.7.3/../../../../msp430/lib/mmpy-16/libc.a(printf.o)
                0x000000000000a3ec                printf
 .text.print_field
                0x000000000000a3fc      0x194 /opt/compilers/mspgcc-4.7.3/bin/../lib/gcc/msp430/4.7.3/../../../../msp430/lib/mmpy-16/libc.a(vuprintf.o)
 .text.vuprintf
                0x000000000000a590      0x63e /opt/compilers/mspgcc-4.7.3/bin/../lib/gcc/msp430/4.7.3/../../../../msp430/lib/mmpy-16/libc.a(vuprintf.o)
                0x000000000000a590                vuprintf
 .text.puts     0x000000000000abce       0x2c /opt/compilers/mspgcc-4.7.3/bin/../lib/gcc/msp430/4.7.3/../../../../msp430/lib/mmpy-16/libc.a(puts.o)
                0x000000000000abce                puts
 .text.rand     0x000000000000abfa       0x26 /opt/compilers/mspgcc-4.7.3/bin/../lib/gcc/msp430/4.7.3/../../../../msp430/lib/mmpy-16/libc.a(rand.o)
                0x000000000000abfa                rand
 .text.srand    0x000000000000ac20        0xa /opt/compilers/mspgcc-4.7.3/bin/../lib/gcc/msp430/4.7.3/../../../../msp430/lib/mmpy-16/libc.a(rand.o)
                0x000000000000ac20                srand
 .text.memcmp   0x000000000000ac2a       0x30 /opt/compilers/mspgcc-4.7.3/bin/../lib/gcc/msp430/4.7.3/../../../../msp430/lib/mmpy-16/libc.a(memcmp.o)
                0x000000000000ac2a                memcmp
 .text.memcpy   0x000000000000ac5a       0xfa /opt/compilers/mspgcc-4.7.3/bin/../lib/gcc/msp430/4.7.3/../../../../msp430/lib/mmpy-16/libc.a(memcpy.o)
                0x000000000000ac5a                memcpy
 .text.memmove  0x000000000000ad54       0xfa /opt/compilers/mspgcc-4.7.3/bin/../lib/gcc/msp430/4.7.3/../../../../msp430/lib/mmpy-16/libc.a(memmove.o)
                0x000000000000ad54                memmove
 .text.memset   0x000000000000ae4e       0x6a /opt/compilers/mspgcc-4.7.3/bin/../lib/gcc/msp430/4.7.3/../../../../msp430/lib/mmpy-16/libc.a(memset.o)
                0x000000000000ae4e                memset
 .text.libgcc   0x000000000000aeb8       0xf0 /opt/compilers/mspgcc-4.7.3/bin/../lib/gcc/msp430/4.7.3/mmpy-16/libgcc.a(_udivmod64.o)
                0x000000000000aeb8                __xabi_udivmod64
                0x000000000000af16                __udivdi3
                0x000000000000af3c                __umoddi3
                0x000000000000af6a                __udivmoddi4
 .text.crt0     0x000000000000afa8        0x2 /opt/compilers/mspgcc-4.7.3/bin/../lib/gcc/msp430/4.7.3/mmpy-16/libcrt0.a(_unexpected_.o)
                0x000000000000afa8                _unexpected_
 *(.near.text .near.text.*)

.rodata         0x000000000000afac     0x10bb
                0x000000000000afac                . = ALIGN (0x2)
 *(.rodata .rodata.* .gnu.linkonce.r.*)
 .rodata        0x000000000000afac      0x66a example-runicast-srdcp.co
                0x000000000000b5e6                autostart_processes
 .rodata        0x000000000000b616      0x328 obj_sky/my_collect.o
 .rodata        0x000000000000b93e      0x138 obj_sky/routing_table.o
 .rodata        0x000000000000ba76      0x11b obj_sky/topology_report.o
 .rodata        0x000000000000bb91       0xdb obj_sky/contiki-sky-main.o
 .rodata        0x000000000000bc6c      0x148 contiki-sky.a(powertrace.o)
 .rodata        0x000000000000bdb4        0x8 contiki-sky.a(sensors.o)
 .rodata.get_value
                0x000000000000bdbc       0x24 contiki-sky.a(cc2420.o)
 .rodata.set_value
                0x000000000000bde0       0x10 contiki-sky.a(cc2420.o)
 .rodata        0x000000000000bdf0       0x3e contiki-sky.a(cc2420.o)
                0x000000000000bdf0                cc2420_aes_128_driver
                0x000000000000bdf4                cc2420_driver
 .rodata        0x000000000000be2e        0xf contiki-sky.a(ctimer.o)
 .rodata        0x000000000000be3d        0xc contiki-sky.a(etimer.o)
 .rodata        0x000000000000be49        0xe contiki-sky.a(serial-line.o)
 *fill*         0x000000000000be57        0x1 00
 .rodata        0x000000000000be58        0x8 contiki-sky.a(broadcast.o)
 .rodata        0x000000000000be60        0xc contiki-sky.a(rime.o)
                0x000000000000be66                rime_driver
 .rodata        0x000000000000be6c        0xa contiki-sky.a(unicast.o)
 .rodata        0x000000000000be76       0x14 contiki-sky.a(csma.o)
                0x000000000000be7c                csma_driver
 .rodata        0x000000000000be8a      0x190 contiki-sky.a(wurrdc.o)
                0x000000000000bff0                wurrdc_driver
 .rodata        0x000000000000c01a        0x2 contiki-sky.a(linkaddr.o)
                0x000000000000c01a                linkaddr_null
 .rodata        0x000000000000c01c       0x10 contiki-sky.a(nullsec.o)
                0x000000000000c024                nullsec_driver
 .rodata        0x000000000000c02c       0x16 contiki-sky.a(wur.o)
                0x000000000000c03a                wur_sensor
 .rodata        0x000000000000c042        0x2 contiki-sky.a(abc.o)
 .rodata        0x000000000000c044        0x4 contiki-sky.a(broadcast-annou)
 .rodata        0x000000000000c048        0x6 contiki-sky.a(framer-802154.o)
                0x000000000000c048                framer_802154
 .rodata        0x000000000000c04e       0x10 contiki-sky.a(chameleon-bitop)
                0x000000000000c04e                chameleon_bitopt
 .rodata        0x000000000000c05e        0x2 contiki-sky.a(frame802154.o)
 .rodata.vuprintf
                0x000000000000c060        0x7 /opt/compilers/mspgcc-4.7.3/bin/../lib/gcc/msp430/4.7.3/../../../../msp430/lib/mmpy-16/libc.a(vuprintf.o)
 *(.near.rodata .near.rodata.*)
                0x000000000000c068                . = ALIGN (0x2)
                0x000000000000c068                _etext = .

.data           0x0000000000001100       0xa2 load address 0x000000000000c068
                0x0000000000001100                . = ALIGN (0x2)
                0x0000000000001100                __data_start = .
 *(.data .data.* .gnu.linkonce.d.*)
 .data          0x0000000000001100        0xa example-runicast-srdcp.co
                0x0000000000001100                example_runicast_srdcp_process
 .data          0x000000000000110a        0x8 obj_sky/my_collect.o
                0x000000000000110a                uc_cb
                0x000000000000110e                bc_cb
 .data          0x0000000000001112       0x1e contiki-sky.a(powertrace.o)
                0x0000000000001112                powertrace_process
 .data          0x0000000000001130        0xa contiki-sky.a(sensors.o)
                0x0000000000001130                sensors_process
 .data          0x000000000000113a        0xc contiki-sky.a(cc2420.o)
                0x000000000000113a                cc2420_process
 .data          0x0000000000001146        0x2 contiki-sky.a(msp430.o)
 .data          0x0000000000001148        0xa contiki-sky.a(ctimer.o)
                0x0000000000001148                ctimer_process
 .data          0x0000000000001152        0xa contiki-sky.a(etimer.o)
                0x0000000000001152                etimer_process
 .data          0x000000000000115c        0xa contiki-sky.a(serial-line.o)
                0x000000000000115c                serial_line_process
 .data          0x0000000000001166       0x18 contiki-sky.a(csma.o)
 .data          0x000000000000117e        0xa contiki-sky.a(wurrdc.o)
                0x000000000000117e                wur_process
 .data          0x0000000000001188       0x10 contiki-sky.a(queuebuf.o)
 .data          0x0000000000001198        0x4 contiki-sky.a(wur.o)
                0x0000000000001198                sensors
 .data          0x000000000000119c        0x2 contiki-sky.a(frame802154.o)
 .data.next     0x000000000000119e        0x4 /opt/compilers/mspgcc-4.7.3/bin/../lib/gcc/msp430/4.7.3/../../../../msp430/lib/mmpy-16/libc.a(rand.o)
 *(.near.data .near.data.*)
                0x00000000000011a2                . = ALIGN (0x2)
                0x00000000000011a2                _edata = .
                0x000000000000c068                __data_load_start = LOADADDR (.data)
                0x00000000000000a2                __data_size = SIZEOF (.data)

.bss            0x00000000000011a2     0x1cae load address 0x000000000000c10a
                0x00000000000011a2                __bss_start = .
 *(.bss .bss.*)
 .bss           0x00000000000011a2      0x82a example-runicast-srdcp.co
 .bss           0x00000000000019cc        0xc obj_sky/contiki-sky-main.o
 .bss           0x00000000000019d8      0x2fe contiki-sky.a(powertrace.o)
 .bss           0x0000000000001cd6        0x2 contiki-sky.a(node-id.o)
                0x0000000000001cd6                node_id
 .bss           0x0000000000001cd8        0x6 contiki-sky.a(sensors.o)
 .bss           0x0000000000001cde        0xa contiki-sky.a(cc2420.o)
 .bss           0x0000000000001ce8       0x9a contiki-sky.a(uart1.o)
 .bss           0x0000000000001d82        0xa contiki-sky.a(clock.o)
 .bss           0x0000000000001d8c        0x1 contiki-sky.a(leds.o)
 *fill*         0x0000000000001d8d        0x1 00
 .bss           0x0000000000001d8e        0x2 contiki-sky.a(watchdog.o)
 .bss           0x0000000000001d90        0x4 contiki-sky.a(ctimer.o)
 .bss           0x0000000000001d94        0x6 contiki-sky.a(etimer.o)
 .bss           0x0000000000001d9a       0x38 contiki-sky.a(process.o)
                0x0000000000001d9a                process_current
                0x0000000000001d9c                process_list
 .bss           0x0000000000001dd2        0x2 contiki-sky.a(rtimer.o)
 .bss           0x0000000000001dd4      0x10a contiki-sky.a(serial-line.o)
 .bss           0x0000000000001ede        0x2 contiki-sky.a(channel.o)
 .bss           0x0000000000001ee0        0x2 contiki-sky.a(rime.o)
 .bss           0x0000000000001ee2      0x124 contiki-sky.a(csma.o)
 .bss           0x0000000000002006        0xc contiki-sky.a(wurrdc.o)
 .bss           0x0000000000002012       0x86 contiki-sky.a(packetbuf.o)
 .bss           0x0000000000002098      0xc20 contiki-sky.a(queuebuf.o)
 .bss           0x0000000000002cb8        0x6 contiki-sky.a(announcement.o)
 .bss           0x0000000000002cbe       0x46 contiki-sky.a(broadcast-annou)
 .bss           0x0000000000002d04        0x2 contiki-sky.a(framer-802154.o)
 .bss           0x0000000000002d06       0x40 contiki-sky.a(mac-sequence.o)
 *(.near.bss .near.bss.*)
 *(COMMON)
 COMMON         0x0000000000002d46        0x8 contiki-sky.a(ds2411.o)
                0x0000000000002d46                ds2411_id
 COMMON         0x0000000000002d4e        0x1 contiki-sky.a(sensors.o)
                0x0000000000002d4e                sensors_event
 *fill*         0x0000000000002d4f        0x1 00
 COMMON         0x0000000000002d50       0x10 contiki-sky.a(cc2420.o)
                0x0000000000002d50                cc2420_last_rssi
                0x0000000000002d52                cc2420_sfd_start_time
                0x0000000000002d54                cc2420_time_of_departure
                0x0000000000002d56                cc2420_time_of_arrival
                0x0000000000002d58                cc2420_last_correlation
                0x0000000000002d5a                cc2420_authority_level_of_sender
                0x0000000000002d5c                cc2420_sfd_counter
                0x0000000000002d5e                cc2420_sfd_end_time
 COMMON         0x0000000000002d60        0x2 contiki-sky.a(msp430.o)
                0x0000000000002d60                msp430_dco_required
 COMMON         0x0000000000002d62        0x8 contiki-sky.a(compower.o)
                0x0000000000002d62                compower_idle_activity
 COMMON         0x0000000000002d6a       0x56 contiki-sky.a(energest.o)
                0x0000000000002d6a                energest_total_time
                0x0000000000002d9a                energest_total_count
                0x0000000000002d9c                energest_current_mode
                0x0000000000002da8                energest_current_time
 COMMON         0x0000000000002dc0        0x1 contiki-sky.a(process.o)
                0x0000000000002dc0                process_maxevents
 COMMON         0x0000000000002dc1        0x1 contiki-sky.a(serial-line.o)
                0x0000000000002dc1                serial_line_event_message
 COMMON         0x0000000000002dc2       0x48 contiki-sky.a(rimestats.o)
                0x0000000000002dc2                rimestats
 COMMON         0x0000000000002e0a        0x6 contiki-sky.a(wurrdc.o)
                0x0000000000002e0a                WUR_TX_BUFFER
                0x0000000000002e0c                WUR_TX_LENGTH
                0x0000000000002e0d                WUR_RX_LENGTH
                0x0000000000002e0e                WUR_RX_BUFFER
 COMMON         0x0000000000002e10        0x2 contiki-sky.a(linkaddr.o)
                0x0000000000002e10                linkaddr_node_addr
 COMMON         0x0000000000002e12       0x3c contiki-sky.a(packetbuf.o)
                0x0000000000002e12                packetbuf_addrs
                0x0000000000002e1a                packetbuf_attrs
 COMMON         0x0000000000002e4e        0x2 contiki-sky.a(wur.o)
                0x0000000000002e4e                sensors_flags
                0x0000000000002e50                . = ALIGN (0x2)
                0x0000000000002e50                __bss_end = .
                0x0000000000001cae                __bss_size = SIZEOF (.bss)

.noinit         0x0000000000002e50        0x2 load address 0x000000000000c10a
                0x0000000000002e50                . = ALIGN (0x2)
                0x0000000000002e50                __noinit_start = .
 *(.noinit .noinit.*)
 .noinit.crt0   0x0000000000002e50        0x2 /opt/compilers/mspgcc-4.7.3/bin/../lib/gcc/msp430/4.7.3/mmpy-16/libcrt0.a(__watchdog_support.o)
                0x0000000000002e50                __wdt_clear_value
                0x0000000000002e52                . = ALIGN (0x2)
                0x0000000000002e52                __noinit_end = .
                0x0000000000002e52                . = ALIGN (0x2)
                0x0000000000002e52                _end = .

.infomem        0x0000000000001000        0x0
                0x0000000000001000                . = ALIGN (0x2)
 *(.infomem .infomem.*)

.infomemnobits  0x0000000000001000        0x0
                0x0000000000001000                . = ALIGN (0x2)
 *(.infomemnobits .infomemnobits.*)

.infoa          0x0000000000001080        0x0
                0x0000000000001080                . = ALIGN (0x2)
 *(.infoa .infoa.*)

.infob          0x0000000000001000        0x0
                0x0000000000001000                . = ALIGN (0x2)
 *(.infob .infob.*)

.infoc          0x0000000000000000        0x0
                0x0000000000000000                . = ALIGN (0x2)
 *(.infoc .infoc.*)

.infod          0x0000000000000000        0x0
                0x0000000000000000                . = ALIGN (0x2)
 *(.infod .infod.*)
                0x000000000000ffff                PROVIDE (__vte_0, 0xffff)
                0x000000000000ffff                PROVIDE (__vte_1, 0xffff)
                0x000000000000ffff                PROVIDE (__vte_2, 0xffff)
                0x000000000000ffff                PROVIDE (__vte_3, 0xffff)
                0x000000000000ffff                PROVIDE (__vte_4, 0xffff)
                0x000000000000ffff                PROVIDE (__vte_5, 0xffff)
                0x000000000000ffff                PROVIDE (__vte_6, 0xffff)
                0x000000000000ffff                PROVIDE (__vte_7, 0xffff)
                0x000000000000ffff                PROVIDE (__vte_8, 0xffff)
                0x000000000000ffff                PROVIDE (__vte_9, 0xffff)
                0x000000000000ffff                PROVIDE (__vte_10, 0xffff)
                0x000000000000ffff                PROVIDE (__vte_11, 0xffff)
                0x000000000000ffff                PROVIDE (__vte_12, 0xffff)
                0x000000000000ffff                PROVIDE (__vte_13, 0xffff)
                0x000000000000ffff                PROVIDE (__vte_14, 0xffff)
                0x000000000000ffff                PROVIDE (__vte_15, 0xffff)
                0x000000000000ffff                PROVIDE (__vte_16, 0xffff)
                0x000000000000ffff                PROVIDE (__vte_17, 0xffff)
                0x000000000000ffff                PROVIDE (__vte_18, 0xffff)
                0x000000000000ffff                PROVIDE (__vte_19, 0xffff)
                0x000000000000ffff                PROVIDE (__vte_20, 0xffff)
                0x000000000000ffff                PROVIDE (__vte_21, 0xffff)
                0x000000000000ffff                PROVIDE (__vte_22, 0xffff)
                0x000000000000ffff                PROVIDE (__vte_23, 0xffff)
                0x000000000000ffff                PROVIDE (__vte_24, 0xffff)
                0x000000000000ffff                PROVIDE (__vte_25, 0xffff)
                0x000000000000ffff                PROVIDE (__vte_26, 0xffff)
                0x000000000000ffff                PROVIDE (__vte_27, 0xffff)
                0x000000000000ffff                PROVIDE (__vte_28, 0xffff)
                0x000000000000ffff                PROVIDE (__vte_29, 0xffff)
                0x000000000000ffff                PROVIDE (__vte_30, 0xffff)
                0x000000000000ffff                PROVIDE (__vte_31, 0xffff)

.vectors        0x000000000000ffe0       0x20
                0x000000000000ffe0                __vectors_start = .
 *(.vectors*)
 .vectors       0x000000000000ffe0       0x20 /opt/compilers/mspgcc-4.7.3/bin/../lib/gcc/msp430/4.7.3/mmpy-16/crt0ivtbl16.o
                0x000000000000ffe0                __ivtbl_16
                0x0000000000010000                _vectors_end = .

.fartext        0x0000000000000000        0x0
                0x0000000000000000                . = ALIGN (0x2)
 *(.fartext .fartext.*)

.far.text       0x0000000000000000        0x0
                0x0000000000000000                . = ALIGN (0x2)
 *(.far.text .far.text.*)

.far.rodata     0x0000000000000000        0x0
                0x0000000000000000                . = ALIGN (0x2)
 *(.far.rodata .far.rodata.*)
                0x0000000000000000                . = ALIGN (0x2)
                0x0000000000000000                _efartext = .

.far.data       0x0000000000000000        0x0
                0x0000000000000000                . = ALIGN (0x2)
                0x0000000000000000                __far_data_start = .
 *(.far.data .far.data.*)
                0x0000000000000000                . = ALIGN (0x2)
                0x0000000000000000                _efardata = .
                0x0000000000000000                __far_data_load_start = LOADADDR (.far.data)
                0x0000000000000000                __far_data_size = SIZEOF (.far.data)

.far.bss        0x0000000000000000        0x0
                0x0000000000000000                . = ALIGN (0x2)
                0x0000000000000000                __far_bss_start = .
 *(.far.bss .far.bss.*)
                0x0000000000000000                . = ALIGN (0x2)
                0x0000000000000000                __far_bss_end = .
                0x0000000000000000                __far_bss_size = SIZEOF (.far.bss)
                0x0000000000000000                . = ALIGN (0x2)
                0x0000000000000000                _far_end = .

.profiler
 *(.profiler)

.stab           0x0000000000000000    0x1d61c
 *(.stab)
 .stab          0x0000000000000000     0x23a0 example-runicast-srdcp.co
 .stab          0x00000000000023a0     0x1284 obj_sky/my_collect.o
                                       0x1ed8 (size before relaxing)
 .stab          0x0000000000003624      0xaf8 obj_sky/routing_table.o
                                       0x18f0 (size before relaxing)
 .stab          0x000000000000411c      0x888 obj_sky/topology_report.o
                                       0x1698 (size before relaxing)
 .stab          0x00000000000049a4      0xeac obj_sky/contiki-sky-main.o
                                       0x17a0 (size before relaxing)
 .stab          0x0000000000005850     0x1278 contiki-sky.a(powertrace.o)
                                       0x1d88 (size before relaxing)
 .stab          0x0000000000006ac8      0x240 contiki-sky.a(contiki-sky-pla)
                                        0x594 (size before relaxing)
 .stab          0x0000000000006d08      0x618 contiki-sky.a(ds2411.o)
                                        0xb34 (size before relaxing)
 .stab          0x0000000000007320      0x9d8 contiki-sky.a(xmem.o)
                                        0xf00 (size before relaxing)
 .stab          0x0000000000007cf8      0x2b8 contiki-sky.a(node-id.o)
                                        0x4e0 (size before relaxing)
 .stab          0x0000000000007fb0      0x69c contiki-sky.a(sensors.o)
                                        0xbb8 (size before relaxing)
 .stab          0x000000000000864c     0x28bc contiki-sky.a(cc2420.o)
                                       0x3018 (size before relaxing)
 .stab          0x000000000000af08      0xa38 contiki-sky.a(cc2420-arch.o)
                                       0x13ec (size before relaxing)
 .stab          0x000000000000b940      0x600 contiki-sky.a(uart1.o)
                                        0x954 (size before relaxing)
 .stab          0x000000000000bf40      0x234 contiki-sky.a(uart1-putchar.o)
                                        0x588 (size before relaxing)
 .stab          0x000000000000c174      0x72c contiki-sky.a(msp430.o)
                                        0xa80 (size before relaxing)
 .stab          0x000000000000c8a0      0xa38 contiki-sky.a(clock.o)
                                        0xd8c (size before relaxing)
 .stab          0x000000000000d2d8      0x5a0 contiki-sky.a(leds.o)
                                        0x7ec (size before relaxing)
 .stab          0x000000000000d878      0x378 contiki-sky.a(leds-arch.o)
                                        0x6cc (size before relaxing)
 .stab          0x000000000000dbf0      0x3cc contiki-sky.a(watchdog.o)
                                        0x720 (size before relaxing)
 .stab          0x000000000000dfbc      0x3b4 contiki-sky.a(rtimer-arch.o)
                                        0x708 (size before relaxing)
 .stab          0x000000000000e370      0x294 contiki-sky.a(autostart.o)
                                        0x534 (size before relaxing)
 .stab          0x000000000000e604      0x558 contiki-sky.a(compower.o)
                                        0xcf0 (size before relaxing)
 .stab          0x000000000000eb5c      0x834 contiki-sky.a(ctimer.o)
                                        0xba0 (size before relaxing)
 .stab          0x000000000000f390      0x474 contiki-sky.a(energest.o)
                                        0x6fc (size before relaxing)
 .stab          0x000000000000f804      0xa80 contiki-sky.a(etimer.o)
                                        0xd50 (size before relaxing)
 .stab          0x0000000000010284      0xb94 contiki-sky.a(process.o)
                                       0x102c (size before relaxing)
 .stab          0x0000000000010e18      0x39c contiki-sky.a(rtimer.o)
                                        0x6b4 (size before relaxing)
 .stab          0x00000000000111b4      0x348 contiki-sky.a(timer.o)
                                        0x588 (size before relaxing)
 .stab          0x00000000000114fc      0x51c contiki-sky.a(serial-line.o)
                                        0xa38 (size before relaxing)
 .stab          0x0000000000011a18      0x7bc contiki-sky.a(list.o)
                                        0x7c8 (size before relaxing)
 .stab          0x00000000000121d4      0x5c4 contiki-sky.a(memb.o)
                                        0xaf8 (size before relaxing)
 .stab          0x0000000000012798      0x21c contiki-sky.a(random.o)
                                        0x618 (size before relaxing)
 .stab          0x00000000000129b4      0x3f0 contiki-sky.a(ringbuf.o)
                                        0x630 (size before relaxing)
 .stab          0x0000000000012da4      0x6cc contiki-sky.a(broadcast.o)
                                       0x14f4 (size before relaxing)
 .stab          0x0000000000013470      0x654 contiki-sky.a(channel.o)
                                       0x1278 (size before relaxing)
 .stab          0x0000000000013ac4      0xbb8 contiki-sky.a(rime.o)
                                       0x1404 (size before relaxing)
 .stab          0x000000000001467c       0xfc contiki-sky.a(rimestats.o)
                                        0x120 (size before relaxing)
 .stab          0x0000000000014778      0x618 contiki-sky.a(unicast.o)
                                       0x1290 (size before relaxing)
 .stab          0x0000000000014d90      0xcd8 contiki-sky.a(csma.o)
                                       0x1668 (size before relaxing)
 .stab          0x0000000000015a68      0x1f8 contiki-sky.a(mac.o)
                                        0x4ec (size before relaxing)
 .stab          0x0000000000015c60      0xdec contiki-sky.a(wurrdc.o)
                                       0x1704 (size before relaxing)
 .stab          0x0000000000016a4c      0x2ac contiki-sky.a(linkaddr.o)
                                        0x6a8 (size before relaxing)
 .stab          0x0000000000016cf8      0xc48 contiki-sky.a(packetbuf.o)
                                       0x1a88 (size before relaxing)
 .stab          0x0000000000017940      0xa38 contiki-sky.a(queuebuf.o)
                                       0x1860 (size before relaxing)
 .stab          0x0000000000018378      0x39c contiki-sky.a(nullsec.o)
                                        0xccc (size before relaxing)
 .stab          0x0000000000018714      0x540 contiki-sky.a(wur.o)
                                        0x8b8 (size before relaxing)
 .stab          0x0000000000018c54      0x1f8 contiki-sky.a(spi.o)
                                        0x420 (size before relaxing)
 .stab          0x0000000000018e4c      0x660 contiki-sky.a(abc.o)
                                       0x1488 (size before relaxing)
 .stab          0x00000000000194ac      0x6b4 contiki-sky.a(announcement.o)
                                        0x954 (size before relaxing)
 .stab          0x0000000000019b60      0x948 contiki-sky.a(broadcast-annou)
                                       0x15c0 (size before relaxing)
 .stab          0x000000000001a4a8      0x588 contiki-sky.a(chameleon.o)
                                       0x1230 (size before relaxing)
 .stab          0x000000000001aa30      0x90c contiki-sky.a(framer-802154.o)
                                        0xf18 (size before relaxing)
 .stab          0x000000000001b33c      0x600 contiki-sky.a(mac-sequence.o)
                                       0x1440 (size before relaxing)
 .stab          0x000000000001b93c      0xd74 contiki-sky.a(chameleon-bitop)
                                       0x19ec (size before relaxing)
 .stab          0x000000000001c6b0      0xf6c contiki-sky.a(frame802154.o)
                                       0x1758 (size before relaxing)

.stabstr        0x0000000000000000    0x163ee
 *(.stabstr)
 .stabstr       0x0000000000000000    0x163ee example-runicast-srdcp.co

.stab.excl
 *(.stab.excl)

.stab.exclstr
 *(.stab.exclstr)

.stab.index
 *(.stab.index)

.stab.indexstr
 *(.stab.indexstr)

.comment        0x0000000000000000       0x30
 *(.comment)
 .comment       0x0000000000000000       0x30 example-runicast-srdcp.co
                                         0x31 (size before relaxing)
 .comment       0x0000000000000000       0x31 obj_sky/my_collect.o
 .comment       0x0000000000000000       0x31 obj_sky/routing_table.o
 .comment       0x0000000000000000       0x31 obj_sky/topology_report.o
 .comment       0x0000000000000000       0x31 obj_sky/contiki-sky-main.o
 .comment       0x0000000000000000       0x31 contiki-sky.a(powertrace.o)
 .comment       0x0000000000000000       0x31 contiki-sky.a(contiki-sky-pla)
 .comment       0x0000000000000000       0x31 contiki-sky.a(ds2411.o)
 .comment       0x0000000000000000       0x31 contiki-sky.a(xmem.o)
 .comment       0x0000000000000000       0x31 contiki-sky.a(node-id.o)
 .comment       0x0000000000000000       0x31 contiki-sky.a(sensors.o)
 .comment       0x0000000000000000       0x31 contiki-sky.a(cc2420.o)
 .comment       0x0000000000000000       0x31 contiki-sky.a(cc2420-arch.o)
 .comment       0x0000000000000000       0x31 contiki-sky.a(uart1.o)
 .comment       0x0000000000000000       0x31 contiki-sky.a(uart1-putchar.o)
 .comment       0x0000000000000000       0x31 contiki-sky.a(msp430.o)
 .comment       0x0000000000000000       0x31 contiki-sky.a(clock.o)
 .comment       0x0000000000000000       0x31 contiki-sky.a(leds.o)
 .comment       0x0000000000000000       0x31 contiki-sky.a(leds-arch.o)
 .comment       0x0000000000000000       0x31 contiki-sky.a(watchdog.o)
 .comment       0x0000000000000000       0x31 contiki-sky.a(rtimer-arch.o)
 .comment       0x0000000000000000       0x31 contiki-sky.a(autostart.o)
 .comment       0x0000000000000000       0x31 contiki-sky.a(compower.o)
 .comment       0x0000000000000000       0x31 contiki-sky.a(ctimer.o)
 .comment       0x0000000000000000       0x31 contiki-sky.a(energest.o)
 .comment       0x0000000000000000       0x31 contiki-sky.a(etimer.o)
 .comment       0x0000000000000000       0x31 contiki-sky.a(process.o)
 .comment       0x0000000000000000       0x31 contiki-sky.a(rtimer.o)
 .comment       0x0000000000000000       0x31 contiki-sky.a(timer.o)
 .comment       0x0000000000000000       0x31 contiki-sky.a(serial-line.o)
 .comment       0x0000000000000000       0x31 contiki-sky.a(list.o)
 .comment       0x0000000000000000       0x31 contiki-sky.a(memb.o)
 .comment       0x0000000000000000       0x31 contiki-sky.a(random.o)
 .comment       0x0000000000000000       0x31 contiki-sky.a(ringbuf.o)
 .comment       0x0000000000000000       0x31 contiki-sky.a(broadcast.o)
 .comment       0x0000000000000000       0x31 contiki-sky.a(channel.o)
 .comment       0x0000000000000000       0x31 contiki-sky.a(rime.o)
 .comment       0x0000000000000000       0x31 contiki-sky.a(rimestats.o)
 .comment       0x0000000000000000       0x31 contiki-sky.a(unicast.o)
 .comment       0x0000000000000000       0x31 contiki-sky.a(csma.o)
 .comment       0x0000000000000000       0x31 contiki-sky.a(mac.o)
 .comment       0x0000000000000000       0x31 contiki-sky.a(wurrdc.o)
 .comment       0x0000000000000000       0x31 contiki-sky.a(linkaddr.o)
 .comment       0x0000000000000000       0x31 contiki-sky.a(packetbuf.o)
 .comment       0x0000000000000000       0x31 contiki-sky.a(queuebuf.o)
 .comment       0x0000000000000000       0x31 contiki-sky.a(nullsec.o)
 .comment       0x0000000000000000       0x31 contiki-sky.a(wur.o)
 .comment       0x0000000000000000       0x31 contiki-sky.a(spi.o)
 .comment       0x0000000000000000       0x31 contiki-sky.a(abc.o)
 .comment       0x0000000000000000       0x31 contiki-sky.a(announcement.o)
 .comment       0x0000000000000000       0x31 contiki-sky.a(broadcast-annou)
 .comment       0x0000000000000000       0x31 contiki-sky.a(chameleon.o)
 .comment       0x0000000000000000       0x31 contiki-sky.a(framer-802154.o)
 .comment       0x0000000000000000       0x31 contiki-sky.a(mac-sequence.o)
 .comment       0x0000000000000000       0x31 contiki-sky.a(chameleon-bitop)
 .comment       0x0000000000000000       0x31 contiki-sky.a(frame802154.o)
 .comment       0x0000000000000000       0x31 /opt/compilers/mspgcc-4.7.3/bin/../lib/gcc/msp430/4.7.3/../../../../msp430/lib/mmpy-16/libc.a(printf.o)
 .comment       0x0000000000000000       0x31 /opt/compilers/mspgcc-4.7.3/bin/../lib/gcc/msp430/4.7.3/../../../../msp430/lib/mmpy-16/libc.a(vuprintf.o)
 .comment       0x0000000000000000       0x31 /opt/compilers/mspgcc-4.7.3/bin/../lib/gcc/msp430/4.7.3/../../../../msp430/lib/mmpy-16/libc.a(puts.o)
 .comment       0x0000000000000000       0x31 /opt/compilers/mspgcc-4.7.3/bin/../lib/gcc/msp430/4.7.3/../../../../msp430/lib/mmpy-16/libc.a(rand.o)
 .comment       0x0000000000000000       0x31 /opt/compilers/mspgcc-4.7.3/bin/../lib/gcc/msp430/4.7.3/../../../../msp430/lib/mmpy-16/libc.a(memcmp.o)
 .comment       0x0000000000000000       0x31 /opt/compilers/mspgcc-4.7.3/bin/../lib/gcc/msp430/4.7.3/../../../../msp430/lib/mmpy-16/libc.a(memcpy.o)
 .comment       0x0000000000000000       0x31 /opt/compilers/mspgcc-4.7.3/bin/../lib/gcc/msp430/4.7.3/../../../../msp430/lib/mmpy-16/libc.a(memmove.o)
 .comment       0x0000000000000000       0x31 /opt/compilers/mspgcc-4.7.3/bin/../lib/gcc/msp430/4.7.3/../../../../msp430/lib/mmpy-16/libc.a(memset.o)

.debug
 *(.debug)

.line
 *(.line)

.debug_srcinfo
 *(.debug_srcinfo)

.debug_sfnames
 *(.debug_sfnames)

.debug_aranges  0x0000000000000000      0x18c
 *(.debug_aranges)
 .debug_aranges
                0x0000000000000000       0x14 /opt/compilers/mspgcc-4.7.3/bin/../lib/gcc/msp430/4.7.3/mmpy-16/crt0ivtbl16.o
 .debug_aranges
                0x0000000000000014       0x14 /opt/compilers/mspgcc-4.7.3/bin/../lib/gcc/msp430/4.7.3/mmpy-16/libgcc.a(_mulsi3.o)
 .debug_aranges
                0x0000000000000028       0x14 /opt/compilers/mspgcc-4.7.3/bin/../lib/gcc/msp430/4.7.3/mmpy-16/libgcc.a(_udivmod16.o)
 .debug_aranges
                0x000000000000003c       0x14 /opt/compilers/mspgcc-4.7.3/bin/../lib/gcc/msp430/4.7.3/mmpy-16/libgcc.a(_udivmod32.o)
 .debug_aranges
                0x0000000000000050       0x18 /opt/compilers/mspgcc-4.7.3/bin/../lib/gcc/msp430/4.7.3/../../../../msp430/lib/mmpy-16/libc.a(printf.o)
 .debug_aranges
                0x0000000000000068       0x18 /opt/compilers/mspgcc-4.7.3/bin/../lib/gcc/msp430/4.7.3/../../../../msp430/lib/mmpy-16/libc.a(vuprintf.o)
 .debug_aranges
                0x0000000000000080       0x14 /opt/compilers/mspgcc-4.7.3/bin/../lib/gcc/msp430/4.7.3/../../../../msp430/lib/mmpy-16/libc.a(puts.o)
 .debug_aranges
                0x0000000000000094       0x1c /opt/compilers/mspgcc-4.7.3/bin/../lib/gcc/msp430/4.7.3/../../../../msp430/lib/mmpy-16/libc.a(rand.o)
 .debug_aranges
                0x00000000000000b0       0x14 /opt/compilers/mspgcc-4.7.3/bin/../lib/gcc/msp430/4.7.3/../../../../msp430/lib/mmpy-16/libc.a(memcmp.o)
 .debug_aranges
                0x00000000000000c4       0x14 /opt/compilers/mspgcc-4.7.3/bin/../lib/gcc/msp430/4.7.3/../../../../msp430/lib/mmpy-16/libc.a(memcpy.o)
 .debug_aranges
                0x00000000000000d8       0x14 /opt/compilers/mspgcc-4.7.3/bin/../lib/gcc/msp430/4.7.3/../../../../msp430/lib/mmpy-16/libc.a(memmove.o)
 .debug_aranges
                0x00000000000000ec       0x14 /opt/compilers/mspgcc-4.7.3/bin/../lib/gcc/msp430/4.7.3/../../../../msp430/lib/mmpy-16/libc.a(memset.o)
 .debug_aranges
                0x0000000000000100       0x14 /opt/compilers/mspgcc-4.7.3/bin/../lib/gcc/msp430/4.7.3/mmpy-16/libgcc.a(_udivmod64.o)
 .debug_aranges
                0x0000000000000114       0x14 /opt/compilers/mspgcc-4.7.3/bin/../lib/gcc/msp430/4.7.3/mmpy-16/libcrt0.a(__watchdog_support.o)
 .debug_aranges
                0x0000000000000128       0x14 /opt/compilers/mspgcc-4.7.3/bin/../lib/gcc/msp430/4.7.3/mmpy-16/libcrt0.a(__init_stack.o)
 .debug_aranges
                0x000000000000013c       0x14 /opt/compilers/mspgcc-4.7.3/bin/../lib/gcc/msp430/4.7.3/mmpy-16/libcrt0.a(_copy_data.o)
 .debug_aranges
                0x0000000000000150       0x14 /opt/compilers/mspgcc-4.7.3/bin/../lib/gcc/msp430/4.7.3/mmpy-16/libcrt0.a(_clear_bss.o)
 .debug_aranges
                0x0000000000000164       0x14 /opt/compilers/mspgcc-4.7.3/bin/../lib/gcc/msp430/4.7.3/mmpy-16/libcrt0.a(_endless_loop__.o)
 .debug_aranges
                0x0000000000000178       0x14 /opt/compilers/mspgcc-4.7.3/bin/../lib/gcc/msp430/4.7.3/mmpy-16/libcrt0.a(_unexpected_.o)

.debug_pubnames
 *(.debug_pubnames)

.debug_info     0x0000000000000000     0x1438
 *(.debug_info)
 .debug_info    0x0000000000000000       0x9d /opt/compilers/mspgcc-4.7.3/bin/../lib/gcc/msp430/4.7.3/mmpy-16/crt0ivtbl16.o
 .debug_info    0x000000000000009d       0x9a /opt/compilers/mspgcc-4.7.3/bin/../lib/gcc/msp430/4.7.3/mmpy-16/libgcc.a(_mulsi3.o)
 .debug_info    0x0000000000000137       0x9a /opt/compilers/mspgcc-4.7.3/bin/../lib/gcc/msp430/4.7.3/mmpy-16/libgcc.a(_udivmod16.o)
 .debug_info    0x00000000000001d1       0x9a /opt/compilers/mspgcc-4.7.3/bin/../lib/gcc/msp430/4.7.3/mmpy-16/libgcc.a(_udivmod32.o)
 .debug_info    0x000000000000026b      0x16e /opt/compilers/mspgcc-4.7.3/bin/../lib/gcc/msp430/4.7.3/../../../../msp430/lib/mmpy-16/libc.a(printf.o)
 .debug_info    0x00000000000003d9      0x5d4 /opt/compilers/mspgcc-4.7.3/bin/../lib/gcc/msp430/4.7.3/../../../../msp430/lib/mmpy-16/libc.a(vuprintf.o)
 .debug_info    0x00000000000009ad       0xc7 /opt/compilers/mspgcc-4.7.3/bin/../lib/gcc/msp430/4.7.3/../../../../msp430/lib/mmpy-16/libc.a(puts.o)
 .debug_info    0x0000000000000a74      0x146 /opt/compilers/mspgcc-4.7.3/bin/../lib/gcc/msp430/4.7.3/../../../../msp430/lib/mmpy-16/libc.a(rand.o)
 .debug_info    0x0000000000000bba       0xe5 /opt/compilers/mspgcc-4.7.3/bin/../lib/gcc/msp430/4.7.3/../../../../msp430/lib/mmpy-16/libc.a(memcmp.o)
 .debug_info    0x0000000000000c9f      0x12c /opt/compilers/mspgcc-4.7.3/bin/../lib/gcc/msp430/4.7.3/../../../../msp430/lib/mmpy-16/libc.a(memcpy.o)
 .debug_info    0x0000000000000dcb      0x12c /opt/compilers/mspgcc-4.7.3/bin/../lib/gcc/msp430/4.7.3/../../../../msp430/lib/mmpy-16/libc.a(memmove.o)