Archive member included because of file (symbol)

contiki-sky.a(contiki-sky-pla)
                              obj_sky/contiki-sky-main.o (init_platform)
contiki-sky.a(ds2411.o)       obj_sky/contiki-sky-main.o (ds2411_init)
contiki-sky.a(xmem.o)         obj_sky/contiki-sky-main.o (xmem_init)
contiki-sky.a(node-id.o)      obj_sky/contiki-sky-main.o (node_id_restore)
contiki-sky.a(sensors.o)      contiki-sky.a(contiki-sky-pla) (sensors_process)
contiki-sky.a(cc2420.o)       obj_sky/contiki-sky-main.o (cc2420_set_pan_addr)
contiki-sky.a(cc2420-arch.o)  contiki-sky.a(cc2420.o) (cc2420_arch_init)
contiki-sky.a(uart1.o)        obj_sky/contiki-sky-main.o (uart1_active)
contiki-sky.a(uart1-putchar.o)
                              obj_sky/contiki-sky-main.o (putchar)
contiki-sky.a(msp430.o)       contiki-sky.a(uart1.o) (msp430_add_lpm_req)
contiki-sky.a(clock.o)        example-contikimac-rpl-30.co (clock_time)
contiki-sky.a(leds.o)         obj_sky/contiki-sky-main.o (leds_init)
contiki-sky.a(leds-arch.o)    contiki-sky.a(leds.o) (leds_arch_init)
contiki-sky.a(watchdog.o)     obj_sky/contiki-sky-main.o (watchdog_start)
contiki-sky.a(rtimer-arch.o)  obj_sky/contiki-sky-main.o (rtimer_arch_now)
contiki-sky.a(autostart.o)    obj_sky/contiki-sky-main.o (autostart_start)
contiki-sky.a(ctimer.o)       obj_sky/contiki-sky-main.o (ctimer_init)
contiki-sky.a(energest.o)     obj_sky/contiki-sky-main.o (energest_init)
contiki-sky.a(etimer.o)       contiki-sky.a(clock.o) (etimer_request_poll)
contiki-sky.a(process.o)      contiki-sky.a(ctimer.o) (process_current)
contiki-sky.a(rtimer.o)       obj_sky/contiki-sky-main.o (rtimer_init)
contiki-sky.a(timer.o)        obj_sky/contiki-sky-main.o (timer_set)
contiki-sky.a(list.o)         contiki-sky.a(ctimer.o) (list_init)
contiki-sky.a(random.o)       obj_sky/contiki-sky-main.o (random_init)
contiki-sky.a(sicslowpan.o)   obj_sky/contiki-sky-main.o (sicslowpan_driver)
contiki-sky.a(uip-ds6-nbr.o)  contiki-sky.a(sicslowpan.o) (uip_ds6_link_neighbor_callback)
contiki-sky.a(uip-ds6.o)      obj_sky/contiki-sky-main.o (uip_ds6_get_link_local)
contiki-sky.a(uip6.o)         contiki-sky.a(sicslowpan.o) (uip_aligned_buf)
contiki-sky.a(simple-udp.o)   example-contikimac-rpl-30.co (simple_udp_sendto)
contiki-sky.a(tcpip.o)        contiki-sky.a(sicslowpan.o) (tcpip_set_outputfunc)
contiki-sky.a(uip-udp-packet.)
                              contiki-sky.a(simple-udp.o) (uip_udp_packet_sendto)
contiki-sky.a(rpl-dag.o)      example-contikimac-rpl-30.co (rpl_get_parent_lladdr)
contiki-sky.a(rpl-ext-header.)
                              contiki-sky.a(uip6.o) (rpl_verify_hbh_header)
contiki-sky.a(rpl-icmp6.o)    contiki-sky.a(rpl-dag.o) (rpl_icmp6_update_nbr_table)
contiki-sky.a(rpl-mrhof.o)    contiki-sky.a(rpl-dag.o) (rpl_mrhof)
contiki-sky.a(rpl-ns.o)       contiki-sky.a(rpl-ext-header.) (rpl_ns_get_node)
contiki-sky.a(rpl-timers.o)   contiki-sky.a(rpl-dag.o) (rpl_reset_dio_timer)
contiki-sky.a(rpl.o)          contiki-sky.a(rpl-icmp6.o) (rpl_get_mode)
contiki-sky.a(csma.o)         obj_sky/contiki-sky-main.o (csma_driver)
contiki-sky.a(framer-802154.o)
                              contiki-sky.a(sicslowpan.o) (framer_802154)
contiki-sky.a(mac.o)          contiki-sky.a(csma.o) (mac_call_sent_callback)
contiki-sky.a(link-stats.o)   contiki-sky.a(rpl-dag.o) (link_stats_from_lladdr)
contiki-sky.a(linkaddr.o)     example-contikimac-rpl-30.co (linkaddr_copy)
contiki-sky.a(nbr-table.o)    contiki-sky.a(uip-ds6-nbr.o) (nbr_table_register)
contiki-sky.a(packetbuf.o)    contiki-sky.a(framer-802154.o) (packetbuf_hdrreduce)
contiki-sky.a(queuebuf.o)     obj_sky/contiki-sky-main.o (queuebuf_init)
contiki-sky.a(contikimac.o)   obj_sky/contiki-sky-main.o (contikimac_driver)
contiki-sky.a(nullsec.o)      obj_sky/contiki-sky-main.o (nullsec_driver)
contiki-sky.a(wur.o)          contiki-sky.a(sensors.o) (sensors_flags)
contiki-sky.a(spi.o)          contiki-sky.a(xmem.o) (spi_init)
contiki-sky.a(compower.o)     contiki-sky.a(contikimac.o) (compower_idle_activity)
contiki-sky.a(stimer.o)       contiki-sky.a(uip-ds6.o) (stimer_set)
contiki-sky.a(memb.o)         contiki-sky.a(rpl-ns.o) (memb_init)
contiki-sky.a(uip-ds6-route.o)
                              contiki-sky.a(uip-ds6.o) (uip_ds6_route_init)
contiki-sky.a(uip-icmp6.o)    contiki-sky.a(uip6.o) (uip_icmp6_input)
contiki-sky.a(uip-nd6.o)      contiki-sky.a(uip6.o) (uip_nd6_init)
contiki-sky.a(rpl-nbr-policy.)
                              contiki-sky.a(nbr-table.o) (rpl_nbr_policy_find_removable)
contiki-sky.a(frame802154.o)  contiki-sky.a(framer-802154.o) (frame802154_get_pan_id)
contiki-sky.a(mac-sequence.o)
                              contiki-sky.a(contikimac.o) (mac_sequence_is_duplicate)
/opt/compilers/mspgcc-4.7.3/bin/../lib/gcc/msp430/4.7.3/mmpy-16/libgcc.a(_mulsi3.o)
                              contiki-sky.a(rpl-timers.o) (__mulsi3)
/opt/compilers/mspgcc-4.7.3/bin/../lib/gcc/msp430/4.7.3/mmpy-16/libgcc.a(_udivmod16.o)
[...]
Memory Configuration

Name             Origin             Length             Attributes
sfr              0x0000000000000000 0x0000000000000010
peripheral_8bit  0x0000000000000010 0x00000000000000f0
peripheral_16bit 0x0000000000000100 0x0000000000000100
ram_mirror       0x0000000000000200 0x0000000000000800 xw
infomem          0x0000000000001000 0x0000000000000100
infob            0x0000000000001000 0x0000000000000080
infoa            0x0000000000001080 0x0000000000000080
ram              0x0000000000001100 0x0000000000002800 xw
rom              0x0000000000004000 0x000000000000bfe0 xr
vectors          0x000000000000ffe0 0x0000000000000020
bsl              0x0000000000000000 0x0000000000000000
infoc            0x0000000000000000 0x0000000000000000
infod            0x0000000000000000 0x0000000000000000
ram2             0x0000000000000000 0x0000000000000000 xw
usbram           0x0000000000000000 0x0000000000000000 xw
far_rom          0x0000000000000000 0x0000000000000000
*default*        0x0000000000000000 0xffffffffffffffff

Linker script and memory map

LOAD /opt/compilers/mspgcc-4.7.3/bin/../lib/gcc/msp430/4.7.3/mmpy-16/crt0ivtbl16.o
LOAD example-contikimac-rpl-30.co
LOAD obj_sky/contiki-sky-main.o
LOAD contiki-sky.a
LOAD /opt/compilers/mspgcc-4.7.3/bin/../lib/gcc/msp430/4.7.3/mmpy-16/libgcc.a
LOAD /opt/compilers/mspgcc-4.7.3/bin/../lib/gcc/msp430/4.7.3/../../../../msp430/lib/mmpy-16/libc.a
LOAD /opt/compilers/mspgcc-4.7.3/bin/../lib/gcc/msp430/4.7.3/mmpy-16/libgcc.a
LOAD /opt/compilers/mspgcc-4.7.3/bin/../lib/gcc/msp430/4.7.3/mmpy-16/libcrt0.a
                0x0000000000000080                PROVIDE (__info_segment_size, 0x80)
                0x0000000000001000                PROVIDE (__infob, 0x1000)
                0x0000000000001080                PROVIDE (__infoa, 0x1080)
                0x0000000000000000                __IE1 = 0x0
                0x0000000000000002                __IFG1 = 0x2
                0x0000000000000004                __ME1 = 0x4
                0x0000000000000001                __IE2 = 0x1
                0x0000000000000003                __IFG2 = 0x3
                0x0000000000000005                __ME2 = 0x5
                0x0000000000000120                __WDTCTL = 0x120
                0x0000000000000130                __MPY = 0x130
                0x0000000000000132                __MPYS = 0x132
                0x0000000000000134                __MAC = 0x134
                0x0000000000000136                __MACS = 0x136
                0x0000000000000138                __OP2 = 0x138
                0x000000000000013a                __RESLO = 0x13a
                0x000000000000013c                __RESHI = 0x13c
                0x000000000000013e                __SUMEXT = 0x13e
                0x0000000000000020                __P1IN = 0x20
                0x0000000000000021                __P1OUT = 0x21
                0x0000000000000022                __P1DIR = 0x22
                0x0000000000000023                __P1IFG = 0x23
                0x0000000000000024                __P1IES = 0x24
                0x0000000000000025                __P1IE = 0x25
                0x0000000000000026                __P1SEL = 0x26
                0x0000000000000028                __P2IN = 0x28
                0x0000000000000029                __P2OUT = 0x29
                0x000000000000002a                __P2DIR = 0x2a
                0x000000000000002b                __P2IFG = 0x2b
                0x000000000000002c                __P2IES = 0x2c
                0x000000000000002d                __P2IE = 0x2d
                0x000000000000002e                __P2SEL = 0x2e
                0x0000000000000018                __P3IN = 0x18
                0x0000000000000019                __P3OUT = 0x19
                0x000000000000001a                __P3DIR = 0x1a
                0x000000000000001b                __P3SEL = 0x1b
                0x000000000000001c                __P4IN = 0x1c
                0x000000000000001d                __P4OUT = 0x1d
                0x000000000000001e                __P4DIR = 0x1e
                0x000000000000001f                __P4SEL = 0x1f
                0x0000000000000030                __P5IN = 0x30
                0x0000000000000031                __P5OUT = 0x31
                0x0000000000000032                __P5DIR = 0x32
                0x0000000000000033                __P5SEL = 0x33
                0x0000000000000034                __P6IN = 0x34
                0x0000000000000035                __P6OUT = 0x35
                0x0000000000000036                __P6DIR = 0x36
                0x0000000000000037                __P6SEL = 0x37
                0x0000000000000070                __U0CTL = 0x70
                0x0000000000000071                __U0TCTL = 0x71
                0x0000000000000072                __U0RCTL = 0x72
                0x0000000000000073                __U0MCTL = 0x73
                0x0000000000000074                __U0BR0 = 0x74
                0x0000000000000075                __U0BR1 = 0x75
                0x0000000000000076                __U0RXBUF = 0x76
                0x0000000000000077                __U0TXBUF = 0x77
                0x0000000000000078                __U1CTL = 0x78
                0x0000000000000079                __U1TCTL = 0x79
                0x000000000000007a                __U1RCTL = 0x7a
                0x000000000000007b                __U1MCTL = 0x7b
                0x000000000000007c                __U1BR0 = 0x7c
                0x000000000000007d                __U1BR1 = 0x7d
                0x000000000000007e                __U1RXBUF = 0x7e
                0x000000000000007f                __U1TXBUF = 0x7f
                0x0000000000000050                __I2CIE = 0x50
                0x0000000000000051                __I2CIFG = 0x51
                0x0000000000000052                __I2CNDAT = 0x52
                0x0000000000000071                __I2CTCTL = 0x71
                0x0000000000000072                __I2CDCTL = 0x72
                0x0000000000000073                __I2CPSC = 0x73
                0x0000000000000074                __I2CSCLH = 0x74
                0x0000000000000075                __I2CSCLL = 0x75
                0x0000000000000076                __I2CDRB = 0x76
                0x0000000000000076                __I2CDRW = 0x76
                0x0000000000000118                __I2COA = 0x118
                0x000000000000011a                __I2CSA = 0x11a
                0x000000000000011c                __I2CIV = 0x11c
                0x000000000000012e                __TAIV = 0x12e
                0x0000000000000160                __TACTL = 0x160
                0x0000000000000162                __TACCTL0 = 0x162
                0x0000000000000164                __TACCTL1 = 0x164
                0x0000000000000166                __TACCTL2 = 0x166
                0x0000000000000170                __TAR = 0x170
                0x0000000000000172                __TACCR0 = 0x172
                0x0000000000000174                __TACCR1 = 0x174
                0x0000000000000176                __TACCR2 = 0x176
                0x000000000000011e                __TBIV = 0x11e
                0x0000000000000180                __TBCTL = 0x180
                0x0000000000000182                __TBCCTL0 = 0x182
                0x0000000000000184                __TBCCTL1 = 0x184
                0x0000000000000186                __TBCCTL2 = 0x186
                0x0000000000000188                __TBCCTL3 = 0x188
                0x000000000000018a                __TBCCTL4 = 0x18a
                0x000000000000018c                __TBCCTL5 = 0x18c
                0x000000000000018e                __TBCCTL6 = 0x18e
                0x0000000000000190                __TBR = 0x190
                0x0000000000000192                __TBCCR0 = 0x192
                0x0000000000000194                __TBCCR1 = 0x194
                0x0000000000000196                __TBCCR2 = 0x196
                0x0000000000000198                __TBCCR3 = 0x198
                0x000000000000019a                __TBCCR4 = 0x19a
                0x000000000000019c                __TBCCR5 = 0x19c
                0x000000000000019e                __TBCCR6 = 0x19e
                0x0000000000000056                __DCOCTL = 0x56
                0x0000000000000057                __BCSCTL1 = 0x57
                0x0000000000000058                __BCSCTL2 = 0x58
                0x0000000000000055                __SVSCTL = 0x55
                0x0000000000000128                __FCTL1 = 0x128
                0x000000000000012a                __FCTL2 = 0x12a
                0x000000000000012c                __FCTL3 = 0x12c
                0x0000000000000059                __CACTL1 = 0x59
                0x000000000000005a                __CACTL2 = 0x5a
                0x000000000000005b                __CAPD = 0x5b
                0x00000000000001a0                __ADC12CTL0 = 0x1a0
                0x00000000000001a2                __ADC12CTL1 = 0x1a2
                0x00000000000001a4                __ADC12IFG = 0x1a4
                0x00000000000001a6                __ADC12IE = 0x1a6
                0x00000000000001a8                __ADC12IV = 0x1a8
                0x0000000000000140                __ADC12MEM0 = 0x140
                0x0000000000000142                __ADC12MEM1 = 0x142
                0x0000000000000144                __ADC12MEM2 = 0x144
                0x0000000000000146                __ADC12MEM3 = 0x146
                0x0000000000000148                __ADC12MEM4 = 0x148
                0x000000000000014a                __ADC12MEM5 = 0x14a
                0x000000000000014c                __ADC12MEM6 = 0x14c
                0x000000000000014e                __ADC12MEM7 = 0x14e
                0x0000000000000150                __ADC12MEM8 = 0x150
                0x0000000000000152                __ADC12MEM9 = 0x152
                0x0000000000000154                __ADC12MEM10 = 0x154
                0x0000000000000156                __ADC12MEM11 = 0x156
                0x0000000000000158                __ADC12MEM12 = 0x158
                0x000000000000015a                __ADC12MEM13 = 0x15a
                0x000000000000015c                __ADC12MEM14 = 0x15c
                0x000000000000015e                __ADC12MEM15 = 0x15e
                0x0000000000000080                __ADC12MCTL0 = 0x80
                0x0000000000000081                __ADC12MCTL1 = 0x81
                0x0000000000000082                __ADC12MCTL2 = 0x82
                0x0000000000000083                __ADC12MCTL3 = 0x83
                0x0000000000000084                __ADC12MCTL4 = 0x84
                0x0000000000000085                __ADC12MCTL5 = 0x85
                0x0000000000000086                __ADC12MCTL6 = 0x86
                0x0000000000000087                __ADC12MCTL7 = 0x87
                0x0000000000000088                __ADC12MCTL8 = 0x88
                0x0000000000000089                __ADC12MCTL9 = 0x89
                0x000000000000008a                __ADC12MCTL10 = 0x8a
                0x000000000000008b                __ADC12MCTL11 = 0x8b
                0x000000000000008c                __ADC12MCTL12 = 0x8c
                0x000000000000008d                __ADC12MCTL13 = 0x8d
                0x000000000000008e                __ADC12MCTL14 = 0x8e
                0x000000000000008f                __ADC12MCTL15 = 0x8f
                0x00000000000001c0                __DAC12_0CTL = 0x1c0
                0x00000000000001c2                __DAC12_1CTL = 0x1c2
                0x00000000000001c8                __DAC12_0DAT = 0x1c8
                0x00000000000001ca                __DAC12_1DAT = 0x1ca
                0x0000000000000122                __DMACTL0 = 0x122
                0x0000000000000124                __DMACTL1 = 0x124
                0x00000000000001e0                __DMA0CTL = 0x1e0
                0x00000000000001e8                __DMA1CTL = 0x1e8
                0x00000000000001f0                __DMA2CTL = 0x1f0
                0x00000000000001e2                __DMA0SA = 0x1e2
                0x00000000000001e4                __DMA0DA = 0x1e4
                0x00000000000001e6                __DMA0SZ = 0x1e6
                0x00000000000001ea                __DMA1SA = 0x1ea
                0x00000000000001ec                __DMA1DA = 0x1ec
                0x00000000000001ee                __DMA1SZ = 0x1ee
                0x00000000000001f2                __DMA2SA = 0x1f2
                0x00000000000001f4                __DMA2DA = 0x1f4
                0x00000000000001f6                __DMA2SZ = 0x1f6

.hash
 *(.hash)

.dynsym
 *(.dynsym)

.dynstr
 *(.dynstr)

.gnu.version
 *(.gnu.version)

.gnu.version_d
 *(.gnu.version_d)

.gnu.version_r
 *(.gnu.version_r)

.rel.init
 *(.rel.init)

.rela.init
 *(.rela.init)

.rel.fini
 *(.rel.fini)

.rela.fini
 *(.rela.fini)

.rel.text
 *(.rel.text .rel.text.* .rel.gnu.linkonce.t.*)

.rela.text
 *(.rela.text .rela.text.* .rela.gnu.linkonce.t.*)

.rel.rodata
 *(.rel.rodata .rel.rodata.* .rel.gnu.linkonce.r.*)

.rela.rodata
 *(.rela.rodata .rela.rodata.* .rela.gnu.linkonce.r.*)

.rel.data
 *(.rel.data .rel.data.* .rel.gnu.linkonce.d.*)

.rela.data
 *(.rela.data .rela.data.* .rela.gnu.linkonce.d.*)

.rel.bss
 *(.rel.bss .rel.bss.* .rel.gnu.linkonce.b.*)

.rela.bss
 *(.rela.bss .rela.bss.* .rela.gnu.linkonce.b.*)

.rel.ctors
 *(.rel.ctors)

.rela.ctors
 *(.rela.ctors)

.rel.dtors
 *(.rel.dtors)

.rela.dtors
 *(.rela.dtors)

.rel.got
 *(.rel.got)

.rela.got
 *(.rela.got)

.rel.plt
 *(.rel.plt)

.rela.plt
 *(.rela.plt)

.text           0x0000000000004000     0xb4bc
                0x0000000000004000                . = ALIGN (0x2)
 *(.init .init.*)
 *(.init0)
 .init0         0x0000000000004000        0x0 /opt/compilers/mspgcc-4.7.3/bin/../lib/gcc/msp430/4.7.3/mmpy-16/libcrt0.a(_reset_vector__.o)
                0x0000000000004000                _reset_vector__
 *(.init1)
 .init1         0x0000000000004000        0xc /opt/compilers/mspgcc-4.7.3/bin/../lib/gcc/msp430/4.7.3/mmpy-16/libcrt0.a(__watchdog_support.o)
                0x0000000000004000                __watchdog_support
 *(.init2)
 .init2         0x000000000000400c        0x4 /opt/compilers/mspgcc-4.7.3/bin/../lib/gcc/msp430/4.7.3/mmpy-16/libcrt0.a(__init_stack.o)
                0x000000000000400c                __init_stack
 *(.init3)
 .init3         0x0000000000004010        0x0 /opt/compilers/mspgcc-4.7.3/bin/../lib/gcc/msp430/4.7.3/mmpy-16/libcrt0.a(__low_level_init.o)
                0x0000000000004010                __low_level_init
 *(.init4)
 .init4         0x0000000000004010       0x18 /opt/compilers/mspgcc-4.7.3/bin/../lib/gcc/msp430/4.7.3/mmpy-16/libcrt0.a(_copy_data.o)
                0x0000000000004010                __do_copy_data
 .init4         0x0000000000004028       0x16 /opt/compilers/mspgcc-4.7.3/bin/../lib/gcc/msp430/4.7.3/mmpy-16/libcrt0.a(_clear_bss.o)
                0x0000000000004028                __do_clear_bss
 *(.init5)
 *(.init6)
 *(.init7)
 *(.init8)
 *(.init9)
 .init9         0x000000000000403e      0x33e obj_sky/contiki-sky-main.o
                0x000000000000403e                main
 *(.fini9)
 .fini9         0x000000000000437c        0x0 /opt/compilers/mspgcc-4.7.3/bin/../lib/gcc/msp430/4.7.3/mmpy-16/libcrt0.a(__stop_progExec__.o)
                0x000000000000437c                __stop_progExec__
 *(.fini8)
 *(.fini7)
 *(.fini6)
 *(.fini5)
 *(.fini4)
 *(.fini3)
 *(.fini2)
 *(.fini1)
 *(.fini0)
 .fini0         0x000000000000437c        0x6 /opt/compilers/mspgcc-4.7.3/bin/../lib/gcc/msp430/4.7.3/mmpy-16/libcrt0.a(_endless_loop__.o)
                0x000000000000437c                _endless_loop__
 *(.fini .fini.*)
                0x0000000000004382                . = ALIGN (0x2)
                0x0000000000004382                __ctors_start = .
 *(.ctors)
                0x0000000000004382                __ctors_end = .
                0x0000000000004382                __dtors_start = .
 *(.dtors)
                0x0000000000004382                __dtors_end = .
                0x0000000000004382                . = ALIGN (0x2)
 *(.text .text.* .gnu.linkonce.t.*)
 .text          0x0000000000004382        0x4 /opt/compilers/mspgcc-4.7.3/bin/../lib/gcc/msp430/4.7.3/mmpy-16/crt0ivtbl16.o
                0x0000000000004382                __isr_14
                0x0000000000004382                __isr_11
                0x0000000000004382                __isr_2
                0x0000000000004382                __isr_7
                0x0000000000004382                __isr_0
                0x0000000000004382                __isr_8
                0x0000000000004382                __isr_3
                0x0000000000004382                __isr_12
                0x0000000000004382                __isr_13
                0x0000000000004382                __isr_9
 .text.pdr_ul_print_csv.constprop.2
                0x0000000000004386      0x1aa example-contikimac-rpl-30.co
 .text.ul_rx_cb
                0x0000000000004530      0x22a example-contikimac-rpl-30.co
 .text.rpl_hops_approx
                0x000000000000475a       0x16 example-contikimac-rpl-30.co
 .text.dl_rx_cb
                0x0000000000004770      0x182 example-contikimac-rpl-30.co
 .text.csv_print_info_role
                0x00000000000048f2       0x6e example-contikimac-rpl-30.co
 .text.pdr_dl_print_csv
                0x0000000000004960      0x1bc example-contikimac-rpl-30.co
 .text.parent_tracker_update
                0x0000000000004b1c       0xce example-contikimac-rpl-30.co
 .text.send_ul_message
                0x0000000000004bea       0xc6 example-contikimac-rpl-30.co
 .text.process_thread_waco_rpl_process
                0x0000000000004cb0      0x4e2 example-contikimac-rpl-30.co
 .text.init_platform
                0x0000000000005192        0xc contiki-sky.a(contiki-sky-pla)
                0x0000000000005192                init_platform
 .text.owreadb  0x000000000000519e       0x50 contiki-sky.a(ds2411.o)
 .text.ds2411_init
                0x00000000000051ee      0x120 contiki-sky.a(ds2411.o)
                0x00000000000051ee                ds2411_init
 .text.wait_ready
                0x000000000000530e       0x4a contiki-sky.a(xmem.o)
 .text.xmem_init
                0x0000000000005358       0x3c contiki-sky.a(xmem.o)
                0x0000000000005358                xmem_init
 .text.xmem_pread
                0x0000000000005394       0xda contiki-sky.a(xmem.o)
                0x0000000000005394                xmem_pread
 .text.node_id_restore
                0x000000000000546e       0x38 contiki-sky.a(node-id.o)
                0x000000000000546e                node_id_restore
 .text.process_thread_sensors_process
                0x00000000000054a6       0xc2 contiki-sky.a(sensors.o)
 .text.sensors_changed
                0x0000000000005568       0x2a contiki-sky.a(sensors.o)
                0x0000000000005568                sensors_changed
 .text.get_object
                0x0000000000005592        0x4 contiki-sky.a(cc2420.o)
 .text.set_object
                0x0000000000005596        0x4 contiki-sky.a(cc2420.o)
 .text.strobe   0x000000000000559a       0x1c contiki-sky.a(cc2420.o)
 .text.getreg   0x00000000000055b6       0x4c contiki-sky.a(cc2420.o)
 .text.setreg   0x0000000000005602       0x4c contiki-sky.a(cc2420.o)
 .text.write_ram
                0x000000000000564e       0x7c contiki-sky.a(cc2420.o)
 .text.write_fifo_buf
                0x00000000000056ca       0x3c contiki-sky.a(cc2420.o)
 .text.get_status
                0x0000000000005706       0x20 contiki-sky.a(cc2420.o)
 .text.set_txpower
                0x0000000000005726       0x24 contiki-sky.a(cc2420.o)
 .text.cc2420_receiving_packet
                0x000000000000574a        0xc contiki-sky.a(cc2420.o)
 .text.pending_packet
                0x0000000000005756        0x8 contiki-sky.a(cc2420.o)
 .text.on       0x000000000000575e       0x26 contiki-sky.a(cc2420.o)
 .text.wait_for_transmission
                0x0000000000005784       0x22 contiki-sky.a(cc2420.o)
 .text.wait_for_status
                0x00000000000057a6       0x28 contiki-sky.a(cc2420.o)
 .text.getrxdata
                0x00000000000057ce       0x50 contiki-sky.a(cc2420.o)
 .text.flushrx  0x000000000000581e       0x1a contiki-sky.a(cc2420.o)
 .text.off      0x0000000000005838       0x5e contiki-sky.a(cc2420.o)
 .text.RELEASE_LOCK
                0x0000000000005896       0x28 contiki-sky.a(cc2420.o)
 .text.set_key  0x00000000000058be       0x18 contiki-sky.a(cc2420.o)
 .text.set_frame_filtering
                0x00000000000058d6       0x30 contiki-sky.a(cc2420.o)
 .text.set_auto_ack
                0x0000000000005906       0x30 contiki-sky.a(cc2420.o)
 .text.set_poll_mode
                0x0000000000005936       0x2c contiki-sky.a(cc2420.o)
 .text.cc2420_prepare
                0x0000000000005962       0x3c contiki-sky.a(cc2420.o)
 .text.cc2420_on
                0x000000000000599e       0x22 contiki-sky.a(cc2420.o)
                0x000000000000599e                cc2420_on
 .text.cc2420_off
                0x00000000000059c0       0x30 contiki-sky.a(cc2420.o)
                0x00000000000059c0                cc2420_off
 .text.cc2420_cca
                0x00000000000059f0       0x68 contiki-sky.a(cc2420.o)
 .text.cc2420_read
                0x0000000000005a58       0xbc contiki-sky.a(cc2420.o)
 .text.process_thread_cc2420_process
                0x0000000000005b14       0x5c contiki-sky.a(cc2420.o)
 .text.encrypt  0x0000000000005b70       0x88 contiki-sky.a(cc2420.o)
 .text.cc2420_set_channel
                0x0000000000005bf8       0x3c contiki-sky.a(cc2420.o)
                0x0000000000005bf8                cc2420_set_channel
 .text.cc2420_set_pan_addr
                0x0000000000005c34       0x4c contiki-sky.a(cc2420.o)
                0x0000000000005c34                cc2420_set_pan_addr
 .text.cc2420_interrupt
                0x0000000000005c80       0x16 contiki-sky.a(cc2420.o)
                0x0000000000005c80                cc2420_interrupt
 .text.cc2420_set_txpower
                0x0000000000005c96        0xe contiki-sky.a(cc2420.o)
                0x0000000000005c96                cc2420_set_txpower
 .text.cc2420_get_txpower
                0x0000000000005ca4       0x1e contiki-sky.a(cc2420.o)
                0x0000000000005ca4                cc2420_get_txpower
 .text.cc2420_transmit
                0x0000000000005cc2      0x116 contiki-sky.a(cc2420.o)
 .text.cc2420_send
                0x0000000000005dd8       0x12 contiki-sky.a(cc2420.o)
 .text.cc2420_rssi
                0x0000000000005dea       0x4c contiki-sky.a(cc2420.o)
                0x0000000000005dea                cc2420_rssi
 .text.get_value
                0x0000000000005e36      0x104 contiki-sky.a(cc2420.o)
 .text.cc2420_set_cca_threshold
                0x0000000000005f3a       0x16 contiki-sky.a(cc2420.o)
                0x0000000000005f3a                cc2420_set_cca_threshold
 .text.set_value
                0x0000000000005f50       0xb8 contiki-sky.a(cc2420.o)
 .text.cc2420_init
                0x0000000000006008       0xea contiki-sky.a(cc2420.o)
                0x0000000000006008                cc2420_init
 .text.cc2420_port1_interrupt
                0x00000000000060f2       0x62 contiki-sky.a(cc2420-arch.o)
                0x00000000000060f2                __isr_4
                0x00000000000060f2                cc2420_port1_interrupt
 .text.cc2420_arch_init
                0x0000000000006154       0x1a contiki-sky.a(cc2420-arch.o)
                0x0000000000006154                cc2420_arch_init
 .text.uart1_active
                0x000000000000616e       0x18 contiki-sky.a(uart1.o)
                0x000000000000616e                uart1_active
 .text.uart1_writeb
                0x0000000000006186       0x18 contiki-sky.a(uart1.o)
                0x0000000000006186                uart1_writeb
 .text.uart1_init
                0x000000000000619e       0xf4 contiki-sky.a(uart1.o)
                0x000000000000619e                uart1_init
 .text.putchar  0x0000000000006292       0x10 contiki-sky.a(uart1-putchar.o)
                0x0000000000006292                putchar
 .text.msp430_init_dco
                0x00000000000062a2       0x82 contiki-sky.a(msp430.o)
                0x00000000000062a2                msp430_init_dco
 .text.msp430_add_lpm_req
                0x0000000000006324        0xc contiki-sky.a(msp430.o)
                0x0000000000006324                msp430_add_lpm_req
 .text.msp430_cpu_init
                0x0000000000006330       0x2a contiki-sky.a(msp430.o)
                0x0000000000006330                msp430_cpu_init
 .text.splhigh_
                0x000000000000635a        0x8 contiki-sky.a(msp430.o)
                0x000000000000635a                splhigh_
 .text.msp430_sync_dco
                0x0000000000006362       0x6c contiki-sky.a(msp430.o)
                0x0000000000006362                msp430_sync_dco
 .text.timera1  0x00000000000063ce      0x11e contiki-sky.a(clock.o)
                0x00000000000063ce                __isr_5
                0x00000000000063ce                timera1
 .text.clock_time
                0x00000000000064ec       0x1a contiki-sky.a(clock.o)
                0x00000000000064ec                clock_time
 .text.clock_init
                0x0000000000006506       0x28 contiki-sky.a(clock.o)
                0x0000000000006506                clock_init
 .text.clock_delay
                0x000000000000652e        0xc contiki-sky.a(clock.o)
                0x000000000000652e                clock_delay
 .text.clock_seconds
                0x000000000000653a       0x1a contiki-sky.a(clock.o)
                0x000000000000653a                clock_seconds
 .text.show_leds
                0x0000000000006554       0xf0 contiki-sky.a(leds.o)
 .text.leds_init
                0x0000000000006644        0xa contiki-sky.a(leds.o)
                0x0000000000006644                leds_init
 .text.leds_on  0x000000000000664e        0xa contiki-sky.a(leds.o)
                0x000000000000664e                leds_on
 .text.leds_off
                0x0000000000006658        0xe contiki-sky.a(leds.o)
                0x0000000000006658                leds_off
 .text.leds_arch_init
                0x0000000000006666        0xe contiki-sky.a(leds-arch.o)
                0x0000000000006666                leds_arch_init
 .text.leds_arch_set
                0x0000000000006674       0x38 contiki-sky.a(leds-arch.o)
                0x0000000000006674                leds_arch_set
 .text.watchdog_interrupt
                0x00000000000066ac        0x6 contiki-sky.a(watchdog.o)
                0x00000000000066ac                __isr_10
                0x00000000000066ac                watchdog_interrupt
 .text.watchdog_start
                0x00000000000066b2       0x14 contiki-sky.a(watchdog.o)
                0x00000000000066b2                watchdog_start
 .text.watchdog_periodic
                0x00000000000066c6       0x12 contiki-sky.a(watchdog.o)
                0x00000000000066c6                watchdog_periodic
 .text.watchdog_stop
                0x00000000000066d8       0x16 contiki-sky.a(watchdog.o)
                0x00000000000066d8                watchdog_stop
 .text.watchdog_init
                0x00000000000066ee       0x12 contiki-sky.a(watchdog.o)
                0x00000000000066ee                watchdog_init
 .text.rtimer_arch_init
                0x0000000000006700        0xe contiki-sky.a(rtimer-arch.o)
                0x0000000000006700                rtimer_arch_init
 .text.rtimer_arch_now
                0x000000000000670e        0xe contiki-sky.a(rtimer-arch.o)
                0x000000000000670e                rtimer_arch_now
 .text.timera0  0x000000000000671c       0x70 contiki-sky.a(rtimer-arch.o)
                0x000000000000671c                __isr_6
                0x000000000000671c                timera0
 .text.rtimer_arch_schedule
                0x000000000000678c        0x6 contiki-sky.a(rtimer-arch.o)
                0x000000000000678c                rtimer_arch_schedule
 .text.autostart_start
                0x0000000000006792       0x16 contiki-sky.a(autostart.o)
                0x0000000000006792                autostart_start
 .text.process_thread_ctimer_process
                0x00000000000067a8       0xa8 contiki-sky.a(ctimer.o)
 .text.ctimer_init
                0x0000000000006850       0x18 contiki-sky.a(ctimer.o)
                0x0000000000006850                ctimer_init
 .text.ctimer_set_with_process
                0x0000000000006868       0x4e contiki-sky.a(ctimer.o)
                0x0000000000006868                ctimer_set_with_process
 .text.ctimer_set
                0x00000000000068b6       0x10 contiki-sky.a(ctimer.o)
                0x00000000000068b6                ctimer_set
 .text.ctimer_reset
                0x00000000000068c6       0x30 contiki-sky.a(ctimer.o)
                0x00000000000068c6                ctimer_reset
 .text.ctimer_restart
                0x00000000000068f6       0x30 contiki-sky.a(ctimer.o)
                0x00000000000068f6                ctimer_restart
 .text.ctimer_stop
                0x0000000000006926       0x28 contiki-sky.a(ctimer.o)
                0x0000000000006926                ctimer_stop
 .text.energest_init
                0x000000000000694e       0x26 contiki-sky.a(energest.o)
                0x000000000000694e                energest_init
 .text.energest_type_time
                0x0000000000006974       0x48 contiki-sky.a(energest.o)
                0x0000000000006974                energest_type_time
 .text.energest_type_set
                0x00000000000069bc        0xe contiki-sky.a(energest.o)
                0x00000000000069bc                energest_type_set
 .text.energest_flush
                0x00000000000069ca       0x48 contiki-sky.a(energest.o)
                0x00000000000069ca                energest_flush
 .text.update_time
                0x0000000000006a12       0x78 contiki-sky.a(etimer.o)
 .text.etimer_request_poll
                0x0000000000006a8a        0xa contiki-sky.a(etimer.o)
                0x0000000000006a8a                etimer_request_poll
 .text.process_thread_etimer_process
                0x0000000000006a94       0xcc contiki-sky.a(etimer.o)
 .text.add_timer
                0x0000000000006b60       0x40 contiki-sky.a(etimer.o)
 .text.etimer_set
                0x0000000000006ba0       0x12 contiki-sky.a(etimer.o)
                0x0000000000006ba0                etimer_set
 .text.etimer_reset
                0x0000000000006bb2       0x12 contiki-sky.a(etimer.o)
                0x0000000000006bb2                etimer_reset
 .text.etimer_restart
                0x0000000000006bc4       0x12 contiki-sky.a(etimer.o)
                0x0000000000006bc4                etimer_restart
 .text.etimer_expired
                0x0000000000006bd6        0xe contiki-sky.a(etimer.o)
                0x0000000000006bd6                etimer_expired
 .text.etimer_expiration_time
                0x0000000000006be4       0x14 contiki-sky.a(etimer.o)
                0x0000000000006be4                etimer_expiration_time
 .text.etimer_pending
                0x0000000000006bf8        0xc contiki-sky.a(etimer.o)
                0x0000000000006bf8                etimer_pending
 .text.etimer_next_expiration_time
                0x0000000000006c04       0x16 contiki-sky.a(etimer.o)
                0x0000000000006c04                etimer_next_expiration_time
 .text.etimer_stop
                0x0000000000006c1a       0x3e contiki-sky.a(etimer.o)
                0x0000000000006c1a                etimer_stop
 .text.call_process
                0x0000000000006c58       0x46 contiki-sky.a(process.o)
 .text.exit_process
                0x0000000000006c9e       0x96 contiki-sky.a(process.o)
 .text.do_poll  0x0000000000006d34       0x30 contiki-sky.a(process.o)
 .text.process_alloc_event
                0x0000000000006d64        0xe contiki-sky.a(process.o)
                0x0000000000006d64                process_alloc_event
 .text.process_init
                0x0000000000006d72       0x1c contiki-sky.a(process.o)
                0x0000000000006d72                process_init
 .text.process_run
                0x0000000000006d8e       0x92 contiki-sky.a(process.o)
                0x0000000000006d8e                process_run
 .text.process_nevents
                0x0000000000006e20        0xe contiki-sky.a(process.o)
                0x0000000000006e20                process_nevents
 .text.process_post
                0x0000000000006e2e       0x4e contiki-sky.a(process.o)
                0x0000000000006e2e                process_post
 .text.process_post_synch
                0x0000000000006e7c       0x12 contiki-sky.a(process.o)
                0x0000000000006e7c                process_post_synch
 .text.process_start
                0x0000000000006e8e       0x36 contiki-sky.a(process.o)
                0x0000000000006e8e                process_start
 .text.process_poll
                0x0000000000006ec4       0x18 contiki-sky.a(process.o)
                0x0000000000006ec4                process_poll
 .text.rtimer_init
                0x0000000000006edc        0x6 contiki-sky.a(rtimer.o)
                0x0000000000006edc                rtimer_init
 .text.rtimer_set
                0x0000000000006ee2       0x24 contiki-sky.a(rtimer.o)
                0x0000000000006ee2                rtimer_set
 .text.rtimer_run_next
                0x0000000000006f06       0x26 contiki-sky.a(rtimer.o)
                0x0000000000006f06                rtimer_run_next
 .text.timer_set
                0x0000000000006f2c       0x1c contiki-sky.a(timer.o)
                0x0000000000006f2c                timer_set
 .text.timer_reset
                0x0000000000006f48        0xe contiki-sky.a(timer.o)
                0x0000000000006f48                timer_reset
 .text.timer_restart
                0x0000000000006f56       0x14 contiki-sky.a(timer.o)
                0x0000000000006f56                timer_restart
 .text.timer_expired
                0x0000000000006f6a       0x2a contiki-sky.a(timer.o)
                0x0000000000006f6a                timer_expired
 .text.list_init
                0x0000000000006f94        0x6 contiki-sky.a(list.o)
                0x0000000000006f94                list_init
 .text.list_head
                0x0000000000006f9a        0x4 contiki-sky.a(list.o)
                0x0000000000006f9a                list_head
 .text.list_tail
                0x0000000000006f9e       0x12 contiki-sky.a(list.o)
                0x0000000000006f9e                list_tail
 .text.list_remove
                0x0000000000006fb0       0x34 contiki-sky.a(list.o)
                0x0000000000006fb0                list_remove
 .text.list_push
                0x0000000000006fe4       0x1a contiki-sky.a(list.o)
                0x0000000000006fe4                list_push
 .text.list_add
                0x0000000000006ffe       0x2a contiki-sky.a(list.o)
                0x0000000000006ffe                list_add
 .text.list_length
                0x0000000000007028       0x10 contiki-sky.a(list.o)
                0x0000000000007028                list_length
 .text.list_item_next
                0x0000000000007038        0xc contiki-sky.a(list.o)
                0x0000000000007038                list_item_next
 .text.random_init
                0x0000000000007044        0x6 contiki-sky.a(random.o)
                0x0000000000007044                random_init
 .text.random_rand
                0x000000000000704a        0x6 contiki-sky.a(random.o)
                0x000000000000704a                random_rand
 .text.clear_fragments
                0x0000000000007050       0x40 contiki-sky.a(sicslowpan.o)
 .text.set_packet_attrs
                0x0000000000007090       0x46 contiki-sky.a(sicslowpan.o)
 .text.addr_context_lookup_by_number
                0x00000000000070d6       0x32 contiki-sky.a(sicslowpan.o)
 .text.compress_addr_64
                0x0000000000007108       0xae contiki-sky.a(sicslowpan.o)
 .text.store_fragment
                0x00000000000071b6       0xc8 contiki-sky.a(sicslowpan.o)
 .text.uncompress_addr
                0x000000000000727e       0xb4 contiki-sky.a(sicslowpan.o)
 .text.sicslowpan_init
                0x0000000000007332       0x24 contiki-sky.a(sicslowpan.o)
                0x0000000000007332                sicslowpan_init
 .text.addr_context_lookup_by_prefix
                0x0000000000007356       0x4c contiki-sky.a(sicslowpan.o)
 .text.packet_sent
                0x00000000000073a2       0x22 contiki-sky.a(sicslowpan.o)
 .text.add_fragment
                0x00000000000073c4      0x1ec contiki-sky.a(sicslowpan.o)
 .text.input    0x00000000000075b0      0x6dc contiki-sky.a(sicslowpan.o)
 .text.send_packet
                0x0000000000007c8c       0x1a contiki-sky.a(sicslowpan.o)
 .text.output   0x0000000000007ca6      0x6bc contiki-sky.a(sicslowpan.o)
 .text.uip_ds6_nbr_rm
                0x0000000000008362       0x1e contiki-sky.a(uip-ds6-nbr.o)
                0x0000000000008362                uip_ds6_nbr_rm
 .text.uip_ds6_neighbors_init
                0x0000000000008380       0x12 contiki-sky.a(uip-ds6-nbr.o)
                0x0000000000008380                uip_ds6_neighbors_init
 .text.uip_ds6_nbr_add
                0x0000000000008392       0x3e contiki-sky.a(uip-ds6-nbr.o)
                0x0000000000008392                uip_ds6_nbr_add
 .text.uip_ds6_nbr_get_ll
                0x00000000000083d0        0xc contiki-sky.a(uip-ds6-nbr.o)
                0x00000000000083d0                uip_ds6_nbr_get_ll
 .text.uip_ds6_nbr_lookup
                0x00000000000083dc       0x42 contiki-sky.a(uip-ds6-nbr.o)
                0x00000000000083dc                uip_ds6_nbr_lookup
 .text.uip_ds6_nbr_ll_lookup
                0x000000000000841e        0xc contiki-sky.a(uip-ds6-nbr.o)
                0x000000000000841e                uip_ds6_nbr_ll_lookup
 .text.uip_ds6_nbr_ipaddr_from_lladdr
                0x000000000000842a        0x6 contiki-sky.a(uip-ds6-nbr.o)
                0x000000000000842a                uip_ds6_nbr_ipaddr_from_lladdr
 .text.uip_ds6_nbr_lladdr_from_ipaddr
                0x0000000000008430       0x12 contiki-sky.a(uip-ds6-nbr.o)
                0x0000000000008430                uip_ds6_nbr_lladdr_from_ipaddr
 .text.uip_ds6_link_neighbor_callback
                0x0000000000008442       0x36 contiki-sky.a(uip-ds6-nbr.o)
                0x0000000000008442                uip_ds6_link_neighbor_callback
 .text.uip_ds6_list_loop
                0x0000000000008478       0x86 contiki-sky.a(uip-ds6.o)
                0x0000000000008478                uip_ds6_list_loop
 .text.uip_ds6_prefix_add
                0x00000000000084fe       0x80 contiki-sky.a(uip-ds6.o)
                0x00000000000084fe                uip_ds6_prefix_add
 .text.uip_ds6_is_addr_onlink
                0x000000000000857e       0x54 contiki-sky.a(uip-ds6.o)
                0x000000000000857e                uip_ds6_is_addr_onlink
 .text.uip_ds6_addr_lookup
                0x00000000000085d2       0x2a contiki-sky.a(uip-ds6.o)
                0x00000000000085d2                uip_ds6_addr_lookup
 .text.uip_ds6_get_link_local
                0x00000000000085fc       0x3e contiki-sky.a(uip-ds6.o)
                0x00000000000085fc                uip_ds6_get_link_local
 .text.uip_ds6_maddr_add
                0x000000000000863a       0x4c contiki-sky.a(uip-ds6.o)
                0x000000000000863a                uip_ds6_maddr_add
 .text.uip_ds6_addr_add
                0x0000000000008686       0xc4 contiki-sky.a(uip-ds6.o)
                0x0000000000008686                uip_ds6_addr_add
 .text.uip_ds6_maddr_rm
                0x000000000000874a        0xa contiki-sky.a(uip-ds6.o)
                0x000000000000874a                uip_ds6_maddr_rm
 .text.uip_ds6_maddr_lookup
                0x0000000000008754       0x2a contiki-sky.a(uip-ds6.o)
                0x0000000000008754                uip_ds6_maddr_lookup
 .text.uip_ds6_addr_rm
                0x000000000000877e       0x54 contiki-sky.a(uip-ds6.o)
                0x000000000000877e                uip_ds6_addr_rm
 .text.uip_ds6_periodic
                0x00000000000087d2       0x46 contiki-sky.a(uip-ds6.o)
                0x00000000000087d2                uip_ds6_periodic
 .text.uip_ds6_set_addr_iid
                0x0000000000008818       0x14 contiki-sky.a(uip-ds6.o)
                0x0000000000008818                uip_ds6_set_addr_iid
 .text.get_match_length
                0x000000000000882c       0x44 contiki-sky.a(uip-ds6.o)
                0x000000000000882c                get_match_length
 .text.uip_ds6_select_src
                0x0000000000008870       0xaa contiki-sky.a(uip-ds6.o)
                0x0000000000008870                uip_ds6_select_src
 .text.uip_ds6_compute_reachable_time
                0x000000000000891a       0x3e contiki-sky.a(uip-ds6.o)
                0x000000000000891a                uip_ds6_compute_reachable_time
 .text.uip_ds6_init
                0x0000000000008958      0x154 contiki-sky.a(uip-ds6.o)
                0x0000000000008958                uip_ds6_init
 .text.chksum   0x0000000000008aac       0x32 contiki-sky.a(uip6.o)
 .text.upper_layer_chksum
                0x0000000000008ade       0x56 contiki-sky.a(uip6.o)
 .text.ext_hdr_options_process
                0x0000000000008b34       0xd0 contiki-sky.a(uip6.o)
 .text.uip_icmp6chksum
                0x0000000000008c04        0xa contiki-sky.a(uip6.o)
                0x0000000000008c04                uip_icmp6chksum
 .text.uip_udpchksum
                0x0000000000008c0e        0xa contiki-sky.a(uip6.o)
                0x0000000000008c0e                uip_udpchksum
 .text.uip_init
                0x0000000000008c18       0x20 contiki-sky.a(uip6.o)
                0x0000000000008c18                uip_init
 .text.remove_ext_hdr
                0x0000000000008c38       0x54 contiki-sky.a(uip6.o)
                0x0000000000008c38                remove_ext_hdr
 .text.uip_udp_new
                0x0000000000008c8c       0x94 contiki-sky.a(uip6.o)
                0x0000000000008c8c                uip_udp_new
 .text.uip_process
                0x0000000000008d20      0x4b6 contiki-sky.a(uip6.o)
                0x0000000000008d20                uip_process
 .text.uip_htonl
                0x00000000000091d6       0x2e contiki-sky.a(uip6.o)
                0x00000000000091d6                uip_htonl
 .text.process_thread_simple_udp_process
                0x0000000000009204       0xae contiki-sky.a(simple-udp.o)
 .text.simple_udp_sendto
                0x00000000000092b2       0x2c contiki-sky.a(simple-udp.o)
                0x00000000000092b2                simple_udp_sendto
 .text.simple_udp_register
                0x00000000000092de       0x96 contiki-sky.a(simple-udp.o)
                0x00000000000092de                simple_udp_register
 .text.tcpip_output
                0x0000000000009374       0x10 contiki-sky.a(tcpip.o)
                0x0000000000009374                tcpip_output
 .text.tcpip_set_outputfunc
                0x0000000000009384        0x6 contiki-sky.a(tcpip.o)
                0x0000000000009384                tcpip_set_outputfunc
 .text.udp_new  0x000000000000938a       0x1a contiki-sky.a(tcpip.o)
                0x000000000000938a                udp_new
 .text.tcpip_input
                0x00000000000093a4       0x16 contiki-sky.a(tcpip.o)
                0x00000000000093a4                tcpip_input
 .text.tcpip_ipv6_output
                0x00000000000093ba       0xf0 contiki-sky.a(tcpip.o)
                0x00000000000093ba                tcpip_ipv6_output
 .text.process_thread_tcpip_process
                0x00000000000094aa       0xce contiki-sky.a(tcpip.o)
 .text.tcpip_uipcall
                0x0000000000009578       0x2a contiki-sky.a(tcpip.o)
                0x0000000000009578                tcpip_uipcall
 .text.uip_udp_packet_send
                0x00000000000095a2       0x2a contiki-sky.a(uip-udp-packet.)
                0x00000000000095a2                uip_udp_packet_send
 .text.uip_udp_packet_sendto
                0x00000000000095cc       0x66 contiki-sky.a(uip-udp-packet.)
                0x00000000000095cc                uip_udp_packet_sendto
 .text.lollipop_greater_than
                0x0000000000009632       0x3c contiki-sky.a(rpl-dag.o)
 .text.find_parent_any_dag_any_instance
                0x000000000000966e       0x14 contiki-sky.a(rpl-dag.o)
 .text.rpl_set_preferred_parent
                0x0000000000009682       0x30 contiki-sky.a(rpl-dag.o)
 .text.set_ip_from_prefix
                0x00000000000096b2       0x38 contiki-sky.a(rpl-dag.o)
 .text.check_prefix
                0x00000000000096ea       0x80 contiki-sky.a(rpl-dag.o)
 .text.rpl_dag_init
                0x000000000000976a        0xe contiki-sky.a(rpl-dag.o)
                0x000000000000976a                rpl_dag_init
 .text.rpl_get_parent
                0x0000000000009778        0xc contiki-sky.a(rpl-dag.o)
                0x0000000000009778                rpl_get_parent
 .text.rpl_rank_via_parent
                0x0000000000009784       0x2a contiki-sky.a(rpl-dag.o)
                0x0000000000009784                rpl_rank_via_parent
 .text.rpl_get_parent_lladdr
                0x00000000000097ae        0xc contiki-sky.a(rpl-dag.o)
                0x00000000000097ae                rpl_get_parent_lladdr
 .text.rpl_get_parent_ipaddr
                0x00000000000097ba        0xa contiki-sky.a(rpl-dag.o)
                0x00000000000097ba                rpl_get_parent_ipaddr
 .text.rpl_get_parent_link_stats
                0x00000000000097c4        0xa contiki-sky.a(rpl-dag.o)
                0x00000000000097c4                rpl_get_parent_link_stats
 .text.rpl_parent_is_fresh
                0x00000000000097ce        0xa contiki-sky.a(rpl-dag.o)
                0x00000000000097ce                rpl_parent_is_fresh
 .text.best_parent
                0x00000000000097d8       0x76 contiki-sky.a(rpl-dag.o)
 .text.rpl_set_prefix
                0x000000000000984e       0x8e contiki-sky.a(rpl-dag.o)
                0x000000000000984e                rpl_set_prefix
 .text.rpl_set_default_route
                0x00000000000098dc       0x4a contiki-sky.a(rpl-dag.o)
                0x00000000000098dc                rpl_set_default_route
 .text.rpl_alloc_instance
                0x0000000000009926       0x34 contiki-sky.a(rpl-dag.o)
                0x0000000000009926                rpl_alloc_instance
 .text.rpl_add_parent
                0x000000000000995a       0x3e contiki-sky.a(rpl-dag.o)
                0x000000000000995a                rpl_add_parent
 .text.rpl_find_parent
                0x0000000000009998       0x1a contiki-sky.a(rpl-dag.o)
                0x0000000000009998                rpl_find_parent
 .text.rpl_find_parent_any_dag
                0x00000000000099b2       0x22 contiki-sky.a(rpl-dag.o)
                0x00000000000099b2                rpl_find_parent_any_dag
 .text.rpl_select_parent
                0x00000000000099d4       0x66 contiki-sky.a(rpl-dag.o)
                0x00000000000099d4                rpl_select_parent
 .text.rpl_select_dag
                0x0000000000009a3a      0x16a contiki-sky.a(rpl-dag.o)
                0x0000000000009a3a                rpl_select_dag
 .text.rpl_nullify_parent
                0x0000000000009ba4       0x4a contiki-sky.a(rpl-dag.o)
                0x0000000000009ba4                rpl_nullify_parent
 .text.rpl_remove_parent
                0x0000000000009bee       0x16 contiki-sky.a(rpl-dag.o)
                0x0000000000009bee                rpl_remove_parent
 .text.nbr_callback
                0x0000000000009c04        0x6 contiki-sky.a(rpl-dag.o)
 .text.remove_parents.constprop.5
                0x0000000000009c0a       0x30 contiki-sky.a(rpl-dag.o)
 .text.rpl_free_dag
                0x0000000000009c3a       0x2e contiki-sky.a(rpl-dag.o)
                0x0000000000009c3a                rpl_free_dag
 .text.rpl_move_parent
                0x0000000000009c68       0x46 contiki-sky.a(rpl-dag.o)
                0x0000000000009c68                rpl_move_parent
 .text.rpl_get_dag
                0x0000000000009cae       0x86 contiki-sky.a(rpl-dag.o)
                0x0000000000009cae                rpl_get_dag
 .text.rpl_get_any_dag
                0x0000000000009d34       0x16 contiki-sky.a(rpl-dag.o)
                0x0000000000009d34                rpl_get_any_dag
 .text.rpl_get_instance
                0x0000000000009d4a       0x16 contiki-sky.a(rpl-dag.o)
                0x0000000000009d4a                rpl_get_instance
 .text.rpl_alloc_dag
                0x0000000000009d60       0x64 contiki-sky.a(rpl-dag.o)
                0x0000000000009d60                rpl_alloc_dag
 .text.rpl_repair_root
                0x0000000000009dc4       0x4c contiki-sky.a(rpl-dag.o)
                0x0000000000009dc4                rpl_repair_root
 .text.rpl_find_of
                0x0000000000009e10       0x10 contiki-sky.a(rpl-dag.o)
                0x0000000000009e10                rpl_find_of
 .text.rpl_set_root
                0x0000000000009e20      0x140 contiki-sky.a(rpl-dag.o)
                0x0000000000009e20                rpl_set_root
 .text.rpl_join_instance
                0x0000000000009f60      0x150 contiki-sky.a(rpl-dag.o)
                0x0000000000009f60                rpl_join_instance
 .text.rpl_local_repair
                0x000000000000a0b0       0x98 contiki-sky.a(rpl-dag.o)
                0x000000000000a0b0                rpl_local_repair
 .text.rpl_process_parent_event
                0x000000000000a148       0x8e contiki-sky.a(rpl-dag.o)
                0x000000000000a148                rpl_process_parent_event
 .text.rpl_recalculate_ranks
                0x000000000000a1d6       0x44 contiki-sky.a(rpl-dag.o)
                0x000000000000a1d6                rpl_recalculate_ranks
 .text.rpl_add_dag
                0x000000000000a21a      0x114 contiki-sky.a(rpl-dag.o)
                0x000000000000a21a                rpl_add_dag
 .text.rpl_process_dio
                0x000000000000a32e      0x342 contiki-sky.a(rpl-dag.o)
                0x000000000000a32e                rpl_process_dio
 .text.insert_hbh_header
                0x000000000000a670       0x78 contiki-sky.a(rpl-ext-header.)
 .text.insert_srh_header
                0x000000000000a6e8      0x210 contiki-sky.a(rpl-ext-header.)
 .text.rpl_verify_hbh_header
                0x000000000000a8f8      0x104 contiki-sky.a(rpl-ext-header.)
                0x000000000000a8f8                rpl_verify_hbh_header
 .text.rpl_srh_get_next_hop
                0x000000000000a9fc       0xfa contiki-sky.a(rpl-ext-header.)
                0x000000000000a9fc                rpl_srh_get_next_hop
 .text.rpl_process_srh_header
                0x000000000000aaf6      0x17c contiki-sky.a(rpl-ext-header.)
                0x000000000000aaf6                rpl_process_srh_header
 .text.rpl_finalize_header
                0x000000000000ac72       0x8e contiki-sky.a(rpl-ext-header.)
                0x000000000000ac72                rpl_finalize_header
 .text.rpl_remove_header
                0x000000000000ad00       0xc4 contiki-sky.a(rpl-ext-header.)
                0x000000000000ad00                rpl_remove_header
 .text.rpl_insert_header
                0x000000000000adc4       0x38 contiki-sky.a(rpl-ext-header.)
                0x000000000000adc4                rpl_insert_header
 .text.rpl_update_header
                0x000000000000adfc       0xb4 contiki-sky.a(rpl-ext-header.)
                0x000000000000adfc                rpl_update_header
 .text.get32    0x000000000000aeb0       0x46 contiki-sky.a(rpl-icmp6.o)
 .text.set32    0x000000000000aef6       0x2a contiki-sky.a(rpl-icmp6.o)
 .text.get16    0x000000000000af20        0xe contiki-sky.a(rpl-icmp6.o)
 .text.set16    0x000000000000af2e       0x10 contiki-sky.a(rpl-icmp6.o)
 .text.dao_ack_input
                0x000000000000af3e        0xa contiki-sky.a(rpl-icmp6.o)
 .text.dao_input
                0x000000000000af48      0x164 contiki-sky.a(rpl-icmp6.o)
 .text.dio_input
                0x000000000000b0ac      0x2a8 contiki-sky.a(rpl-icmp6.o)
 .text.rpl_icmp6_update_nbr_table
                0x000000000000b354       0x30 contiki-sky.a(rpl-icmp6.o)
                0x000000000000b354                rpl_icmp6_update_nbr_table
 .text.dis_output
                0x000000000000b384       0x50 contiki-sky.a(rpl-icmp6.o)
                0x000000000000b384                dis_output
 .text.dio_output
                0x000000000000b3d4      0x272 contiki-sky.a(rpl-icmp6.o)
                0x000000000000b3d4                dio_output
 .text.dis_input
                0x000000000000b646       0x3e contiki-sky.a(rpl-icmp6.o)
 .text.dao_output_target
                0x000000000000b684      0x10e contiki-sky.a(rpl-icmp6.o)
                0x000000000000b684                dao_output_target
 .text.dao_output
                0x000000000000b792       0xb4 contiki-sky.a(rpl-icmp6.o)
                0x000000000000b792                dao_output
 .text.rpl_icmp6_register_handlers
                0x000000000000b846       0x22 contiki-sky.a(rpl-icmp6.o)
                0x000000000000b846                rpl_icmp6_register_handlers
 .text.reset    0x000000000000b868        0x2 contiki-sky.a(rpl-mrhof.o)
 .text.update_metric_container
                0x000000000000b86a        0x6 contiki-sky.a(rpl-mrhof.o)
 .text.parent_link_metric
                0x000000000000b870       0x10 contiki-sky.a(rpl-mrhof.o)
 .text.parent_has_usable_link
                0x000000000000b880       0x14 contiki-sky.a(rpl-mrhof.o)
 .text.best_dag
                0x000000000000b894       0x2e contiki-sky.a(rpl-mrhof.o)
 .text.parent_path_cost
                0x000000000000b8c2       0x44 contiki-sky.a(rpl-mrhof.o)
 .text.parent_is_acceptable
                0x000000000000b906       0x2e contiki-sky.a(rpl-mrhof.o)
 .text.rank_via_parent
                0x000000000000b934       0x56 contiki-sky.a(rpl-mrhof.o)
 .text.best_parent
                0x000000000000b98a       0x82 contiki-sky.a(rpl-mrhof.o)
 .text.node_matches_address
                0x000000000000ba0c       0x4a contiki-sky.a(rpl-ns.o)
 .text.rpl_ns_get_node
                0x000000000000ba56       0x38 contiki-sky.a(rpl-ns.o)
                0x000000000000ba56                rpl_ns_get_node
 .text.rpl_ns_is_node_reachable
                0x000000000000ba8e       0x36 contiki-sky.a(rpl-ns.o)
                0x000000000000ba8e                rpl_ns_is_node_reachable
 .text.rpl_ns_expire_parent
                0x000000000000bac4       0x38 contiki-sky.a(rpl-ns.o)
                0x000000000000bac4                rpl_ns_expire_parent
 .text.rpl_ns_update_node
                0x000000000000bafc       0xbc contiki-sky.a(rpl-ns.o)
                0x000000000000bafc                rpl_ns_update_node
 .text.rpl_ns_init
                0x000000000000bbb8       0x16 contiki-sky.a(rpl-ns.o)
                0x000000000000bbb8                rpl_ns_init
 .text.rpl_ns_get_node_global_addr
                0x000000000000bbce       0x32 contiki-sky.a(rpl-ns.o)
                0x000000000000bbce                rpl_ns_get_node_global_addr
 .text.rpl_ns_periodic
                0x000000000000bc00       0x8c contiki-sky.a(rpl-ns.o)
                0x000000000000bc00                rpl_ns_periodic
 .text.handle_unicast_dio_timer
                0x000000000000bc8c       0x1c contiki-sky.a(rpl-timers.o)
 .text.new_dio_interval
                0x000000000000bca8       0x92 contiki-sky.a(rpl-timers.o)
 .text.set_dao_lifetime_timer
                0x000000000000bd3a       0x8c contiki-sky.a(rpl-timers.o)
 .text.handle_periodic_timer
                0x000000000000bdc6       0x50 contiki-sky.a(rpl-timers.o)
 .text.schedule_dao
                0x000000000000be16       0x82 contiki-sky.a(rpl-timers.o)
 .text.handle_dio_timer
                0x000000000000be98       0x88 contiki-sky.a(rpl-timers.o)
 .text.handle_dao_timer
                0x000000000000bf20       0x64 contiki-sky.a(rpl-timers.o)
 .text.rpl_reset_periodic_timer
                0x000000000000bf84       0x54 contiki-sky.a(rpl-timers.o)
                0x000000000000bf84                rpl_reset_periodic_timer
 .text.rpl_reset_dio_timer
                0x000000000000bfd8       0x18 contiki-sky.a(rpl-timers.o)
                0x000000000000bfd8                rpl_reset_dio_timer
 .text.rpl_schedule_dao
                0x000000000000bff0        0xc contiki-sky.a(rpl-timers.o)
                0x000000000000bff0                rpl_schedule_dao
 .text.rpl_schedule_unicast_dio_immediately
                0x000000000000bffc       0x16 contiki-sky.a(rpl-timers.o)
                0x000000000000bffc                rpl_schedule_unicast_dio_immediately
 .text.get_probing_delay
                0x000000000000c012       0x40 contiki-sky.a(rpl-timers.o)
                0x000000000000c012                get_probing_delay
 .text.get_probing_target
                0x000000000000c052       0xfa contiki-sky.a(rpl-timers.o)
                0x000000000000c052                get_probing_target
 .text.rpl_schedule_probing
                0x000000000000c14c       0x26 contiki-sky.a(rpl-timers.o)
                0x000000000000c14c                rpl_schedule_probing
 .text.handle_probing_timer
                0x000000000000c172       0x3c contiki-sky.a(rpl-timers.o)
 .text.rpl_get_mode
                0x000000000000c1ae        0x6 contiki-sky.a(rpl.o)
                0x000000000000c1ae                rpl_get_mode
 .text.rpl_link_neighbor_callback
                0x000000000000c1b4       0x4c contiki-sky.a(rpl.o)
                0x000000000000c1b4                rpl_link_neighbor_callback
 .text.rpl_ipv6_neighbor_callback
                0x000000000000c200       0x1e contiki-sky.a(rpl.o)
                0x000000000000c200                rpl_ipv6_neighbor_callback
 .text.rpl_purge_dags
                0x000000000000c21e       0x70 contiki-sky.a(rpl.o)
                0x000000000000c21e                rpl_purge_dags
 .text.rpl_init
                0x000000000000c28e       0x48 contiki-sky.a(rpl.o)
                0x000000000000c28e                rpl_init
 .text.input_packet
                0x000000000000c2d6        0x6 contiki-sky.a(csma.o)
 .text.on       0x000000000000c2dc        0x6 contiki-sky.a(csma.o)
 .text.off      0x000000000000c2e2        0x6 contiki-sky.a(csma.o)
 .text.channel_check_interval
                0x000000000000c2e8       0x10 contiki-sky.a(csma.o)
 .text.transmit_packet_list
                0x000000000000c2f8       0x24 contiki-sky.a(csma.o)
 .text.schedule_transmission
                0x000000000000c31c       0x9a contiki-sky.a(csma.o)
 .text.init     0x000000000000c3b6       0x1a contiki-sky.a(csma.o)
 .text.tx_done  0x000000000000c3d0       0x94 contiki-sky.a(csma.o)
 .text.send_packet
                0x000000000000c464      0x166 contiki-sky.a(csma.o)
 .text.packet_sent
                0x000000000000c5ca       0xd6 contiki-sky.a(csma.o)
 .text.create_frame.isra.0
                0x000000000000c6a0      0x118 contiki-sky.a(framer-802154.o)
 .text.create   0x000000000000c7b8        0x8 contiki-sky.a(framer-802154.o)
 .text.hdr_length
                0x000000000000c7c0        0x8 contiki-sky.a(framer-802154.o)
 .text.parse    0x000000000000c7c8       0x9e contiki-sky.a(framer-802154.o)
 .text.mac_call_sent_callback
                0x000000000000c866       0x14 contiki-sky.a(mac.o)
                0x000000000000c866                mac_call_sent_callback
 .text.periodic
                0x000000000000c87a       0x28 contiki-sky.a(link-stats.o)
 .text.link_stats_from_lladdr
                0x000000000000c8a2        0xc contiki-sky.a(link-stats.o)
                0x000000000000c8a2                link_stats_from_lladdr
 .text.link_stats_is_fresh
                0x000000000000c8ae       0x32 contiki-sky.a(link-stats.o)
                0x000000000000c8ae                link_stats_is_fresh
 .text.link_stats_packet_sent
                0x000000000000c8e0       0xd6 contiki-sky.a(link-stats.o)
                0x000000000000c8e0                link_stats_packet_sent
 .text.link_stats_input_callback
                0x000000000000c9b6       0xb2 contiki-sky.a(link-stats.o)
                0x000000000000c9b6                link_stats_input_callback
 .text.link_stats_init
                0x000000000000ca68       0x22 contiki-sky.a(link-stats.o)
                0x000000000000ca68                link_stats_init
 .text.linkaddr_copy
                0x000000000000ca8a        0x8 contiki-sky.a(linkaddr.o)
                0x000000000000ca8a                linkaddr_copy
 .text.linkaddr_cmp
                0x000000000000ca92       0x12 contiki-sky.a(linkaddr.o)
                0x000000000000ca92                linkaddr_cmp
 .text.linkaddr_set_node_addr
                0x000000000000caa4        0xc contiki-sky.a(linkaddr.o)
                0x000000000000caa4                linkaddr_set_node_addr
 .text.key_from_index
                0x000000000000cab0       0x18 contiki-sky.a(nbr-table.o)
 .text.item_from_index
                0x000000000000cac8       0x2a contiki-sky.a(nbr-table.o)
 .text.index_from_key
                0x000000000000caf2       0x26 contiki-sky.a(nbr-table.o)
 .text.index_from_item
                0x000000000000cb18       0x1e contiki-sky.a(nbr-table.o)
 .text.nbr_set_bit
                0x000000000000cb36       0x58 contiki-sky.a(nbr-table.o)
 .text.index_from_lladdr
                0x000000000000cb8e       0x42 contiki-sky.a(nbr-table.o)
 .text.nbr_get_bit.constprop.0
                0x000000000000cbd0       0x2e contiki-sky.a(nbr-table.o)
 .text.remove_key
                0x000000000000cbfe       0x66 contiki-sky.a(nbr-table.o)
 .text.nbr_table_register
                0x000000000000cc64       0x26 contiki-sky.a(nbr-table.o)
                0x000000000000cc64                nbr_table_register
 .text.nbr_table_next
                0x000000000000cc8a       0x3e contiki-sky.a(nbr-table.o)
                0x000000000000cc8a                nbr_table_next
 .text.nbr_table_head
                0x000000000000ccc8       0x3a contiki-sky.a(nbr-table.o)
                0x000000000000ccc8                nbr_table_head
 .text.nbr_table_add_lladdr
                0x000000000000cd02      0x110 contiki-sky.a(nbr-table.o)
                0x000000000000cd02                nbr_table_add_lladdr
 .text.nbr_table_get_from_lladdr
                0x000000000000ce12       0x2c contiki-sky.a(nbr-table.o)
                0x000000000000ce12                nbr_table_get_from_lladdr
 .text.nbr_table_remove
                0x000000000000ce3e       0x32 contiki-sky.a(nbr-table.o)
                0x000000000000ce3e                nbr_table_remove
 .text.nbr_table_lock
                0x000000000000ce70       0x10 contiki-sky.a(nbr-table.o)
                0x000000000000ce70                nbr_table_lock
 .text.nbr_table_unlock
                0x000000000000ce80       0x10 contiki-sky.a(nbr-table.o)
                0x000000000000ce80                nbr_table_unlock
 .text.nbr_table_get_lladdr
                0x000000000000ce90       0x14 contiki-sky.a(nbr-table.o)
                0x000000000000ce90                nbr_table_get_lladdr
 .text.packetbuf_hdrreduce
                0x000000000000cea4       0x1a contiki-sky.a(packetbuf.o)
                0x000000000000cea4                packetbuf_hdrreduce
 .text.packetbuf_set_datalen
                0x000000000000cebe        0x6 contiki-sky.a(packetbuf.o)
                0x000000000000cebe                packetbuf_set_datalen
 .text.packetbuf_hdrptr
                0x000000000000cec4        0x6 contiki-sky.a(packetbuf.o)
                0x000000000000cec4                packetbuf_hdrptr
 .text.packetbuf_datalen
                0x000000000000ceca        0x6 contiki-sky.a(packetbuf.o)
                0x000000000000ceca                packetbuf_datalen
 .text.packetbuf_hdrlen
                0x000000000000ced0        0xa contiki-sky.a(packetbuf.o)
                0x000000000000ced0                packetbuf_hdrlen
 .text.packetbuf_dataptr
                0x000000000000ceda        0xc contiki-sky.a(packetbuf.o)
                0x000000000000ceda                packetbuf_dataptr
 .text.packetbuf_copyto
                0x000000000000cee6       0x46 contiki-sky.a(packetbuf.o)
                0x000000000000cee6                packetbuf_copyto
 .text.packetbuf_totlen
                0x000000000000cf2c        0xc contiki-sky.a(packetbuf.o)
                0x000000000000cf2c                packetbuf_totlen
 .text.packetbuf_hdralloc
                0x000000000000cf38       0x3c contiki-sky.a(packetbuf.o)
                0x000000000000cf38                packetbuf_hdralloc
 .text.packetbuf_attr_clear
                0x000000000000cf74       0x28 contiki-sky.a(packetbuf.o)
                0x000000000000cf74                packetbuf_attr_clear
 .text.packetbuf_clear
                0x000000000000cf9c       0x12 contiki-sky.a(packetbuf.o)
                0x000000000000cf9c                packetbuf_clear
 .text.packetbuf_copyfrom
                0x000000000000cfae       0x2e contiki-sky.a(packetbuf.o)
                0x000000000000cfae                packetbuf_copyfrom
 .text.packetbuf_attr_copyto
                0x000000000000cfdc       0x22 contiki-sky.a(packetbuf.o)
                0x000000000000cfdc                packetbuf_attr_copyto
 .text.packetbuf_attr_copyfrom
                0x000000000000cffe       0x24 contiki-sky.a(packetbuf.o)
                0x000000000000cffe                packetbuf_attr_copyfrom
 .text.packetbuf_holds_broadcast
                0x000000000000d022        0xe contiki-sky.a(packetbuf.o)
                0x000000000000d022                packetbuf_holds_broadcast
 .text.queuebuf_init
                0x000000000000d030       0x12 contiki-sky.a(queuebuf.o)
                0x000000000000d030                queuebuf_init
 .text.queuebuf_numfree
                0x000000000000d042        0xa contiki-sky.a(queuebuf.o)
                0x000000000000d042                queuebuf_numfree
 .text.queuebuf_new_from_packetbuf
                0x000000000000d04c       0x52 contiki-sky.a(queuebuf.o)
                0x000000000000d04c                queuebuf_new_from_packetbuf
 .text.queuebuf_update_attr_from_packetbuf
                0x000000000000d09e       0x12 contiki-sky.a(queuebuf.o)
                0x000000000000d09e                queuebuf_update_attr_from_packetbuf
 .text.queuebuf_update_from_packetbuf
                0x000000000000d0b0       0x22 contiki-sky.a(queuebuf.o)
                0x000000000000d0b0                queuebuf_update_from_packetbuf
 .text.queuebuf_free
                0x000000000000d0d2       0x2a contiki-sky.a(queuebuf.o)
                0x000000000000d0d2                queuebuf_free
 .text.queuebuf_to_packetbuf
                0x000000000000d0fc       0x32 contiki-sky.a(queuebuf.o)
                0x000000000000d0fc                queuebuf_to_packetbuf
 .text.queuebuf_attr
                0x000000000000d12e        0xe contiki-sky.a(queuebuf.o)
                0x000000000000d12e                queuebuf_attr
 .text.duty_cycle
                0x000000000000d13c        0x4 contiki-sky.a(contikimac.o)
 .text.init     0x000000000000d140       0x2a contiki-sky.a(contikimac.o)
 .text.on       0x000000000000d16a       0x1a contiki-sky.a(contikimac.o)
 .text.off      0x000000000000d184       0x22 contiki-sky.a(contikimac.o)
 .text.recv_burst_off
                0x000000000000d1a6        0xa contiki-sky.a(contikimac.o)
 .text.turn_off
                0x000000000000d1b0       0x20 contiki-sky.a(contikimac.o)
 .text.turn_on  0x000000000000d1d0       0x30 contiki-sky.a(contikimac.o)
 .text.schedule_powercycle_fixed.part.4
                0x000000000000d200       0x32 contiki-sky.a(contikimac.o)
 .text.powercycle_turn_radio_off
                0x000000000000d232       0x30 contiki-sky.a(contikimac.o)
 .text.input_packet
                0x000000000000d262       0xb6 contiki-sky.a(contikimac.o)
 .text.send_packet.isra.8
                0x000000000000d318      0x20c contiki-sky.a(contikimac.o)
 .text.qsend_list
                0x000000000000d524       0xc6 contiki-sky.a(contikimac.o)
 .text.qsend_packet
                0x000000000000d5ea       0x28 contiki-sky.a(contikimac.o)
 .text.powercycle_wrapper
                0x000000000000d612      0x1ca contiki-sky.a(contikimac.o)
 .text.init     0x000000000000d7dc        0x2 contiki-sky.a(nullsec.o)
 .text.send     0x000000000000d7de        0xa contiki-sky.a(nullsec.o)
 .text.input    0x000000000000d7e8        0x6 contiki-sky.a(nullsec.o)
 .text.value    0x000000000000d7ee        0x8 contiki-sky.a(wur.o)
 .text.status   0x000000000000d7f6       0x14 contiki-sky.a(wur.o)
 .text.configure
                0x000000000000d80a       0x36 contiki-sky.a(wur.o)
 .text.irq_p2   0x000000000000d840       0x78 contiki-sky.a(wur.o)
                0x000000000000d840                irq_p2
                0x000000000000d840                __isr_1
 .text.spi_init
                0x000000000000d8b8       0x30 contiki-sky.a(spi.o)
                0x000000000000d8b8                spi_init
 .text.compower_accumulate
                0x000000000000d8e8       0x72 contiki-sky.a(compower.o)
                0x000000000000d8e8                compower_accumulate
 .text.compower_clear
                0x000000000000d95a       0x12 contiki-sky.a(compower.o)
                0x000000000000d95a                compower_clear
 .text.compower_attrconv
                0x000000000000d96c       0x10 contiki-sky.a(compower.o)
                0x000000000000d96c                compower_attrconv
 .text.stimer_set
                0x000000000000d97c       0x1c contiki-sky.a(stimer.o)
                0x000000000000d97c                stimer_set
 .text.stimer_expired
                0x000000000000d998       0x30 contiki-sky.a(stimer.o)
                0x000000000000d998                stimer_expired
 .text.memb_init
                0x000000000000d9c8       0x36 contiki-sky.a(memb.o)
                0x000000000000d9c8                memb_init
 .text.memb_alloc
                0x000000000000d9fe       0x3e contiki-sky.a(memb.o)
                0x000000000000d9fe                memb_alloc
 .text.memb_free
                0x000000000000da3c       0x3a contiki-sky.a(memb.o)
                0x000000000000da3c                memb_free
 .text.memb_inmemb
                0x000000000000da76       0x2a contiki-sky.a(memb.o)
                0x000000000000da76                memb_inmemb
 .text.memb_numfree
                0x000000000000daa0       0x26 contiki-sky.a(memb.o)
                0x000000000000daa0                memb_numfree
 .text.uip_ds6_route_init
                0x000000000000dac6       0x12 contiki-sky.a(uip-ds6-route.o)
                0x000000000000dac6                uip_ds6_route_init
 .text.uip_ds6_route_nexthop
                0x000000000000dad8        0x4 contiki-sky.a(uip-ds6-route.o)
                0x000000000000dad8                uip_ds6_route_nexthop
 .text.uip_ds6_route_is_nexthop
                0x000000000000dadc        0x4 contiki-sky.a(uip-ds6-route.o)
                0x000000000000dadc                uip_ds6_route_is_nexthop
 .text.uip_ds6_route_lookup
                0x000000000000dae0        0x4 contiki-sky.a(uip-ds6-route.o)
                0x000000000000dae0                uip_ds6_route_lookup
 .text.uip_ds6_route_rm
                0x000000000000dae4        0x2 contiki-sky.a(uip-ds6-route.o)
                0x000000000000dae4                uip_ds6_route_rm
 .text.uip_ds6_defrt_rm
                0x000000000000dae6       0x3c contiki-sky.a(uip-ds6-route.o)
                0x000000000000dae6                uip_ds6_defrt_rm
 .text.uip_ds6_defrt_lookup
                0x000000000000db22       0x36 contiki-sky.a(uip-ds6-route.o)
                0x000000000000db22                uip_ds6_defrt_lookup
 .text.uip_ds6_defrt_add
                0x000000000000db58       0x6a contiki-sky.a(uip-ds6-route.o)
                0x000000000000db58                uip_ds6_defrt_add
 .text.uip_ds6_defrt_choose
                0x000000000000dbc2       0x3a contiki-sky.a(uip-ds6-route.o)
                0x000000000000dbc2                uip_ds6_defrt_choose
 .text.uip_ds6_defrt_periodic
                0x000000000000dbfc       0x38 contiki-sky.a(uip-ds6-route.o)
                0x000000000000dbfc                uip_ds6_defrt_periodic
 .text.echo_reply_input
                0x000000000000dc34       0xb2 contiki-sky.a(uip-icmp6.o)
 .text.echo_request_input
                0x000000000000dce6       0xce contiki-sky.a(uip-icmp6.o)
 .text.uip_icmp6_input
                0x000000000000ddb4       0x48 contiki-sky.a(uip-icmp6.o)
                0x000000000000ddb4                uip_icmp6_input
 .text.uip_icmp6_register_input_handler
                0x000000000000ddfc        0xc contiki-sky.a(uip-icmp6.o)
                0x000000000000ddfc                uip_icmp6_register_input_handler
 .text.uip_icmp6_error_output
                0x000000000000de08      0x184 contiki-sky.a(uip-icmp6.o)
                0x000000000000de08                uip_icmp6_error_output
 .text.uip_icmp6_send
                0x000000000000df8c       0x98 contiki-sky.a(uip-icmp6.o)
                0x000000000000df8c                uip_icmp6_send
 .text.uip_icmp6_init
                0x000000000000e024       0x12 contiki-sky.a(uip-icmp6.o)
                0x000000000000e024                uip_icmp6_init
 .text.uip_nd6_init
                0x000000000000e036        0x2 contiki-sky.a(uip-nd6.o)
                0x000000000000e036                uip_nd6_init
 .text.update_nbr
                0x000000000000e038       0xe6 contiki-sky.a(rpl-nbr-policy.)
 .text.handle_periodic_timer
                0x000000000000e11e        0xe contiki-sky.a(rpl-nbr-policy.)
 .text.find_removable_dis
                0x000000000000e12c       0x16 contiki-sky.a(rpl-nbr-policy.)
                0x000000000000e12c                find_removable_dis
 .text.find_removable_dio
                0x000000000000e142       0x3e contiki-sky.a(rpl-nbr-policy.)
                0x000000000000e142                find_removable_dio
 .text.find_removable_dao
                0x000000000000e180       0x34 contiki-sky.a(rpl-nbr-policy.)
                0x000000000000e180                find_removable_dao
 .text.rpl_nbr_policy_find_removable
                0x000000000000e1b4       0x30 contiki-sky.a(rpl-nbr-policy.)
                0x000000000000e1b4                rpl_nbr_policy_find_removable
 .text.frame802154_get_pan_id
                0x000000000000e1e4        0x6 contiki-sky.a(frame802154.o)
                0x000000000000e1e4                frame802154_get_pan_id
 .text.frame802154_has_panid
                0x000000000000e1ea       0x64 contiki-sky.a(frame802154.o)
                0x000000000000e1ea                frame802154_has_panid
 .text.field_len
                0x000000000000e24e       0xac contiki-sky.a(frame802154.o)
 .text.frame802154_is_broadcast_addr
                0x000000000000e2fa       0x28 contiki-sky.a(frame802154.o)
                0x000000000000e2fa                frame802154_is_broadcast_addr
 .text.frame802154_hdrlen
                0x000000000000e322       0x32 contiki-sky.a(frame802154.o)
                0x000000000000e322                frame802154_hdrlen
 .text.frame802154_create
                0x000000000000e354      0x16a contiki-sky.a(frame802154.o)
                0x000000000000e354                frame802154_create
 .text.frame802154_parse
                0x000000000000e4be      0x200 contiki-sky.a(frame802154.o)
                0x000000000000e4be                frame802154_parse
 .text.mac_sequence_is_duplicate
                0x000000000000e6be       0x44 contiki-sky.a(mac-sequence.o)
                0x000000000000e6be                mac_sequence_is_duplicate
 .text.mac_sequence_register_seqno
                0x000000000000e702       0x72 contiki-sky.a(mac-sequence.o)
                0x000000000000e702                mac_sequence_register_seqno
 .text.libgcc   0x000000000000e774       0x2c /opt/compilers/mspgcc-4.7.3/bin/../lib/gcc/msp430/4.7.3/mmpy-16/libgcc.a(_mulsi3.o)
                0x000000000000e774                __mulsi3
 .text.libgcc   0x000000000000e7a0       0x22 /opt/compilers/mspgcc-4.7.3/bin/../lib/gcc/msp430/4.7.3/mmpy-16/libgcc.a(_udivmod16.o)
                0x000000000000e7a0                __udivhi3
                0x000000000000e7a0                __ext_udivmod16
                0x000000000000e7ba                __umodhi3
 .text.libgcc   0x000000000000e7c2       0x3a /opt/compilers/mspgcc-4.7.3/bin/../lib/gcc/msp430/4.7.3/mmpy-16/libgcc.a(_divmod16.o)
                0x000000000000e7c2                __ext_divmod16
                0x000000000000e7c2                __divhi3
                0x000000000000e7f4                __modhi3
 .text.libgcc   0x000000000000e7fc       0x40 /opt/compilers/mspgcc-4.7.3/bin/../lib/gcc/msp430/4.7.3/mmpy-16/libgcc.a(_udivmod32.o)
                0x000000000000e7fc                __udivsi3
                0x000000000000e7fc                __ext_udivmod32
                0x000000000000e832                __umodsi3
 .text.libgcc   0x000000000000e83c       0x4c /opt/compilers/mspgcc-4.7.3/bin/../lib/gcc/msp430/4.7.3/mmpy-16/libgcc.a(_divmod32.o)
                0x000000000000e83c                __ext_divmod32
                0x000000000000e83c                __divsi3
                0x000000000000e87e                __modsi3
 .text.printf   0x000000000000e888       0x10 /opt/compilers/mspgcc-4.7.3/bin/../lib/gcc/msp430/4.7.3/../../../../msp430/lib/mmpy-16/libc.a(printf.o)
                0x000000000000e888                printf
 .text.append   0x000000000000e898       0x22 /opt/compilers/mspgcc-4.7.3/bin/../lib/gcc/msp430/4.7.3/../../../../msp430/lib/mmpy-16/libc.a(sprintf.o)
 .text.call_vuprintf
                0x000000000000e8ba       0x3a /opt/compilers/mspgcc-4.7.3/bin/../lib/gcc/msp430/4.7.3/../../../../msp430/lib/mmpy-16/libc.a(sprintf.o)
 .text.snprintf
                0x000000000000e8f4       0x1a /opt/compilers/mspgcc-4.7.3/bin/../lib/gcc/msp430/4.7.3/../../../../msp430/lib/mmpy-16/libc.a(sprintf.o)
                0x000000000000e8f4                snprintf
 .text.print_field
                0x000000000000e90e      0x194 /opt/compilers/mspgcc-4.7.3/bin/../lib/gcc/msp430/4.7.3/../../../../msp430/lib/mmpy-16/libc.a(vuprintf.o)
 .text.vuprintf
                0x000000000000eaa2      0x63e /opt/compilers/mspgcc-4.7.3/bin/../lib/gcc/msp430/4.7.3/../../../../msp430/lib/mmpy-16/libc.a(vuprintf.o)
                0x000000000000eaa2                vuprintf
 .text.puts     0x000000000000f0e0       0x2c /opt/compilers/mspgcc-4.7.3/bin/../lib/gcc/msp430/4.7.3/../../../../msp430/lib/mmpy-16/libc.a(puts.o)
                0x000000000000f0e0                puts
 .text.rand     0x000000000000f10c       0x26 /opt/compilers/mspgcc-4.7.3/bin/../lib/gcc/msp430/4.7.3/../../../../msp430/lib/mmpy-16/libc.a(rand.o)
                0x000000000000f10c                rand
 .text.srand    0x000000000000f132        0xa /opt/compilers/mspgcc-4.7.3/bin/../lib/gcc/msp430/4.7.3/../../../../msp430/lib/mmpy-16/libc.a(rand.o)
                0x000000000000f132                srand
 .text.memcmp   0x000000000000f13c       0x30 /opt/compilers/mspgcc-4.7.3/bin/../lib/gcc/msp430/4.7.3/../../../../msp430/lib/mmpy-16/libc.a(memcmp.o)
                0x000000000000f13c                memcmp
 .text.memcpy   0x000000000000f16c       0xfa /opt/compilers/mspgcc-4.7.3/bin/../lib/gcc/msp430/4.7.3/../../../../msp430/lib/mmpy-16/libc.a(memcpy.o)
                0x000000000000f16c                memcpy
 .text.memmove  0x000000000000f266       0xfa /opt/compilers/mspgcc-4.7.3/bin/../lib/gcc/msp430/4.7.3/../../../../msp430/lib/mmpy-16/libc.a(memmove.o)
                0x000000000000f266                memmove
 .text.memset   0x000000000000f360       0x6a /opt/compilers/mspgcc-4.7.3/bin/../lib/gcc/msp430/4.7.3/../../../../msp430/lib/mmpy-16/libc.a(memset.o)
                0x000000000000f360                memset
 .text.libgcc   0x000000000000f3ca       0xf0 /opt/compilers/mspgcc-4.7.3/bin/../lib/gcc/msp430/4.7.3/mmpy-16/libgcc.a(_udivmod64.o)
                0x000000000000f3ca                __xabi_udivmod64
                0x000000000000f428                __udivdi3
                0x000000000000f44e                __umoddi3
                0x000000000000f47c                __udivmoddi4
 .text.crt0     0x000000000000f4ba        0x2 /opt/compilers/mspgcc-4.7.3/bin/../lib/gcc/msp430/4.7.3/mmpy-16/libcrt0.a(_unexpected_.o)
                0x000000000000f4ba                _unexpected_
 *(.near.text .near.text.*)

.rodata         0x000000000000f4bc      0x793
                0x000000000000f4bc                . = ALIGN (0x2)
 *(.rodata .rodata.* .gnu.linkonce.r.*)
 .rodata        0x000000000000f4bc      0x528 example-contikimac-rpl-30.co
                0x000000000000f9c8                autostart_processes
 .rodata        0x000000000000f9e4      0x124 obj_sky/contiki-sky-main.o
 .rodata        0x000000000000fb08        0x8 contiki-sky.a(sensors.o)
 .rodata.get_value
                0x000000000000fb10       0x24 contiki-sky.a(cc2420.o)
 .rodata.set_value
                0x000000000000fb34       0x10 contiki-sky.a(cc2420.o)
 .rodata        0x000000000000fb44       0x3e contiki-sky.a(cc2420.o)
                0x000000000000fb44                cc2420_aes_128_driver
                0x000000000000fb48                cc2420_driver
 .rodata        0x000000000000fb82        0xf contiki-sky.a(ctimer.o)
 .rodata        0x000000000000fb91        0xc contiki-sky.a(etimer.o)
 *fill*         0x000000000000fb9d        0x1 00
 .rodata        0x000000000000fb9e       0x24 contiki-sky.a(sicslowpan.o)
                0x000000000000fbaa                sicslowpan_driver
                0x000000000000fbb0                llprefix
                0x000000000000fbb2                unc_mxconf
                0x000000000000fbb6                unc_ctxconf
                0x000000000000fbba                unc_llconf
 .rodata        0x000000000000fbc2       0x13 contiki-sky.a(simple-udp.o)
 .rodata        0x000000000000fbd5        0xd contiki-sky.a(tcpip.o)
 .rodata        0x000000000000fbe2       0x14 contiki-sky.a(csma.o)
                0x000000000000fbe8                csma_driver
 .rodata        0x000000000000fbf6        0x6 contiki-sky.a(framer-802154.o)
                0x000000000000fbf6                framer_802154
 .rodata        0x000000000000fbfc        0x8 contiki-sky.a(linkaddr.o)
                0x000000000000fbfc                linkaddr_null
 .rodata        0x000000000000fc04       0x1c contiki-sky.a(contikimac.o)
                0x000000000000fc10                contikimac_driver
 .rodata        0x000000000000fc20       0x10 contiki-sky.a(nullsec.o)
                0x000000000000fc28                nullsec_driver
 .rodata        0x000000000000fc30       0x16 contiki-sky.a(wur.o)
                0x000000000000fc3e                wur_sensor
 .rodata        0x000000000000fc46        0x2 contiki-sky.a(frame802154.o)
 .rodata.vuprintf
                0x000000000000fc48        0x7 /opt/compilers/mspgcc-4.7.3/bin/../lib/gcc/msp430/4.7.3/../../../../msp430/lib/mmpy-16/libc.a(vuprintf.o)
 *(.near.rodata .near.rodata.*)
                0x000000000000fc50                . = ALIGN (0x2)
                0x000000000000fc50                _etext = .

.data           0x0000000000001100       0xea load address 0x000000000000fc50
                0x0000000000001100                . = ALIGN (0x2)
                0x0000000000001100                __data_start = .
 *(.data .data.* .gnu.linkonce.d.*)
 .data          0x0000000000001100        0xc example-contikimac-rpl-30.co
                0x0000000000001100                waco_rpl_process
 .data          0x000000000000110c        0xa contiki-sky.a(sensors.o)
                0x000000000000110c                sensors_process
 .data          0x0000000000001116        0xc contiki-sky.a(cc2420.o)
                0x0000000000001116                cc2420_process
 .data          0x0000000000001122        0x2 contiki-sky.a(msp430.o)
 .data          0x0000000000001124        0xa contiki-sky.a(ctimer.o)
                0x0000000000001124                ctimer_process
 .data          0x000000000000112e        0xa contiki-sky.a(etimer.o)
                0x000000000000112e                etimer_process
 .data          0x0000000000001138        0xa contiki-sky.a(uip-ds6-nbr.o)
                0x0000000000001138                ds6_neighbors
 .data          0x0000000000001142        0xa contiki-sky.a(simple-udp.o)
                0x0000000000001142                simple_udp_process
 .data          0x000000000000114c        0xa contiki-sky.a(tcpip.o)
                0x000000000000114c                tcpip_process
 .data          0x0000000000001156        0xa contiki-sky.a(rpl-dag.o)
                0x0000000000001156                rpl_parents
 .data          0x0000000000001160       0x1a contiki-sky.a(rpl-icmp6.o)
 .data          0x000000000000117a       0x12 contiki-sky.a(rpl-mrhof.o)
                0x000000000000117a                rpl_mrhof
 .data          0x000000000000118c        0x8 contiki-sky.a(rpl-ns.o)
 .data          0x0000000000001194       0x18 contiki-sky.a(csma.o)
 .data          0x00000000000011ac        0x8 contiki-sky.a(link-stats.o)
 .data          0x00000000000011b4        0x8 contiki-sky.a(nbr-table.o)
 .data          0x00000000000011bc       0x10 contiki-sky.a(queuebuf.o)
 .data          0x00000000000011cc        0x4 contiki-sky.a(wur.o)
                0x00000000000011cc                sensors
 .data          0x00000000000011d0        0x8 contiki-sky.a(uip-ds6-route.o)
 .data          0x00000000000011d8        0xc contiki-sky.a(uip-icmp6.o)
 .data          0x00000000000011e4        0x2 contiki-sky.a(frame802154.o)
 .data.next     0x00000000000011e6        0x4 /opt/compilers/mspgcc-4.7.3/bin/../lib/gcc/msp430/4.7.3/../../../../msp430/lib/mmpy-16/libc.a(rand.o)
 *(.near.data .near.data.*)
                0x00000000000011ea                . = ALIGN (0x2)
                0x00000000000011ea                _edata = .
                0x000000000000fc50                __data_load_start = LOADADDR (.data)
                0x00000000000000ea                __data_size = SIZEOF (.data)

.bss            0x00000000000011ea     0x24ec load address 0x000000000000fd3a
                0x00000000000011ea                __bss_start = .
 *(.bss .bss.*)
 .bss           0x00000000000011ea      0x498 example-contikimac-rpl-30.co
 .bss           0x0000000000001682        0xc obj_sky/contiki-sky-main.o
 .bss           0x000000000000168e        0x2 contiki-sky.a(node-id.o)
                0x000000000000168e                node_id
 .bss           0x0000000000001690        0x6 contiki-sky.a(sensors.o)
 .bss           0x0000000000001696        0xa contiki-sky.a(cc2420.o)
 .bss           0x00000000000016a0       0x9a contiki-sky.a(uart1.o)
 .bss           0x000000000000173a        0xa contiki-sky.a(clock.o)
 .bss           0x0000000000001744        0x1 contiki-sky.a(leds.o)
 *fill*         0x0000000000001745        0x1 00
 .bss           0x0000000000001746        0x2 contiki-sky.a(watchdog.o)
 .bss           0x0000000000001748        0x4 contiki-sky.a(ctimer.o)
 .bss           0x000000000000174c        0x6 contiki-sky.a(etimer.o)
 .bss           0x0000000000001752       0x38 contiki-sky.a(process.o)
                0x0000000000001752                process_current
                0x0000000000001754                process_list
 .bss           0x000000000000178a        0x2 contiki-sky.a(rtimer.o)
 .bss           0x000000000000178c      0x6e6 contiki-sky.a(sicslowpan.o)
 .bss           0x0000000000001e72      0x120 contiki-sky.a(uip-ds6-nbr.o)
 .bss           0x0000000000001f92       0x18 contiki-sky.a(uip-ds6.o)
 .bss           0x0000000000001faa        0x6 contiki-sky.a(uip6.o)
                0x0000000000001faa                uip_ext_opt_offset
                0x0000000000001fab                uip_ext_len
                0x0000000000001fac                uip_ext_bitmap
 .bss           0x0000000000001fb0       0xf1 contiki-sky.a(simple-udp.o)
 *fill*         0x00000000000020a1        0x1 00
 .bss           0x00000000000020a2        0xe contiki-sky.a(tcpip.o)
 .bss           0x00000000000020b0       0x60 contiki-sky.a(rpl-dag.o)
 .bss           0x0000000000002110      0x180 contiki-sky.a(rpl-ns.o)
 .bss           0x0000000000002290       0x18 contiki-sky.a(rpl-timers.o)
 .bss           0x00000000000022a8        0x2 contiki-sky.a(rpl.o)
 .bss           0x00000000000022aa      0x130 contiki-sky.a(csma.o)
 .bss           0x00000000000023da        0x2 contiki-sky.a(framer-802154.o)
 .bss           0x00000000000023dc       0xa0 contiki-sky.a(link-stats.o)
 .bss           0x000000000000247c       0xe4 contiki-sky.a(nbr-table.o)
 .bss           0x0000000000002560       0x86 contiki-sky.a(packetbuf.o)
 .bss           0x00000000000025e6      0xb40 contiki-sky.a(queuebuf.o)
 .bss           0x0000000000003126       0x32 contiki-sky.a(contikimac.o)
 .bss           0x0000000000003158        0x8 contiki-sky.a(compower.o)
 .bss           0x0000000000003160       0x3c contiki-sky.a(uip-ds6-route.o)
 .bss           0x000000000000319c       0x14 contiki-sky.a(uip-icmp6.o)
 .bss           0x00000000000031b0       0x20 contiki-sky.a(rpl-nbr-policy.)
 .bss           0x00000000000031d0       0xa0 contiki-sky.a(mac-sequence.o)
 .bss.destination_
                0x0000000000003270        0x2 /opt/compilers/mspgcc-4.7.3/bin/../lib/gcc/msp430/4.7.3/../../../../msp430/lib/mmpy-16/libc.a(sprintf.o)
 .bss.available_
                0x0000000000003272        0x2 /opt/compilers/mspgcc-4.7.3/bin/../lib/gcc/msp430/4.7.3/../../../../msp430/lib/mmpy-16/libc.a(sprintf.o)
 *(.near.bss .near.bss.*)
 *(COMMON)
 COMMON         0x0000000000003274        0x8 contiki-sky.a(ds2411.o)
                0x0000000000003274                ds2411_id
 COMMON         0x000000000000327c        0x1 contiki-sky.a(sensors.o)
                0x000000000000327c                sensors_event
 *fill*         0x000000000000327d        0x1 00
 COMMON         0x000000000000327e       0x10 contiki-sky.a(cc2420.o)
                0x000000000000327e                cc2420_last_rssi
                0x0000000000003280                cc2420_sfd_start_time
                0x0000000000003282                cc2420_time_of_departure
                0x0000000000003284                cc2420_time_of_arrival
                0x0000000000003286                cc2420_last_correlation
                0x0000000000003288                cc2420_authority_level_of_sender
                0x000000000000328a                cc2420_sfd_counter
                0x000000000000328c                cc2420_sfd_end_time
 COMMON         0x000000000000328e        0x2 contiki-sky.a(msp430.o)
                0x000000000000328e                msp430_dco_required
 COMMON         0x0000000000003290       0x56 contiki-sky.a(energest.o)
                0x0000000000003290                energest_total_time
                0x00000000000032c0                energest_total_count
                0x00000000000032c2                energest_current_mode
                0x00000000000032ce                energest_current_time
 COMMON         0x00000000000032e6        0x1 contiki-sky.a(process.o)
                0x00000000000032e6                process_maxevents
 *fill*         0x00000000000032e7        0x1 00
 COMMON         0x00000000000032e8      0x15c contiki-sky.a(uip-ds6.o)
                0x00000000000032e8                uip_ds6_timer_ra
                0x00000000000032f0                uip_ds6_if
                0x00000000000033dc                uip_ds6_netif_addr_list_offset
                0x00000000000033dd                uip_ds6_addr_size
                0x00000000000033de                uip_ds6_prefix_list
                0x0000000000003438                uip_ds6_timer_periodic
 COMMON         0x0000000000003444      0x13c contiki-sky.a(uip6.o)
                0x0000000000003444                uip_len
                0x0000000000003446                uip_sappdata
                0x0000000000003448                uip_lladdr
                0x0000000000003450                uip_aligned_buf
                0x0000000000003540                uip_flags
                0x0000000000003542                uip_next_hdr
                0x0000000000003544                uip_udp_conn
                0x0000000000003546                uip_appdata
                0x0000000000003548                uip_conn
                0x000000000000354a                uip_slen
                0x000000000000354c                uip_udp_conns
 COMMON         0x0000000000003580        0x1 contiki-sky.a(tcpip.o)
                0x0000000000003580                tcpip_event
 *fill*         0x0000000000003581        0x1 00
 COMMON         0x0000000000003582      0x100 contiki-sky.a(rpl-dag.o)
                0x0000000000003582                default_instance
                0x0000000000003584                instance_table
 COMMON         0x0000000000003682       0x14 contiki-sky.a(link-stats.o)
                0x0000000000003682                periodic_timer
 COMMON         0x0000000000003696        0x8 contiki-sky.a(linkaddr.o)
                0x0000000000003696                linkaddr_node_addr
 COMMON         0x000000000000369e       0x2e contiki-sky.a(packetbuf.o)
                0x000000000000369e                packetbuf_addrs
                0x00000000000036ae                packetbuf_attrs
 COMMON         0x00000000000036cc        0x2 contiki-sky.a(wur.o)
                0x00000000000036cc                sensors_flags
 COMMON         0x00000000000036ce        0x8 contiki-sky.a(compower.o)
                0x00000000000036ce                compower_idle_activity
                0x00000000000036d6                . = ALIGN (0x2)
                0x00000000000036d6                __bss_end = .
                0x00000000000024ec                __bss_size = SIZEOF (.bss)

.noinit         0x00000000000036d6        0x2 load address 0x000000000000fd3a
                0x00000000000036d6                . = ALIGN (0x2)